[1765934251239] [DEBUG] [ID:0] server: accepted connection from 127.0.0.1
[1765934251239] [DEBUG] [ID:0] server: accepted connection from 127.0.0.1
[1765934251289] [DEBUG] [ID:0] server: accepted connection from 127.0.0.1
[1765934251339] [DEBUG] [ID:0] server: accepted connection from 127.0.0.1
[1765934251389] [DEBUG] [ID:0] server: accepted connection from 127.0.0.1
[1765934251440] [DEBUG] [ID:0] server: accepted connection from 127.0.0.1
[1765934251490] [DEBUG] [ID:0] server: accepted connection from 127.0.0.1
[1765934251540] [DEBUG] [ID:0] server: accepted connection from 127.0.0.1
[1765934251590] [DEBUG] [ID:0] server: accepted connection from 127.0.0.1
[1765934251641] [DEBUG] [ID:0] server: accepted connection from 127.0.0.1
[1765934251691] [DEBUG] [ID:0] server: accepted connection from 127.0.0.1
[1765934251742] [DEBUG] [ID:0] server: accepted connection from 127.0.0.1
[1765934251792] [DEBUG] [ID:0] server: accepted connection from 127.0.0.1
[1765934251843] [DEBUG] [ID:0] server: accepted connection from 127.0.0.1
[1765934251893] [DEBUG] [ID:0] server: accepted connection from 127.0.0.1
[1765934251944] [DEBUG] [ID:0] server: accepted connection from 127.0.0.1
[1765934251994] [DEBUG] [ID:0] server: accepted connection from 127.0.0.1
[1765934252045] [DEBUG] [ID:0] server: accepted connection from 127.0.0.1
[1765934252095] [DEBUG] [ID:0] server: accepted connection from 127.0.0.1
[1765934252146] [DEBUG] [ID:1] Try to init: id: 1, cap: 4, is_vis: 0
[1765934252146] [DEBUG] [ID:0] server: accepted connection from 127.0.0.1
[1765934252147] [DEBUG] [ID:1] Client 1 joined as PLAYER
[1765934252147] [DEBUG] [ID:1] Client 2 joined as PLAYER
[1765934252197] [DEBUG] [ID:1] Client 3 joined as PLAYER
[1765934252197] [DEBUG] [ID:0] server: accepted connection from 127.0.0.1
[1765934252248] [DEBUG] [ID:1] Client 4 joined as PLAYER
[1765934252248] [DEBUG] [ID:0] server: accepted connection from 127.0.0.1
[1765934252298] [DEBUG] [ID:2] Try to init: id: 2, cap: 4, is_vis: 0
[1765934252298] [DEBUG] [ID:0] server: accepted connection from 127.0.0.1
[1765934252299] [DEBUG] [ID:2] Client 5 joined as PLAYER
[1765934252349] [DEBUG] [ID:2] Client 6 joined as PLAYER
[1765934252349] [DEBUG] [ID:0] server: accepted connection from 127.0.0.1
[1765934252399] [DEBUG] [ID:2] Client 7 joined as PLAYER
[1765934252399] [DEBUG] [ID:0] server: accepted connection from 127.0.0.1
[1765934252450] [DEBUG] [ID:2] Client 8 joined as PLAYER
[1765934252450] [DEBUG] [ID:0] server: accepted connection from 127.0.0.1
[1765934252450] [SESSION] [ID:1] START:0_59_1;1_11_3;2_91_1;3_103_2;
[1765934252500] [DEBUG] [ID:3] Try to init: id: 3, cap: 4, is_vis: 0
[1765934252501] [DEBUG] [ID:0] server: accepted connection from 127.0.0.1
[1765934252501] [DEBUG] [ID:3] Client 9 joined as PLAYER
[1765934252551] [DEBUG] [ID:3] Client 10 joined as PLAYER
[1765934252552] [DEBUG] [ID:0] server: accepted connection from 127.0.0.1
[1765934252602] [DEBUG] [ID:3] Client 11 joined as PLAYER
[1765934252602] [SESSION] [ID:2] START:0_32_1;1_85_2;2_16_2;3_83_5;
[1765934252602] [DEBUG] [ID:0] server: accepted connection from 127.0.0.1
[1765934252652] [DEBUG] [ID:3] Client 12 joined as PLAYER
[1765934252652] [DEBUG] [ID:0] server: accepted connection from 127.0.0.1
[1765934252703] [DEBUG] [ID:4] Try to init: id: 4, cap: 4, is_vis: 0
[1765934252703] [DEBUG] [ID:0] server: accepted connection from 127.0.0.1
[1765934252703] [DEBUG] [ID:4] Client 13 joined as PLAYER
[1765934252754] [SESSION] [ID:1] ACTION:1_62_2;2_104_3;3_94_1;4_61_1;
[1765934252754] [DEBUG] [ID:4] Client 14 joined as PLAYER
[1765934252754] [DEBUG] [ID:0] server: accepted connection from 127.0.0.1
[1765934252804] [DEBUG] [ID:4] Client 15 joined as PLAYER
[1765934252805] [DEBUG] [ID:0] server: accepted connection from 127.0.0.1
[1765934252805] [SESSION] [ID:3] START:0_9_1;1_74_2;2_98_2;3_54_3;
[1765934252855] [DEBUG] [ID:4] Client 16 joined as PLAYER
[1765934252855] [DEBUG] [ID:0] server: accepted connection from 127.0.0.1
[1765934252906] [DEBUG] [ID:5] Try to init: id: 5, cap: 4, is_vis: 0
[1765934252906] [SESSION] [ID:2] ACTION:5_43_5;6_84_1;7_90_3;8_35_3;
[1765934252906] [DEBUG] [ID:0] server: accepted connection from 127.0.0.1
[1765934252906] [DEBUG] [ID:5] Client 17 joined as PLAYER
[1765934252957] [DEBUG] [ID:5] Client 18 joined as PLAYER
[1765934252957] [DEBUG] [ID:0] server: accepted connection from 127.0.0.1
[1765934253007] [DEBUG] [ID:5] Client 19 joined as PLAYER
[1765934253007] [SESSION] [ID:4] START:0_61_1;1_12_2;2_36_4;3_87_3;
[1765934253007] [DEBUG] [ID:0] server: accepted connection from 127.0.0.1
[1765934253057] [SESSION] [ID:1] ACTION:1_96_2;2_16_4;3_97_5;4_98_1;
[1765934253057] [DEBUG] [ID:5] Client 20 joined as PLAYER
[1765934253058] [DEBUG] [ID:0] server: accepted connection from 127.0.0.1
[1765934253108] [DEBUG] [ID:6] Try to init: id: 6, cap: 4, is_vis: 0
[1765934253108] [SESSION] [ID:3] ACTION:9_11_5;10_78_1;11_101_2;12_99_2;
[1765934253108] [DEBUG] [ID:0] server: accepted connection from 127.0.0.1
[1765934253109] [DEBUG] [ID:6] Client 21 joined as PLAYER
[1765934253159] [DEBUG] [ID:6] Client 22 joined as PLAYER
[1765934253159] [DEBUG] [ID:0] server: accepted connection from 127.0.0.1
[1765934253209] [SESSION] [ID:2] ACTION:5_47_1;6_87_3;7_103_1;8_93_1;
[1765934253209] [DEBUG] [ID:6] Client 23 joined as PLAYER
[1765934253210] [SESSION] [ID:5] START:0_58_2;1_12_1;2_30_1;3_75_2;
[1765934253210] [DEBUG] [ID:0] server: accepted connection from 127.0.0.1
[1765934253260] [DEBUG] [ID:6] Client 24 joined as PLAYER
[1765934253260] [DEBUG] [ID:0] server: accepted connection from 127.0.0.1
[1765934253310] [DEBUG] [ID:7] Try to init: id: 7, cap: 4, is_vis: 0
[1765934253310] [SESSION] [ID:4] ACTION:13_92_2;14_65_2;15_16_2;16_43_5;
[1765934253311] [DEBUG] [ID:0] server: accepted connection from 127.0.0.1
[1765934253311] [DEBUG] [ID:7] Client 25 joined as PLAYER
[1765934253362] [SESSION] [ID:1] ACTION:1_18_2;2_17_1;3_65_4;4_70_2;
[1765934253362] [DEBUG] [ID:7] Client 26 joined as PLAYER
[1765934253362] [DEBUG] [ID:0] server: accepted connection from 127.0.0.1
[1765934253412] [SESSION] [ID:3] ACTION:9_104_4;10_67_2;11_81_1;12_16_3;
[1765934253412] [DEBUG] [ID:7] Client 27 joined as PLAYER
[1765934253413] [SESSION] [ID:6] START:0_16_2;1_85_3;2_52_1;3_101_3;
[1765934253413] [DEBUG] [ID:0] server: accepted connection from 127.0.0.1
[1765934253463] [DEBUG] [ID:7] Client 28 joined as PLAYER
[1765934253464] [DEBUG] [ID:0] server: accepted connection from 127.0.0.1
[1765934253514] [SESSION] [ID:2] ACTION:5_97_4;6_18_2;7_42_1;8_22_2;
[1765934253514] [DEBUG] [ID:8] Try to init: id: 8, cap: 4, is_vis: 0
[1765934253514] [SESSION] [ID:5] ACTION:17_34_1;18_31_4;19_13_5;20_15_1;
[1765934253515] [DEBUG] [ID:0] server: accepted connection from 127.0.0.1
[1765934253515] [DEBUG] [ID:8] Client 29 joined as PLAYER
[1765934253565] [DEBUG] [ID:8] Client 30 joined as PLAYER
[1765934253565] [DEBUG] [ID:0] server: accepted connection from 127.0.0.1
[1765934253616] [SESSION] [ID:4] ACTION:13_68_2;14_95_5;15_17_4;16_46_4;
[1765934253616] [DEBUG] [ID:8] Client 31 joined as PLAYER
[1765934253616] [SESSION] [ID:7] START:0_48_3;1_40_2;2_27_2;3_78_2;
[1765934253616] [DEBUG] [ID:0] server: accepted connection from 127.0.0.1
[1765934253667] [SESSION] [ID:1] ACTION:1_52_2;2_25_3;3_22_1;4_34_5;
[1765934253667] [DEBUG] [ID:8] Client 32 joined as PLAYER
[1765934253667] [DEBUG] [ID:0] server: accepted connection from 127.0.0.1
[1765934253718] [SESSION] [ID:3] ACTION:9_18_2;10_73_4;11_72_4;12_87_2;
[1765934253718] [DEBUG] [ID:9] Try to init: id: 9, cap: 4, is_vis: 0
[1765934253718] [SESSION] [ID:6] ACTION:21_89_2;22_102_5;23_18_2;24_92_2;
[1765934253718] [DEBUG] [ID:0] server: accepted connection from 127.0.0.1
[1765934253718] [DEBUG] [ID:9] Client 33 joined as PLAYER
[1765934253769] [DEBUG] [ID:9] Client 34 joined as PLAYER
[1765934253769] [DEBUG] [ID:0] server: accepted connection from 127.0.0.1
[1765934253819] [SESSION] [ID:2] ACTION:5_102_1;6_100_2;7_60_3;8_49_1;
[1765934253819] [SESSION] [ID:5] ACTION:17_35_3;18_16_3;19_37_4;20_36_2;
[1765934253819] [DEBUG] [ID:9] Client 35 joined as PLAYER
[1765934253819] [SESSION] [ID:8] START:0_96_3;1_91_1;2_3_4;3_84_4;
[1765934253820] [DEBUG] [ID:0] server: accepted connection from 127.0.0.1
[1765934253870] [DEBUG] [ID:9] Client 36 joined as PLAYER
[1765934253871] [DEBUG] [ID:0] server: accepted connection from 127.0.0.1
[1765934253921] [SESSION] [ID:4] ACTION:13_48_3;14_75_4;15_19_3;16_70_1;
[1765934253921] [DEBUG] [ID:10] Try to init: id: 10, cap: 4, is_vis: 0
[1765934253921] [SESSION] [ID:7] ACTION:25_79_2;26_42_1;27_29_1;28_30_2;
[1765934253921] [DEBUG] [ID:0] server: accepted connection from 127.0.0.1
[1765934253922] [DEBUG] [ID:10] Client 37 joined as PLAYER
[1765934253972] [SESSION] [ID:1] ACTION:1_55_2;2_56_1;3_60_5;4_57_1;
[1765934253972] [DEBUG] [ID:10] Client 38 joined as PLAYER
[1765934253972] [DEBUG] [ID:0] server: accepted connection from 127.0.0.1
[1765934254023] [SESSION] [ID:3] ACTION:9_23_2;10_95_1;11_88_3;12_39_2;
[1765934254023] [SESSION] [ID:6] ACTION:21_23_1;22_21_3;23_104_3;24_96_3;
[1765934254023] [DEBUG] [ID:10] Client 39 joined as PLAYER
[1765934254023] [SESSION] [ID:9] START:0_2_2;1_51_2;2_49_1;3_31_3;
[1765934254023] [DEBUG] [ID:0] server: accepted connection from 127.0.0.1
[1765934254073] [DEBUG] [ID:10] Client 40 joined as PLAYER
[1765934254073] [DEBUG] [ID:0] server: accepted connection from 127.0.0.1
[1765934254124] [SESSION] [ID:2] ACTION:5_70_1;6_92_1;7_66_2;8_73_1;
[1765934254124] [SESSION] [ID:5] ACTION:17_42_1;18_79_5;19_41_2;20_81_4;
[1765934254124] [DEBUG] [ID:11] Try to init: id: 11, cap: 4, is_vis: 0
[1765934254124] [SESSION] [ID:8] ACTION:29_99_4;30_6_1;31_93_3;32_94_1;
[1765934254124] [DEBUG] [ID:11] Client 41 joined as PLAYER
[1765934254124] [DEBUG] [ID:0] server: accepted connection from 127.0.0.1
[1765934254175] [DEBUG] [ID:11] Client 42 joined as PLAYER
[1765934254175] [DEBUG] [ID:0] server: accepted connection from 127.0.0.1
[1765934254225] [SESSION] [ID:4] ACTION:13_100_3;14_66_3;15_25_1;16_102_2;
[1765934254225] [SESSION] [ID:7] ACTION:25_49_4;26_54_2;27_33_5;28_87_1;
[1765934254226] [SESSION] [ID:10] START:0_69_5;1_65_3;2_88_3;3_26_3;
[1765934254226] [DEBUG] [ID:11] Client 43 joined as PLAYER
[1765934254226] [DEBUG] [ID:0] server: accepted connection from 127.0.0.1
[1765934254276] [SESSION] [ID:1] ACTION:1_69_1;2_77_1;3_99_2;4_71_3;
[1765934254276] [DEBUG] [ID:11] Client 44 joined as PLAYER
[1765934254277] [DEBUG] [ID:0] server: accepted connection from 127.0.0.1
[1765934254327] [SESSION] [ID:3] ACTION:9_42_4;10_40_1;11_46_5;12_47_1;
[1765934254327] [SESSION] [ID:6] ACTION:21_57_1;22_66_4;23_58_1;24_97_3;
[1765934254327] [SESSION] [ID:9] ACTION:33_35_4;34_56_1;35_7_4;36_32_3;
[1765934254327] [DEBUG] [ID:12] Try to init: id: 12, cap: 4, is_vis: 0
[1765934254328] [DEBUG] [ID:0] server: accepted connection from 127.0.0.1
[1765934254328] [DEBUG] [ID:12] Client 45 joined as PLAYER
[1765934254378] [DEBUG] [ID:12] Client 46 joined as PLAYER
[1765934254378] [DEBUG] [ID:0] server: accepted connection from 127.0.0.1
[1765934254429] [SESSION] [ID:2] ACTION:5_77_5;6_58_3;7_69_1;8_57_5;
[1765934254429] [SESSION] [ID:5] ACTION:17_64_2;18_82_1;19_85_2;20_47_4;
[1765934254429] [SESSION] [ID:8] ACTION:29_103_2;30_14_2;31_88_5;32_95_3;
[1765934254429] [DEBUG] [ID:12] Client 47 joined as PLAYER
[1765934254429] [SESSION] [ID:11] START:0_84_1;1_74_2;2_103_1;3_99_4;
[1765934254429] [DEBUG] [ID:0] server: accepted connection from 127.0.0.1
[1765934254480] [DEBUG] [ID:12] Client 48 joined as PLAYER
[1765934254480] [DEBUG] [ID:0] server: accepted connection from 127.0.0.1
[1765934254530] [SESSION] [ID:4] ACTION:13_93_2;14_83_1;15_54_1;16_74_3;
[1765934254530] [SESSION] [ID:7] ACTION:25_47_1;26_92_2;27_88_1;28_97_4;
[1765934254530] [SESSION] [ID:10] ACTION:37_71_2;38_92_1;39_96_1;40_66_4;
[1765934254531] [DEBUG] [ID:13] Try to init: id: 13, cap: 4, is_vis: 0
[1765934254531] [DEBUG] [ID:0] server: accepted connection from 127.0.0.1
[1765934254531] [DEBUG] [ID:13] Client 49 joined as PLAYER
[1765934254582] [SESSION] [ID:1] ACTION:1_76_2;2_79_1;3_100_3;4_83_2;
[1765934254582] [DEBUG] [ID:13] Client 50 joined as PLAYER
[1765934254582] [DEBUG] [ID:0] server: accepted connection from 127.0.0.1
[1765934254632] [SESSION] [ID:3] ACTION:9_97_3;10_96_4;11_77_1;12_1_3;
[1765934254632] [SESSION] [ID:6] ACTION:21_25_1;22_27_4;23_26_3;24_29_1;
[1765934254632] [SESSION] [ID:9] ACTION:33_37_4;34_11_1;35_9_5;36_52_1;
[1765934254633] [SESSION] [ID:12] START:0_46_1;1_68_3;2_36_3;3_28_5;
[1765934254633] [DEBUG] [ID:13] Client 51 joined as PLAYER
[1765934254633] [DEBUG] [ID:0] server: accepted connection from 127.0.0.1
[1765934254684] [DEBUG] [ID:13] Client 52 joined as PLAYER
[1765934254684] [DEBUG] [ID:0] server: accepted connection from 127.0.0.1
[1765934254734] [SESSION] [ID:2] ACTION:5_10_3;6_26_3;7_78_2;8_12_3;
[1765934254734] [SESSION] [ID:5] ACTION:17_67_2;18_68_2;19_69_5;20_74_2;
[1765934254734] [SESSION] [ID:8] ACTION:29_37_3;30_15_3;31_32_1;32_90_2;
[1765934254734] [SESSION] [ID:11] ACTION:41_86_1;42_77_1;43_88_5;44_25_1;
[1765934254734] [DEBUG] [ID:14] Try to init: id: 14, cap: 4, is_vis: 0
[1765934254734] [DEBUG] [ID:0] server: accepted connection from 127.0.0.1
[1765934254735] [DEBUG] [ID:14] Client 53 joined as PLAYER
[1765934254785] [SESSION] [ID:3] EXTRA:12_1
[1765934254785] [DEBUG] [ID:14] Client 54 joined as PLAYER
[1765934254786] [DEBUG] [ID:0] server: accepted connection from 127.0.0.1
[1765934254836] [SESSION] [ID:4] ACTION:13_58_1;14_85_3;15_78_5;16_80_1;
[1765934254836] [SESSION] [ID:7] ACTION:25_101_3;26_102_5;27_103_1;28_71_3;
[1765934254836] [SESSION] [ID:10] ACTION:37_100_1;38_30_2;39_82_1;40_27_3;
[1765934254836] [DEBUG] [ID:14] Client 55 joined as PLAYER
[1765934254836] [SESSION] [ID:13] START:0_25_5;1_79_1;2_35_1;3_66_1;
[1765934254836] [DEBUG] [ID:0] server: accepted connection from 127.0.0.1
[1765934254837] [DEBUG] [ID:0] server: accepted connection from 127.0.0.1
[1765934254887] [SESSION] [ID:1] ACTION:1_89_3;2_31_3;3_5_4;4_84_1;
[1765934254887] [SESSION] [ID:11] EXTRA:44_0
[1765934254887] [DEBUG] [ID:14] Client 56 joined as PLAYER
[1765934254887] [DEBUG] [ID:0] server: accepted connection from 127.0.0.1
[1765934254938] [SESSION] [ID:1] EXTRA:3_2
[1765934254938] [SESSION] [ID:6] ACTION:21_31_1;22_35_1;23_59_2;24_64_1;
[1765934254938] [SESSION] [ID:9] ACTION:33_61_3;34_65_1;35_72_3;36_60_3;
[1765934254938] [DEBUG] [ID:15] Try to init: id: 15, cap: 4, is_vis: 0
[1765934254938] [SESSION] [ID:12] ACTION:45_30_3;46_49_1;47_72_1;48_31_2;
[1765934254939] [DEBUG] [ID:0] server: accepted connection from 127.0.0.1
[1765934254939] [DEBUG] [ID:15] Client 57 joined as PLAYER
[1765934254989] [DEBUG] [ID:15] Client 58 joined as PLAYER
[1765934254989] [DEBUG] [ID:0] server: accepted connection from 127.0.0.1
[1765934255040] [SESSION] [ID:2] EXTRA:5_3
[1765934255040] [SESSION] [ID:8] ACTION:29_45_1;30_44_1;31_55_2;32_40_2;
[1765934255040] [SESSION] [ID:5] ACTION:17_97_2;18_20_2;19_91_3;20_21_5;
[1765934255040] [DEBUG] [ID:15] Client 59 joined as PLAYER
[1765934255040] [SESSION] [ID:14] START:0_4_2;1_89_3;2_10_1;3_1_4;
[1765934255040] [DEBUG] [ID:0] server: accepted connection from 127.0.0.1
[1765934255091] [SESSION] [ID:3] ACTION:9_29_1;10_3_1;11_58_1;12_5_5;
[1765934255091] [DEBUG] [ID:15] Client 60 joined as PLAYER
[1765934255091] [DEBUG] [ID:0] server: accepted connection from 127.0.0.1
[1765934255141] [SESSION] [ID:4] ACTION:13_34_1;14_88_2;15_81_4;16_73_2;
[1765934255141] [SESSION] [ID:10] ACTION:37_34_2;38_87_2;39_86_4;40_31_1;
[1765934255141] [SESSION] [ID:7] ACTION:25_52_2;26_59_1;27_81_3;28_72_2;
[1765934255141] [DEBUG] [ID:16] Try to init: id: 16, cap: 4, is_vis: 0
[1765934255141] [SESSION] [ID:13] ACTION:49_32_2;50_83_4;51_81_2;52_28_4;
[1765934255142] [DEBUG] [ID:0] server: accepted connection from 127.0.0.1
[1765934255142] [DEBUG] [ID:16] Client 61 joined as PLAYER
[1765934255193] [SESSION] [ID:11] ACTION:41_40_1;42_54_2;43_31_4;44_36_1;
[1765934255193] [DEBUG] [ID:16] Client 62 joined as PLAYER
[1765934255193] [DEBUG] [ID:0] server: accepted connection from 127.0.0.1
[1765934255243] [SESSION] [ID:1] ACTION:1_53_4;2_51_1;3_3_4;4_48_3;
[1765934255243] [SESSION] [ID:6] ACTION:21_38_3;22_82_1;23_72_5;24_75_1;
[1765934255243] [SESSION] [ID:9] ACTION:33_71_3;34_91_3;35_73_1;36_81_1;
[1765934255243] [SESSION] [ID:12] ACTION:45_77_3;46_33_2;47_76_3;48_34_4;
[1765934255244] [DEBUG] [ID:16] Client 63 joined as PLAYER
[1765934255244] [SESSION] [ID:15] START:0_43_1;1_46_3;2_84_1;3_88_3;
[1765934255244] [DEBUG] [ID:0] server: accepted connection from 127.0.0.1
[1765934255294] [DEBUG] [ID:16] Client 64 joined as PLAYER
[1765934255295] [DEBUG] [ID:0] server: accepted connection from 127.0.0.1
[1765934255345] [SESSION] [ID:2] ACTION:5_31_3;6_36_5;7_7_1;8_30_2;
[1765934255345] [SESSION] [ID:8] ACTION:29_48_3;30_78_4;31_36_5;32_34_1;
[1765934255345] [SESSION] [ID:5] ACTION:17_25_1;18_43_1;19_26_1;20_27_1;
[1765934255345] [SESSION] [ID:14] ACTION:53_18_1;54_7_2;55_6_1;56_98_2;
[1765934255345] [DEBUG] [ID:17] Try to init: id: 17, cap: 4, is_vis: 0
[1765934255346] [DEBUG] [ID:0] server: accepted connection from 127.0.0.1
[1765934255346] [SESSION] [ID:2] EXTRA:7_1
[1765934255346] [DEBUG] [ID:17] Client 65 joined as PLAYER
[1765934255397] [SESSION] [ID:3] ACTION:9_63_3;10_30_2;11_91_4;12_62_1;
[1765934255397] [DEBUG] [ID:17] Client 66 joined as PLAYER
[1765934255397] [DEBUG] [ID:0] server: accepted connection from 127.0.0.1
[1765934255448] [SESSION] [ID:4] EXTRA:13_1
[1765934255448] [SESSION] [ID:7] ACTION:25_85_1;26_23_2;27_84_4;28_3_1;
[1765934255448] [SESSION] [ID:10] ACTION:37_52_3;38_94_5;39_38_2;40_99_4;
[1765934255448] [SESSION] [ID:13] ACTION:49_89_3;50_33_4;51_85_3;52_84_1;
[1765934255448] [DEBUG] [ID:17] Client 67 joined as PLAYER
[1765934255448] [DEBUG] [ID:0] server: accepted connection from 127.0.0.1
[1765934255448] [SESSION] [ID:16] START:0_8_3;1_50_1;2_45_2;3_92_2;
[1765934255502] [SESSION] [ID:8] EXTRA:32_1
[1765934255502] [SESSION] [ID:11] ACTION:41_42_1;42_56_1;43_92_3;44_18_2;
[1765934255502] [DEBUG] [ID:17] Client 68 joined as PLAYER
[1765934255502] [DEBUG] [ID:0] server: accepted connection from 127.0.0.1
[1765934255553] [SESSION] [ID:1] EXTRA:3_0
[1765934255553] [SESSION] [ID:6] EXTRA:21_0
[1765934255553] [SESSION] [ID:9] ACTION:33_96_3;34_39_2;35_92_4;36_41_5;
[1765934255553] [SESSION] [ID:12] ACTION:45_45_2;46_56_2;47_59_1;48_78_2;
[1765934255553] [DEBUG] [ID:18] Try to init: id: 18, cap: 4, is_vis: 0
[1765934255553] [SESSION] [ID:15] ACTION:57_54_5;58_44_1;59_51_4;60_86_1;
[1765934255554] [DEBUG] [ID:0] server: accepted connection from 127.0.0.1
[1765934255554] [DEBUG] [ID:18] Client 69 joined as PLAYER
[1765934255604] [SESSION] [ID:7] EXTRA:28_0
[1765934255604] [DEBUG] [ID:18] Client 70 joined as PLAYER
[1765934255604] [DEBUG] [ID:0] server: accepted connection from 127.0.0.1
[1765934255655] [SESSION] [ID:2] ACTION:5_15_4;6_14_2;7_13_1;8_9_1;
[1765934255655] [SESSION] [ID:5] ACTION:17_11_1;18_44_1;19_49_1;20_8_1;
[1765934255655] [SESSION] [ID:14] ACTION:53_19_1;54_103_1;55_22_2;56_23_1;
[1765934255655] [DEBUG] [ID:18] Client 71 joined as PLAYER
[1765934255655] [SESSION] [ID:17] START:0_87_4;1_97_1;2_70_3;3_31_2;
[1765934255655] [DEBUG] [ID:0] server: accepted connection from 127.0.0.1
[1765934255706] [SESSION] [ID:3] ACTION:9_93_1;10_33_1;11_92_4;12_4_3;
[1765934255706] [DEBUG] [ID:18] Client 72 joined as PLAYER
[1765934255706] [DEBUG] [ID:0] server: accepted connection from 127.0.0.1
[1765934255756] [SESSION] [ID:10] ACTION:37_55_2;38_54_1;39_85_3;40_56_2;
[1765934255757] [DEBUG] [ID:19] Try to init: id: 19, cap: 4, is_vis: 0
[1765934255757] [SESSION] [ID:4] ACTION:13_9_1;14_35_1;15_26_5;16_28_1;
[1765934255757] [SESSION] [ID:13] ACTION:49_98_3;50_93_2;51_73_3;52_41_2;
[1765934255757] [SESSION] [ID:16] ACTION:61_48_2;62_51_3;63_96_1;64_53_4;
[1765934255757] [DEBUG] [ID:0] server: accepted connection from 127.0.0.1
[1765934255757] [DEBUG] [ID:19] Client 73 joined as PLAYER
[1765934255757] [DEBUG] [ID:19] Client 74 joined as PLAYER
[1765934255808] [SESSION] [ID:5] EXTRA:20_0
[1765934255808] [SESSION] [ID:8] ACTION:29_87_2;30_51_5;31_80_3;32_85_1;
[1765934255808] [SESSION] [ID:11] EXTRA:44_2
[1765934255808] [DEBUG] [ID:19] Client 75 joined as PLAYER
[1765934255808] [DEBUG] [ID:0] server: accepted connection from 127.0.0.1
[1765934255859] [SESSION] [ID:1] ACTION:1_2_1;2_28_1;3_9_1;4_6_4;
[1765934255859] [SESSION] [ID:6] ACTION:21_84_1;22_41_4;23_62_1;24_100_3;
[1765934255859] [SESSION] [ID:9] ACTION:33_47_2;34_93_4;35_100_2;36_42_3;
[1765934255859] [SESSION] [ID:12] ACTION:45_48_1;46_58_2;47_61_1;48_60_3;
[1765934255859] [SESSION] [ID:15] ACTION:57_56_2;58_63_1;59_59_1;60_93_2;
[1765934255859] [DEBUG] [ID:19] Client 76 joined as PLAYER
[1765934255859] [SESSION] [ID:18] START:0_47_1;1_50_2;2_51_1;3_60_2;
[1765934255859] [DEBUG] [ID:0] server: accepted connection from 127.0.0.1
[1765934255860] [SESSION] [ID:1] EXTRA:1_2
[1765934255860] [DEBUG] [ID:1] Phase result:
[1765934255860] [DEBUG] [ID:1] (1: 23)
[1765934255860] [DEBUG] [ID:1] (2: 11)
[1765934255860] [DEBUG] [ID:1] (3: 18)
[1765934255860] [DEBUG] [ID:1] (4: 23)
[1765934255860] [SESSION] [ID:1] PHASE_RESULT:1_23;2_11;3_18;4_23;
[1765934255860] [INFO] [ID:0] client disconnected
[1765934255860] [INFO] [ID:0] client disconnected
[1765934255911] [SESSION] [ID:7] ACTION:25_35_1;26_24_2;27_91_3;28_25_3;
[1765934255911] [DEBUG] [ID:20] Try to init: id: 20, cap: 4, is_vis: 0
[1765934255911] [DEBUG] [ID:0] server: accepted connection from 127.0.0.1
[1765934255911] [DEBUG] [ID:20] Client 77 joined as PLAYER
[1765934255961] [SESSION] [ID:2] ACTION:5_1_4;6_3_1;7_6_1;8_74_3;
[1765934255962] [SESSION] [ID:14] ACTION:53_34_4;54_50_2;55_37_3;56_29_1;
[1765934255962] [SESSION] [ID:17] ACTION:65_32_5;66_91_3;67_73_1;68_34_4;
[1765934255962] [DEBUG] [ID:20] Client 78 joined as PLAYER
[1765934255962] [DEBUG] [ID:0] server: accepted connection from 127.0.0.1
[1765934256012] [SESSION] [ID:3] EXTRA:12_3
[1765934256012] [DEBUG] [ID:20] Client 79 joined as PLAYER
[1765934256013] [DEBUG] [ID:0] server: accepted connection from 127.0.0.1
[1765934256063] [SESSION] [ID:4] EXTRA:13_2
[1765934256063] [SESSION] [ID:10] ACTION:37_1_1;38_40_4;39_49_5;40_51_1;
[1765934256063] [SESSION] [ID:13] ACTION:49_45_1;50_102_5;51_77_1;52_53_2;
[1765934256063] [SESSION] [ID:16] ACTION:61_102_3;62_56_2;63_101_5;64_55_3;
[1765934256063] [DEBUG] [ID:20] Client 80 joined as PLAYER
[1765934256063] [SESSION] [ID:19] START:0_9_2;1_14_2;2_43_1;3_36_3;
[1765934256063] [DEBUG] [ID:0] server: accepted connection from 127.0.0.1
[1765934256114] [SESSION] [ID:5] ACTION:17_56_4;18_46_1;19_19_2;20_28_4;
[1765934256114] [SESSION] [ID:8] ACTION:29_57_2;30_23_2;31_62_1;32_97_1;
[1765934256114] [SESSION] [ID:11] ACTION:41_45_1;42_57_5;43_46_2;44_60_4;
[1765934256114] [DEBUG] [ID:21] Try to init: id: 21, cap: 4, is_vis: 0
[1765934256115] [DEBUG] [ID:0] server: accepted connection from 127.0.0.1
[1765934256115] [SESSION] [ID:8] EXTRA:30_0
[1765934256115] [DEBUG] [ID:21] Client 81 joined as PLAYER
[1765934256165] [INFO] [ID:0] client disconnected
[1765934256165] [DEBUG] [ID:1] User left remain 1 nb player 2
[1765934256166] [INFO] [ID:0] client disconnected
[1765934256166] [DEBUG] [ID:1] User left remain 0 nb player 2
[1765934256166] [SESSION] [ID:6] ACTION:21_98_1;22_91_3;23_74_1;24_76_2;
[1765934256166] [INFO] [ID:0] Session unregistered 1
[1765934256166] [SESSION] [ID:12] ACTION:45_66_1;46_91_2;47_73_3;48_79_3;
[1765934256166] [SESSION] [ID:9] ACTION:33_103_2;34_20_1;35_48_2;36_104_4;
[1765934256166] [SESSION] [ID:15] ACTION:57_67_3;58_97_4;59_64_4;60_65_5;
[1765934256166] [SESSION] [ID:18] ACTION:69_53_1;70_65_2;71_48_2;72_49_1;
[1765934256166] [DEBUG] [ID:21] Client 82 joined as PLAYER
[1765934256166] [DEBUG] [ID:0] server: accepted connection from 127.0.0.1
[1765934256217] [SESSION] [ID:7] ACTION:25_63_2;26_66_2;27_95_3;28_73_2;
[1765934256217] [DEBUG] [ID:21] Client 2 joined as PLAYER
[1765934256217] [DEBUG] [ID:0] server: accepted connection from 127.0.0.1
[1765934256217] [SESSION] [ID:20] START:0_74_1;1_102_3;2_83_4;3_41_1;
[1765934256268] [SESSION] [ID:2] EXTRA:5_3
[1765934256268] [DEBUG] [ID:2] Phase result:
[1765934256268] [DEBUG] [ID:2] (5: 21)
[1765934256268] [DEBUG] [ID:2] (6: 26)
[1765934256268] [DEBUG] [ID:2] (7: 18)
[1765934256268] [DEBUG] [ID:2] (8: 9)
[1765934256268] [SESSION] [ID:2] PHASE_RESULT:5_21;6_26;7_18;8_9;
[1765934256268] [SESSION] [ID:14] ACTION:53_47_1;54_43_2;55_16_1;56_35_2;
[1765934256268] [SESSION] [ID:17] ACTION:65_94_4;66_101_3;67_51_5;68_37_2;
[1765934256268] [DEBUG] [ID:21] Client 4 joined as PLAYER
[1765934256268] [DEBUG] [ID:0] server: accepted connection from 127.0.0.1
[1765934256268] [INFO] [ID:0] client disconnected
[1765934256268] [DEBUG] [ID:2] User left remain 3 nb player 4
[1765934256268] [INFO] [ID:0] client disconnected
[1765934256268] [DEBUG] [ID:2] User left remain 2 nb player 4
[1765934256268] [DEBUG] [ID:2] User left remain 1 nb player 4
[1765934256319] [SESSION] [ID:3] ACTION:9_65_5;10_34_1;11_94_3;12_66_5;
[1765934256319] [DEBUG] [ID:3] Phase result:
[1765934256319] [DEBUG] [ID:3] (9: 13)
[1765934256319] [DEBUG] [ID:3] (10: 35)
[1765934256319] [DEBUG] [ID:3] (11: 13)
[1765934256319] [DEBUG] [ID:3] (12: 21)
[1765934256319] [SESSION] [ID:3] PHASE_RESULT:9_13;10_35;11_13;12_21;
[1765934256319] [DEBUG] [ID:1] Try to init: id: 1, cap: 4, is_vis: 0
[1765934256319] [DEBUG] [ID:0] server: accepted connection from 127.0.0.1
[1765934256320] [INFO] [ID:0] client disconnected
[1765934256320] [INFO] [ID:0] client disconnected
[1765934256320] [INFO] [ID:0] client disconnected
[1765934256320] [DEBUG] [ID:3] User left remain 1 nb player 2
[1765934256320] [DEBUG] [ID:1] Client 83 joined as PLAYER
[1765934256370] [SESSION] [ID:4] ACTION:13_5_1;14_40_2;15_8_2;16_52_3;
[1765934256370] [SESSION] [ID:10] EXTRA:37_2
[1765934256370] [SESSION] [ID:13] ACTION:49_55_2;50_86_4;51_78_4;52_54_3;
[1765934256370] [SESSION] [ID:16] ACTION:61_17_3;62_16_4;63_13_1;64_49_2;
[1765934256370] [SESSION] [ID:19] ACTION:73_39_5;74_42_5;75_40_4;76_16_4;
[1765934256371] [DEBUG] [ID:1] Client 84 joined as PLAYER
[1765934256371] [DEBUG] [ID:0] server: accepted connection from 127.0.0.1
[1765934256422] [SESSION] [ID:8] ACTION:29_68_2;30_24_4;31_64_1;32_66_4;
[1765934256422] [SESSION] [ID:5] ACTION:17_6_5;18_3_3;19_63_1;20_10_3;
[1765934256422] [SESSION] [ID:11] ACTION:41_4_3;42_64_2;43_6_3;44_73_1;
[1765934256422] [DEBUG] [ID:1] Client 85 joined as PLAYER
[1765934256422] [DEBUG] [ID:0] server: accepted connection from 127.0.0.1
[1765934256422] [SESSION] [ID:21] START:0_85_1;1_29_3;2_88_3;3_8_5;
[1765934256422] [SESSION] [ID:5] EXTRA:18_1
[1765934256422] [DEBUG] [ID:5] Phase result:
[1765934256422] [DEBUG] [ID:5] (17: 12)
[1765934256422] [SESSION] [ID:11] EXTRA:41_3
[1765934256422] [DEBUG] [ID:5] (18: 11)
[1765934256422] [DEBUG] [ID:5] (19: 25)
[1765934256422] [DEBUG] [ID:5] (20: 27)
[1765934256422] [SESSION] [ID:5] PHASE_RESULT:17_12;18_11;19_25;20_27;
[1765934256423] [INFO] [ID:0] client disconnected
[1765934256473] [SESSION] [ID:6] ACTION:21_3_4;22_5_5;23_1_2;24_4_1;
[1765934256473] [SESSION] [ID:9] ACTION:33_29_1;34_1_1;35_95_5;36_28_1;
[1765934256473] [SESSION] [ID:12] ACTION:45_81_3;46_82_3;47_87_4;48_95_2;
[1765934256473] [SESSION] [ID:15] ACTION:57_68_1;58_98_2;59_72_3;60_73_2;
[1765934256473] [SESSION] [ID:18] ACTION:69_68_1;70_57_1;71_66_1;72_67_1;
[1765934256473] [DEBUG] [ID:1] Client 86 joined as PLAYER
[1765934256474] [DEBUG] [ID:0] server: accepted connection from 127.0.0.1
[1765934256474] [SESSION] [ID:6] EXTRA:23_2
[1765934256524] [SESSION] [ID:7] ACTION:25_12_3;26_16_4;27_2_4;28_77_1;
[1765934256524] [SESSION] [ID:9] EXTRA:34_0
[1765934256524] [SESSION] [ID:20] ACTION:77_92_4;78_47_5;79_48_3;80_78_4;
[1765934256524] [DEBUG] [ID:22] Try to init: id: 22, cap: 4, is_vis: 0
[1765934256525] [DEBUG] [ID:0] server: accepted connection from 127.0.0.1
[1765934256525] [SESSION] [ID:7] EXTRA:27_2
[1765934256525] [DEBUG] [ID:22] Client 87 joined as PLAYER
[1765934256576] [DEBUG] [ID:2] User left remain 0 nb player 4
[1765934256576] [INFO] [ID:0] client disconnected
[1765934256576] [DEBUG] [ID:5] User left remain 2 nb player 3
[1765934256576] [INFO] [ID:0] Session unregistered 2
[1765934256576] [SESSION] [ID:14] ACTION:53_53_3;54_45_3;55_21_3;56_36_1;
[1765934256576] [SESSION] [ID:17] ACTION:65_76_1;66_100_1;67_53_2;68_85_2;
[1765934256576] [DEBUG] [ID:22] Client 88 joined as PLAYER
[1765934256576] [DEBUG] [ID:0] server: accepted connection from 127.0.0.1
[1765934256627] [INFO] [ID:0] client disconnected
[1765934256627] [DEBUG] [ID:3] User left remain 0 nb player 2
[1765934256627] [INFO] [ID:0] Session unregistered 3
[1765934256627] [DEBUG] [ID:22] Client 89 joined as PLAYER
[1765934256627] [DEBUG] [ID:0] server: accepted connection from 127.0.0.1
[1765934256627] [SESSION] [ID:1] START:0_46_3;1_102_3;2_79_1;3_51_5;
[1765934256678] [SESSION] [ID:4] EXTRA:13_0
[1765934256678] [SESSION] [ID:10] ACTION:37_64_3;38_62_3;39_10_4;40_17_5;
[1765934256678] [SESSION] [ID:13] ACTION:49_57_2;50_74_1;51_63_1;52_62_1;
[1765934256678] [SESSION] [ID:16] ACTION:61_59_2;62_60_4;63_18_1;64_83_1;
[1765934256678] [SESSION] [ID:19] ACTION:73_50_1;74_53_1;75_10_1;76_27_3;
[1765934256679] [DEBUG] [ID:22] Client 9 joined as PLAYER
[1765934256679] [DEBUG] [ID:0] server: accepted connection from 127.0.0.1
[1765934256679] [SESSION] [ID:10] EXTRA:39_0
[1765934256729] [INFO] [ID:0] client disconnected
[1765934256729] [DEBUG] [ID:5] User left remain 1 nb player 3
[1765934256729] [INFO] [ID:0] client disconnected
[1765934256729] [DEBUG] [ID:5] User left remain 0 nb player 3
[1765934256730] [INFO] [ID:0] Session unregistered 5
[1765934256730] [SESSION] [ID:8] ACTION:29_7_1;30_33_2;31_69_4;32_58_5;
[1765934256730] [SESSION] [ID:11] ACTION:41_69_5;42_13_2;43_8_2;44_12_2;
[1765934256730] [DEBUG] [ID:2] Try to init: id: 2, cap: 4, is_vis: 0
[1765934256730] [SESSION] [ID:21] ACTION:81_30_1;82_87_2;2_36_2;4_32_2;
[1765934256730] [DEBUG] [ID:0] server: accepted connection from 127.0.0.1
[1765934256731] [DEBUG] [ID:2] Client 90 joined as PLAYER
[1765934256781] [SESSION] [ID:6] ACTION:21_39_3;22_22_5;23_10_1;24_11_1;
[1765934256781] [DEBUG] [ID:6] Phase result:
[1765934256781] [DEBUG] [ID:6] (21: 3)
[1765934256781] [SESSION] [ID:12] ACTION:45_83_3;46_84_4;47_8_3;48_86_2;
[1765934256781] [DEBUG] [ID:6] (22: 0)
[1765934256781] [DEBUG] [ID:6] (23: 26)
[1765934256781] [SESSION] [ID:15] ACTION:57_74_3;58_79_1;59_77_1;60_9_1;
[1765934256781] [DEBUG] [ID:6] (24: 38)
[1765934256781] [SESSION] [ID:6] PHASE_RESULT:21_3;22_0;23_26;24_38;
[1765934256781] [SESSION] [ID:18] ACTION:69_88_1;70_58_1;71_78_2;72_59_2;
[1765934256781] [DEBUG] [ID:2] Client 19 joined as PLAYER
[1765934256781] [DEBUG] [ID:0] server: accepted connection from 127.0.0.1
[1765934256781] [INFO] [ID:0] client disconnected
[1765934256781] [DEBUG] [ID:6] User left remain 3 nb player 4
[1765934256782] [INFO] [ID:0] client disconnected
[1765934256782] [DEBUG] [ID:6] User left remain 2 nb player 4
[1765934256832] [SESSION] [ID:7] ACTION:25_6_5;26_18_3;27_17_5;28_4_4;
[1765934256832] [SESSION] [ID:9] ACTION:33_30_2;34_25_1;35_77_3;36_17_2;
[1765934256832] [SESSION] [ID:20] ACTION:77_95_1;78_99_4;79_56_1;80_94_3;
[1765934256832] [DEBUG] [ID:2] Client 91 joined as PLAYER
[1765934256832] [SESSION] [ID:22] START:0_4_3;1_79_2;2_93_1;3_65_2;
[1765934256832] [DEBUG] [ID:0] server: accepted connection from 127.0.0.1
[1765934256883] [SESSION] [ID:8] EXTRA:29_0
[1765934256883] [SESSION] [ID:12] EXTRA:47_0
[1765934256883] [SESSION] [ID:14] ACTION:53_62_4;54_54_1;55_56_4;56_67_2;
[1765934256883] [SESSION] [ID:17] ACTION:65_58_2;66_56_1;67_54_3;68_86_3;
[1765934256883] [DEBUG] [ID:2] Client 92 joined as PLAYER
[1765934256883] [DEBUG] [ID:0] server: accepted connection from 127.0.0.1
[1765934256934] [SESSION] [ID:9] EXTRA:36_0
[1765934256934] [SESSION] [ID:15] EXTRA:60_0
[1765934256934] [SESSION] [ID:1] ACTION:83_52_1;84_81_4;85_48_2;86_53_2;
[1765934256934] [DEBUG] [ID:3] Try to init: id: 3, cap: 4, is_vis: 0
[1765934256935] [DEBUG] [ID:0] server: accepted connection from 127.0.0.1
[1765934256935] [DEBUG] [ID:3] Client 93 joined as PLAYER
[1765934256985] [SESSION] [ID:4] ACTION:13_32_2;14_29_2;15_18_1;16_22_1;
[1765934256985] [DEBUG] [ID:4] Phase result:
[1765934256985] [DEBUG] [ID:4] (13: 26)
[1765934256985] [DEBUG] [ID:4] (14: 10)
[1765934256985] [SESSION] [ID:10] ACTION:37_46_1;38_24_1;39_21_1;40_29_4;
[1765934256985] [DEBUG] [ID:4] (15: 12)
[1765934256985] [SESSION] [ID:13] ACTION:49_75_1;50_47_4;51_87_5;52_21_1;
[1765934256985] [DEBUG] [ID:4] (16: 29)
[1765934256985] [SESSION] [ID:16] ACTION:61_62_4;62_61_5;63_91_5;64_84_1;
[1765934256985] [SESSION] [ID:4] PHASE_RESULT:13_26;14_10;15_12;16_29;
[1765934256985] [SESSION] [ID:19] ACTION:73_30_3;74_65_3;75_28_2;76_38_3;
[1765934256986] [DEBUG] [ID:3] Client 94 joined as PLAYER
[1765934256986] [DEBUG] [ID:0] server: accepted connection from 127.0.0.1
[1765934256986] [INFO] [ID:0] client disconnected
[1765934256986] [DEBUG] [ID:4] User left remain 3 nb player 4
[1765934256986] [INFO] [ID:0] client disconnected
[1765934256986] [DEBUG] [ID:4] User left remain 2 nb player 4
[1765934256986] [INFO] [ID:0] client disconnected
[1765934256986] [DEBUG] [ID:4] User left remain 1 nb player 4
[1765934257036] [SESSION] [ID:11] ACTION:41_67_1;42_21_2;43_33_2;44_1_2;
[1765934257036] [SESSION] [ID:21] ACTION:81_10_1;82_95_2;2_37_1;4_93_5;
[1765934257037] [DEBUG] [ID:3] Client 95 joined as PLAYER
[1765934257037] [SESSION] [ID:2] START:0_25_4;1_65_2;2_88_1;3_14_3;
[1765934257037] [DEBUG] [ID:0] server: accepted connection from 127.0.0.1
[1765934257037] [DEBUG] [ID:0] server: accepted connection from 127.0.0.1
[1765934257087] [DEBUG] [ID:6] User left remain 1 nb player 4
[1765934257087] [INFO] [ID:0] client disconnected
[1765934257087] [DEBUG] [ID:6] User left remain 0 nb player 4
[1765934257087] [INFO] [ID:0] Session unregistered 6
[1765934257088] [SESSION] [ID:18] ACTION:69_95_3;70_100_3;71_91_4;72_99_2;
[1765934257088] [DEBUG] [ID:3] Client 96 joined as PLAYER
[1765934257088] [DEBUG] [ID:0] server: accepted connection from 127.0.0.1
[1765934257138] [SESSION] [ID:7] EXTRA:28_1
[1765934257138] [DEBUG] [ID:7] Phase result:
[1765934257138] [DEBUG] [ID:7] (25: 11)
[1765934257138] [DEBUG] [ID:7] (26: 0)
[1765934257138] [DEBUG] [ID:7] (27: 27)
[1765934257138] [SESSION] [ID:13] EXTRA:52_2
[1765934257138] [DEBUG] [ID:7] (28: 22)
[1765934257138] [SESSION] [ID:7] PHASE_RESULT:25_11;26_0;27_27;28_22;
[1765934257138] [SESSION] [ID:20] ACTION:77_73_1;78_59_2;79_101_2;80_57_2;
[1765934257138] [DEBUG] [ID:5] Try to init: id: 5, cap: 4, is_vis: 0
[1765934257139] [SESSION] [ID:22] ACTION:87_83_1;88_96_4;89_94_2;9_81_5;
[1765934257139] [DEBUG] [ID:0] server: accepted connection from 127.0.0.1
[1765934257139] [INFO] [ID:0] client disconnected
[1765934257139] [DEBUG] [ID:7] User left remain 3 nb player 4
[1765934257139] [INFO] [ID:0] client disconnected
[1765934257139] [DEBUG] [ID:7] User left remain 2 nb player 4
[1765934257139] [DEBUG] [ID:7] User left remain 1 nb player 4
[1765934257139] [DEBUG] [ID:5] Client 97 joined as PLAYER
[1765934257190] [SESSION] [ID:8] ACTION:29_5_2;30_35_1;31_83_2;32_19_5;
[1765934257190] [SESSION] [ID:12] ACTION:45_10_3;46_9_5;47_22_1;48_14_2;
[1765934257190] [SESSION] [ID:17] ACTION:65_69_1;66_64_1;67_52_4;68_60_1;
[1765934257190] [SESSION] [ID:14] ACTION:53_79_2;54_63_3;55_61_1;56_73_2;
[1765934257190] [DEBUG] [ID:5] Client 98 joined as PLAYER
[1765934257190] [DEBUG] [ID:0] server: accepted connection from 127.0.0.1
[1765934257241] [SESSION] [ID:9] ACTION:33_26_5;34_8_2;35_16_1;36_21_1;
[1765934257241] [SESSION] [ID:15] ACTION:57_55_1;58_2_3;59_12_2;60_13_1;
[1765934257241] [SESSION] [ID:1] ACTION:83_59_2;84_49_5;85_56_1;86_57_4;
[1765934257241] [DEBUG] [ID:5] Client 99 joined as PLAYER
[1765934257241] [SESSION] [ID:3] START:0_67_1;1_59_4;2_77_3;3_48_2;
[1765934257241] [DEBUG] [ID:0] server: accepted connection from 127.0.0.1
[1765934257241] [SESSION] [ID:15] EXTRA:58_0
[1765934257292] [INFO] [ID:0] client disconnected
[1765934257292] [DEBUG] [ID:4] User left remain 0 nb player 4
[1765934257292] [SESSION] [ID:10] ACTION:37_16_1;38_80_3;39_9_2;40_7_1;
[1765934257292] [INFO] [ID:0] Session unregistered 4
[1765934257292] [SESSION] [ID:16] ACTION:61_65_4;62_19_2;63_31_1;64_14_2;
[1765934257292] [SESSION] [ID:17] EXTRA:67_1
[1765934257292] [SESSION] [ID:19] ACTION:73_37_5;74_66_2;75_32_3;76_77_1;
[1765934257292] [DEBUG] [ID:5] Client 100 joined as PLAYER
[1765934257293] [DEBUG] [ID:0] server: accepted connection from 127.0.0.1
[1765934257293] [SESSION] [ID:10] EXTRA:40_0
[1765934257343] [DEBUG] [ID:4] Try to init: id: 4, cap: 4, is_vis: 0
[1765934257343] [SESSION] [ID:2] ACTION:90_15_4;19_19_1;91_18_3;92_89_4;
[1765934257343] [SESSION] [ID:11] EXTRA:44_0
[1765934257343] [SESSION] [ID:21] ACTION:81_42_2;82_44_3;2_97_3;4_14_1;
[1765934257344] [DEBUG] [ID:0] server: accepted connection from 127.0.0.1
[1765934257344] [DEBUG] [ID:4] Client 101 joined as PLAYER
[1765934257394] [SESSION] [ID:18] ACTION:69_98_5;70_76_4;71_80_5;72_81_1;
[1765934257395] [DEBUG] [ID:4] Client 102 joined as PLAYER
[1765934257395] [DEBUG] [ID:0] server: accepted connection from 127.0.0.1
[1765934257445] [DEBUG] [ID:7] User left remain 0 nb player 4
[1765934257445] [SESSION] [ID:13] ACTION:49_51_1;50_96_3;51_1_2;52_24_4;
[1765934257445] [INFO] [ID:0] Session unregistered 7
[1765934257445] [SESSION] [ID:20] ACTION:77_28_2;78_90_2;79_66_4;80_88_1;
[1765934257445] [SESSION] [ID:9] EXTRA:34_2
[1765934257445] [SESSION] [ID:22] ACTION:87_68_3;88_9_1;89_66_1;9_69_4;
[1765934257445] [DEBUG] [ID:4] Client 103 joined as PLAYER
[1765934257445] [DEBUG] [ID:9] Phase result:
[1765934257445] [SESSION] [ID:16] EXTRA:64_2
[1765934257445] [DEBUG] [ID:9] (33: 12)
[1765934257445] [SESSION] [ID:5] START:0_18_3;1_64_2;2_20_3;3_65_1;
[1765934257445] [DEBUG] [ID:9] (34: 27)
[1765934257446] [DEBUG] [ID:9] (35: 10)
[1765934257446] [DEBUG] [ID:9] (36: 19)
[1765934257446] [SESSION] [ID:9] PHASE_RESULT:33_12;34_27;35_10;36_19;
[1765934257446] [DEBUG] [ID:0] server: accepted connection from 127.0.0.1
[1765934257446] [INFO] [ID:0] client disconnected
[1765934257446] [SESSION] [ID:13] EXTRA:51_0
[1765934257446] [DEBUG] [ID:9] User left remain 3 nb player 4
[1765934257446] [INFO] [ID:0] client disconnected
[1765934257446] [DEBUG] [ID:9] User left remain 2 nb player 4
[1765934257497] [SESSION] [ID:8] EXTRA:29_0
[1765934257497] [DEBUG] [ID:8] Phase result:
[1765934257497] [DEBUG] [ID:8] (29: 25)
[1765934257497] [DEBUG] [ID:8] (30: 18)
[1765934257497] [DEBUG] [ID:8] (31: 28)
[1765934257497] [DEBUG] [ID:8] (32: 8)
[1765934257497] [SESSION] [ID:8] PHASE_RESULT:29_25;30_18;31_28;32_8;
[1765934257497] [SESSION] [ID:12] ACTION:45_24_2;46_41_1;47_26_5;48_21_5;
[1765934257497] [SESSION] [ID:14] ACTION:53_84_2;54_93_4;55_92_5;56_81_1;
[1765934257497] [DEBUG] [ID:4] Client 104 joined as PLAYER
[1765934257497] [DEBUG] [ID:0] server: accepted connection from 127.0.0.1
[1765934257497] [INFO] [ID:0] client disconnected
[1765934257497] [DEBUG] [ID:8] User left remain 3 nb player 4
[1765934257497] [INFO] [ID:0] client disconnected
[1765934257497] [DEBUG] [ID:8] User left remain 2 nb player 4
[1765934257497] [INFO] [ID:0] client disconnected
[1765934257497] [DEBUG] [ID:8] User left remain 1 nb player 4
[1765934257548] [INFO] [ID:0] client disconnected
[1765934257548] [SESSION] [ID:12] EXTRA:48_0
[1765934257548] [SESSION] [ID:15] ACTION:57_76_1;58_102_1;59_14_3;60_6_2;
[1765934257548] [SESSION] [ID:1] ACTION:83_63_2;84_61_2;85_103_2;86_60_2;
[1765934257548] [SESSION] [ID:3] ACTION:93_50_3;94_57_4;95_65_2;96_61_1;
[1765934257548] [DEBUG] [ID:6] Try to init: id: 6, cap: 4, is_vis: 0
[1765934257548] [DEBUG] [ID:0] server: accepted connection from 127.0.0.1
[1765934257549] [DEBUG] [ID:6] Client 105 joined as PLAYER
[1765934257599] [SESSION] [ID:10] ACTION:37_4_3;38_14_1;39_41_4;40_11_2;
[1765934257599] [SESSION] [ID:19] ACTION:73_98_4;74_68_2;75_85_3;76_80_2;
[1765934257599] [SESSION] [ID:17] ACTION:65_88_1;66_82_3;67_57_3;68_18_2;
[1765934257600] [DEBUG] [ID:6] Client 106 joined as PLAYER
[1765934257600] [DEBUG] [ID:0] server: accepted connection from 127.0.0.1
[1765934257650] [SESSION] [ID:11] ACTION:41_71_1;42_80_1;43_44_3;44_22_3;
[1765934257650] [SESSION] [ID:17] EXTRA:68_2
[1765934257650] [SESSION] [ID:21] ACTION:81_94_2;82_55_1;2_98_5;4_15_2;
[1765934257650] [SESSION] [ID:2] ACTION:90_92_5;19_71_2;91_69_5;92_66_1;
[1765934257651] [DEBUG] [ID:6] Client 107 joined as PLAYER
[1765934257651] [SESSION] [ID:4] START:0_49_2;1_72_4;2_24_1;3_90_1;
[1765934257651] [DEBUG] [ID:0] server: accepted connection from 127.0.0.1
[1765934257701] [SESSION] [ID:18] ACTION:69_6_3;70_79_2;71_42_2;72_84_2;
[1765934257702] [DEBUG] [ID:6] Client 108 joined as PLAYER
[1765934257702] [DEBUG] [ID:0] server: accepted connection from 127.0.0.1
[1765934257752] [INFO] [ID:0] client disconnected
[1765934257752] [DEBUG] [ID:9] User left remain 0 nb player 3
[1765934257752] [SESSION] [ID:13] ACTION:49_61_2;50_19_1;51_8_1;52_65_3;
[1765934257752] [INFO] [ID:0] Session unregistered 9
[1765934257752] [SESSION] [ID:16] ACTION:61_71_1;62_30_3;63_2_4;64_28_2;
[1765934257752] [SESSION] [ID:20] EXTRA:77_2
[1765934257752] [SESSION] [ID:22] ACTION:87_87_4;88_13_2;89_101_1;9_100_1;
[1765934257752] [SESSION] [ID:5] ACTION:97_69_4;98_23_5;99_25_4;100_22_3;
[1765934257753] [DEBUG] [ID:7] Try to init: id: 7, cap: 4, is_vis: 0
[1765934257753] [DEBUG] [ID:0] server: accepted connection from 127.0.0.1
[1765934257753] [DEBUG] [ID:7] Client 109 joined as PLAYER
[1765934257753] [SESSION] [ID:16] EXTRA:63_2
[1765934257804] [INFO] [ID:0] client disconnected
[1765934257804] [SESSION] [ID:14] ACTION:53_101_3;54_69_2;55_24_4;56_75_2;
[1765934257804] [DEBUG] [ID:7] Client 110 joined as PLAYER
[1765934257804] [DEBUG] [ID:0] server: accepted connection from 127.0.0.1
[1765934257855] [SESSION] [ID:15] EXTRA:60_2
[1765934257855] [SESSION] [ID:12] ACTION:45_15_2;46_40_5;47_4_1;48_23_1;
[1765934257855] [SESSION] [ID:1] ACTION:83_92_2;84_101_1;85_54_2;86_87_2;
[1765934257855] [SESSION] [ID:3] ACTION:93_79_1;94_86_2;95_85_2;96_78_4;
[1765934257855] [SESSION] [ID:6] START:0_43_1;1_12_4;2_48_4;3_60_1;
[1765934257855] [DEBUG] [ID:7] Client 36 joined as PLAYER
[1765934257855] [DEBUG] [ID:0] server: accepted connection from 127.0.0.1
[1765934257906] [SESSION] [ID:10] EXTRA:37_0
[1765934257906] [DEBUG] [ID:10] Phase result:
[1765934257906] [DEBUG] [ID:10] (37: 25)
[1765934257906] [SESSION] [ID:14] EXTRA:55_1
[1765934257906] [DEBUG] [ID:10] (38: 24)
[1765934257906] [DEBUG] [ID:10] (39: 20)
[1765934257906] [DEBUG] [ID:10] (40: 1)
[1765934257906] [SESSION] [ID:10] PHASE_RESULT:37_25;38_24;39_20;40_1;
[1765934257906] [SESSION] [ID:19] ACTION:73_60_4;74_69_2;75_57_3;76_83_2;
[1765934257906] [DEBUG] [ID:7] Client 111 joined as PLAYER
[1765934257906] [DEBUG] [ID:0] server: accepted connection from 127.0.0.1
[1765934257907] [INFO] [ID:0] client disconnected
[1765934257907] [DEBUG] [ID:10] User left remain 3 nb player 4
[1765934257907] [INFO] [ID:0] client disconnected
[1765934257907] [DEBUG] [ID:10] User left remain 2 nb player 4
[1765934257907] [DEBUG] [ID:10] User left remain 1 nb player 4
[1765934257957] [SESSION] [ID:11] ACTION:41_82_2;42_97_4;43_50_3;44_39_5;
[1765934257957] [SESSION] [ID:17] ACTION:65_79_1;66_36_2;67_22_1;68_20_3;
[1765934257957] [SESSION] [ID:21] ACTION:81_57_1;82_66_4;2_58_1;4_61_2;
[1765934257957] [SESSION] [ID:2] ACTION:90_95_1;19_33_3;91_27_1;92_72_3;
[1765934257957] [SESSION] [ID:4] ACTION:101_27_1;102_94_4;103_25_1;104_26_2;
[1765934257957] [DEBUG] [ID:9] Try to init: id: 9, cap: 4, is_vis: 0
[1765934257958] [DEBUG] [ID:0] server: accepted connection from 127.0.0.1
[1765934257958] [DEBUG] [ID:9] Client 112 joined as PLAYER
[1765934257958] [DEBUG] [ID:9] Client 113 joined as PLAYER
[1765934258008] [SESSION] [ID:18] EXTRA:69_1
[1765934258009] [DEBUG] [ID:9] Client 114 joined as PLAYER
[1765934258009] [DEBUG] [ID:0] server: accepted connection from 127.0.0.1
[1765934258059] [SESSION] [ID:13] ACTION:49_64_5;50_31_5;51_12_3;52_15_2;
[1765934258059] [SESSION] [ID:16] ACTION:61_38_2;62_3_2;63_37_2;64_32_2;
[1765934258059] [SESSION] [ID:20] ACTION:77_13_2;78_70_1;79_36_2;80_67_2;
[1765934258059] [SESSION] [ID:22] ACTION:87_16_1;88_15_2;89_30_4;9_19_1;
[1765934258059] [SESSION] [ID:5] ACTION:97_72_1;98_70_2;99_77_3;100_78_3;
[1765934258059] [DEBUG] [ID:9] Client 115 joined as PLAYER
[1765934258059] [SESSION] [ID:7] START:0_23_1;1_19_2;2_7_3;3_62_4;
[1765934258060] [DEBUG] [ID:0] server: accepted connection from 127.0.0.1
[1765934258060] [SESSION] [ID:16] EXTRA:62_0
[1765934258110] [DEBUG] [ID:23] Try to init: id: 23, cap: 4, is_vis: 0
[1765934258111] [DEBUG] [ID:0] server: accepted connection from 127.0.0.1
[1765934258111] [SESSION] [ID:12] EXTRA:47_3
[1765934258111] [DEBUG] [ID:12] Phase result:
[1765934258111] [DEBUG] [ID:12] (45: 0)
[1765934258111] [DEBUG] [ID:12] (46: 27)
[1765934258111] [DEBUG] [ID:12] (47: 24)
[1765934258111] [DEBUG] [ID:12] (48: 26)
[1765934258111] [SESSION] [ID:12] PHASE_RESULT:45_0;46_27;47_24;48_26;
[1765934258111] [INFO] [ID:0] client disconnected
[1765934258111] [DEBUG] [ID:12] User left remain 2 nb player 3
[1765934258111] [DEBUG] [ID:23] Client 116 joined as PLAYER
[1765934258161] [INFO] [ID:0] client disconnected
[1765934258162] [SESSION] [ID:15] ACTION:57_7_1;58_16_1;59_18_3;60_11_5;
[1765934258162] [SESSION] [ID:1] ACTION:83_21_1;84_34_3;85_99_5;86_78_3;
[1765934258162] [SESSION] [ID:3] ACTION:93_24_2;94_94_2;95_96_1;96_84_2;
[1765934258162] [SESSION] [ID:6] ACTION:105_13_3;106_46_1;107_63_2;108_49_4;
[1765934258162] [DEBUG] [ID:23] Client 117 joined as PLAYER
[1765934258162] [DEBUG] [ID:0] server: accepted connection from 127.0.0.1
[1765934258162] [SESSION] [ID:15] EXTRA:57_2
[1765934258213] [DEBUG] [ID:10] User left remain 0 nb player 4
[1765934258213] [SESSION] [ID:14] ACTION:53_102_4;54_71_1;55_28_5;56_76_1;
[1765934258213] [DEBUG] [ID:14] Phase result:
[1765934258213] [DEBUG] [ID:14] (53: 27)
[1765934258213] [SESSION] [ID:19] ACTION:73_67_4;74_70_3;75_86_5;76_87_2;
[1765934258213] [DEBUG] [ID:14] (54: 21)
[1765934258213] [DEBUG] [ID:14] (55: 6)
[1765934258213] [DEBUG] [ID:14] (56: 15)
[1765934258213] [SESSION] [ID:14] PHASE_RESULT:53_27;54_21;55_6;56_15;
[1765934258213] [INFO] [ID:0] Session unregistered 10
[1765934258213] [DEBUG] [ID:23] Client 118 joined as PLAYER
[1765934258213] [DEBUG] [ID:0] server: accepted connection from 127.0.0.1
[1765934258213] [INFO] [ID:0] client disconnected
[1765934258213] [DEBUG] [ID:14] User left remain 3 nb player 4
[1765934258264] [INFO] [ID:0] client disconnected
[1765934258264] [SESSION] [ID:21] ACTION:81_75_1;82_67_2;2_69_2;4_70_4;
[1765934258264] [SESSION] [ID:4] ACTION:101_95_4;102_97_2;103_99_2;104_81_1;
[1765934258264] [SESSION] [ID:11] EXTRA:44_2
[1765934258264] [SESSION] [ID:2] ACTION:90_40_1;19_34_2;91_37_4;92_36_1;
[1765934258264] [SESSION] [ID:17] ACTION:65_46_4;66_38_5;67_68_1;68_19_2;
[1765934258264] [SESSION] [ID:9] START:0_92_4;1_46_3;2_89_5;3_45_2;
[1765934258264] [DEBUG] [ID:23] Client 119 joined as PLAYER
[1765934258264] [DEBUG] [ID:0] server: accepted connection from 127.0.0.1
[1765934258315] [SESSION] [ID:18] ACTION:69_21_2;70_4_4;71_43_1;72_44_2;
[1765934258315] [DEBUG] [ID:10] Try to init: id: 10, cap: 4, is_vis: 0
[1765934258316] [DEBUG] [ID:0] server: accepted connection from 127.0.0.1
[1765934258316] [SESSION] [ID:18] EXTRA:70_3
[1765934258316] [DEBUG] [ID:10] Client 120 joined as PLAYER
[1765934258367] [SESSION] [ID:13] EXTRA:51_2
[1765934258367] [DEBUG] [ID:13] Phase result:
[1765934258367] [DEBUG] [ID:13] (49: 39)
[1765934258367] [SESSION] [ID:16] ACTION:61_43_5;62_34_3;63_40_3;64_42_4;
[1765934258367] [DEBUG] [ID:13] (50: 0)
[1765934258367] [DEBUG] [ID:13] (51: 25)
[1765934258367] [DEBUG] [ID:13] (52: 7)
[1765934258367] [SESSION] [ID:20] EXTRA:77_1
[1765934258367] [SESSION] [ID:13] PHASE_RESULT:49_39;50_0;51_25;52_7;
[1765934258367] [SESSION] [ID:22] ACTION:87_73_5;88_102_2;89_33_4;9_51_1;
[1765934258367] [SESSION] [ID:7] ACTION:109_22_1;110_26_3;36_9_5;111_20_1;
[1765934258367] [SESSION] [ID:5] ACTION:97_68_1;98_21_1;99_87_2;100_79_1;
[1765934258367] [DEBUG] [ID:10] Client 121 joined as PLAYER
[1765934258367] [DEBUG] [ID:0] server: accepted connection from 127.0.0.1
[1765934258368] [INFO] [ID:0] client disconnected
[1765934258368] [DEBUG] [ID:13] User left remain 3 nb player 4
[1765934258368] [INFO] [ID:0] client disconnected
[1765934258368] [DEBUG] [ID:13] User left remain 2 nb player 4
[1765934258368] [INFO] [ID:0] client disconnected
[1765934258368] [DEBUG] [ID:13] User left remain 1 nb player 4
[1765934258418] [INFO] [ID:0] client disconnected
[1765934258418] [DEBUG] [ID:12] User left remain 0 nb player 2
[1765934258418] [INFO] [ID:0] client disconnected
[1765934258419] [DEBUG] [ID:14] User left remain 1 nb player 3
[1765934258419] [INFO] [ID:0] Session unregistered 12
[1765934258419] [DEBUG] [ID:10] Client 122 joined as PLAYER
[1765934258419] [DEBUG] [ID:0] server: accepted connection from 127.0.0.1
[1765934258419] [SESSION] [ID:23] START:0_64_4;1_30_1;2_41_4;3_75_3;
[1765934258470] [SESSION] [ID:15] ACTION:57_8_1;58_26_4;59_23_2;60_22_5;
[1765934258470] [SESSION] [ID:1] EXTRA:83_1
[1765934258470] [SESSION] [ID:3] EXTRA:93_0
[1765934258470] [SESSION] [ID:6] ACTION:105_65_2;106_71_3;107_17_1;108_52_5;
[1765934258470] [DEBUG] [ID:10] Client 45 joined as PLAYER
[1765934258470] [DEBUG] [ID:0] server: accepted connection from 127.0.0.1
[1765934258520] [INFO] [ID:0] client disconnected
[1765934258521] [DEBUG] [ID:14] User left remain 0 nb player 3
[1765934258521] [SESSION] [ID:19] ACTION:73_102_1;74_72_2;75_59_2;76_96_1;
[1765934258521] [INFO] [ID:0] Session unregistered 14
[1765934258521] [DEBUG] [ID:12] Try to init: id: 12, cap: 4, is_vis: 0
[1765934258521] [DEBUG] [ID:0] server: accepted connection from 127.0.0.1
[1765934258522] [DEBUG] [ID:12] Client 48 joined as PLAYER
[1765934258572] [SESSION] [ID:11] ACTION:41_72_3;42_98_1;43_55_4;44_43_5;
[1765934258572] [DEBUG] [ID:11] Phase result:
[1765934258572] [DEBUG] [ID:11] (41: 30)
[1765934258572] [SESSION] [ID:17] EXTRA:68_3
[1765934258572] [DEBUG] [ID:11] (42: 33)
[1765934258572] [DEBUG] [ID:11] (43: 0)
[1765934258572] [DEBUG] [ID:11] (44: 17)
[1765934258572] [SESSION] [ID:2] ACTION:90_85_1;19_45_5;91_46_4;92_47_2;
[1765934258572] [SESSION] [ID:21] ACTION:81_38_4;82_28_2;2_77_1;4_7_3;
[1765934258572] [SESSION] [ID:11] PHASE_RESULT:41_30;42_33;43_0;44_17;
[1765934258572] [SESSION] [ID:4] ACTION:101_54_2;102_55_3;103_84_4;104_70_3;
[1765934258572] [INFO] [ID:0] client disconnected
[1765934258572] [SESSION] [ID:9] ACTION:112_58_2;113_52_3;114_99_1;115_97_3;
[1765934258573] [DEBUG] [ID:0] server: accepted connection from 127.0.0.1
[1765934258573] [INFO] [ID:0] client disconnected
[1765934258573] [DEBUG] [ID:11] User left remain 3 nb player 4
[1765934258573] [INFO] [ID:0] client disconnected
[1765934258573] [DEBUG] [ID:11] User left remain 2 nb player 4
[1765934258573] [INFO] [ID:0] client disconnected
[1765934258573] [DEBUG] [ID:11] User left remain 1 nb player 4
[1765934258623] [SESSION] [ID:18] ACTION:69_34_4;70_22_2;71_31_1;72_23_2;
[1765934258623] [SESSION] [ID:10] START:0_88_2;1_58_1;2_26_3;3_65_4;
[1765934258623] [DEBUG] [ID:12] Client 123 joined as PLAYER
[1765934258623] [DEBUG] [ID:0] server: accepted connection from 127.0.0.1
[1765934258674] [INFO] [ID:0] client disconnected
[1765934258674] [SESSION] [ID:16] ACTION:61_75_3;62_36_1;63_104_1;64_85_4;
[1765934258674] [DEBUG] [ID:16] Phase result:
[1765934258674] [DEBUG] [ID:16] (61: 26)
[1765934258674] [DEBUG] [ID:16] (62: 20)
[1765934258674] [DEBUG] [ID:16] (63: 2)
[1765934258674] [SESSION] [ID:20] ACTION:77_4_3;78_62_1;79_60_4;80_40_5;
[1765934258674] [SESSION] [ID:22] ACTION:87_78_1;88_18_3;89_60_1;9_103_5;
[1765934258674] [DEBUG] [ID:16] (64: 32)
[1765934258674] [SESSION] [ID:5] ACTION:97_75_1;98_26_1;99_102_5;100_84_3;
[1765934258674] [SESSION] [ID:16] PHASE_RESULT:61_26;62_20;63_2;64_32;
[1765934258674] [SESSION] [ID:7] ACTION:109_24_4;110_29_1;36_12_1;111_30_2;
[1765934258675] [DEBUG] [ID:12] Client 124 joined as PLAYER
[1765934258675] [DEBUG] [ID:0] server: accepted connection from 127.0.0.1
[1765934258725] [SESSION] [ID:21] EXTRA:4_1
[1765934258726] [SESSION] [ID:22] EXTRA:88_2
[1765934258726] [DEBUG] [ID:14] Try to init: id: 14, cap: 4, is_vis: 0
[1765934258726] [SESSION] [ID:23] ACTION:116_31_4;117_37_3;118_48_1;119_76_5;
[1765934258726] [DEBUG] [ID:0] server: accepted connection from 127.0.0.1
[1765934258726] [DEBUG] [ID:14] Client 125 joined as PLAYER
[1765934258777] [SESSION] [ID:15] EXTRA:57_2
[1765934258777] [SESSION] [ID:3] ACTION:93_97_3;94_25_4;95_31_1;96_28_2;
[1765934258777] [SESSION] [ID:1] ACTION:83_70_1;84_35_1;85_76_4;86_38_1;
[1765934258777] [SESSION] [ID:6] ACTION:105_54_4;106_58_4;107_20_2;108_53_2;
[1765934258777] [DEBUG] [ID:14] Client 126 joined as PLAYER
[1765934258777] [DEBUG] [ID:0] server: accepted connection from 127.0.0.1
[1765934258828] [INFO] [ID:0] client disconnected
[1765934258828] [SESSION] [ID:19] ACTION:73_3_2;74_76_3;75_6_3;76_1_5;
[1765934258829] [DEBUG] [ID:14] Client 127 joined as PLAYER
[1765934258829] [DEBUG] [ID:0] server: accepted connection from 127.0.0.1
[1765934258879] [DEBUG] [ID:11] User left remain 0 nb player 4
[1765934258879] [SESSION] [ID:17] ACTION:65_48_2;66_12_4;67_24_2;68_10_1;
[1765934258879] [INFO] [ID:0] Session unregistered 11
[1765934258879] [SESSION] [ID:2] ACTION:90_87_3;19_50_1;91_86_3;92_11_4;
[1765934258879] [SESSION] [ID:4] ACTION:101_71_1;102_77_3;103_91_3;104_34_2;
[1765934258879] [SESSION] [ID:9] ACTION:112_71_1;113_62_4;114_102_1;115_77_1;
[1765934258879] [DEBUG] [ID:14] Client 128 joined as PLAYER
[1765934258880] [DEBUG] [ID:0] server: accepted connection from 127.0.0.1
[1765934258930] [SESSION] [ID:18] ACTION:69_12_3;70_2_3;71_35_2;72_41_1;
[1765934258930] [SESSION] [ID:19] EXTRA:76_1
[1765934258930] [DEBUG] [ID:11] Try to init: id: 11, cap: 4, is_vis: 0
[1765934258930] [SESSION] [ID:10] ACTION:120_92_3;121_59_2;122_91_4;45_94_1;
[1765934258931] [DEBUG] [ID:0] server: accepted connection from 127.0.0.1
[1765934258931] [DEBUG] [ID:11] Client 129 joined as PLAYER
[1765934258982] [DEBUG] [ID:16] User left remain 2 nb player 3
[1765934258982] [INFO] [ID:0] client disconnected
[1765934258982] [DEBUG] [ID:16] User left remain 1 nb player 3
[1765934258982] [INFO] [ID:0] client disconnected
[1765934258982] [DEBUG] [ID:16] User left remain 0 nb player 3
[1765934258982] [SESSION] [ID:20] EXTRA:77_3
[1765934258982] [SESSION] [ID:5] ACTION:97_30_4;98_103_4;99_27_5;100_36_1;
[1765934258982] [INFO] [ID:0] Session unregistered 16
[1765934258982] [SESSION] [ID:7] ACTION:109_63_5;110_76_1;36_31_1;111_15_3;
[1765934258982] [DEBUG] [ID:11] Client 130 joined as PLAYER
[1765934258982] [DEBUG] [ID:0] server: accepted connection from 127.0.0.1
[1765934259033] [SESSION] [ID:21] ACTION:81_11_2;82_71_3;2_17_3;4_79_2;
[1765934259033] [SESSION] [ID:2] EXTRA:92_0
[1765934259033] [SESSION] [ID:22] ACTION:87_80_5;88_21_2;89_43_4;9_82_1;
[1765934259033] [SESSION] [ID:23] ACTION:116_38_3;117_39_1;118_52_1;119_66_2;
[1765934259033] [DEBUG] [ID:11] Client 131 joined as PLAYER
[1765934259033] [DEBUG] [ID:0] server: accepted connection from 127.0.0.1
[1765934259033] [SESSION] [ID:14] START:0_49_2;1_24_1;2_17_3;3_31_4;
[1765934259084] [SESSION] [ID:1] ACTION:83_33_1;84_30_1;85_91_1;86_27_5;
[1765934259084] [SESSION] [ID:15] ACTION:57_83_1;58_41_1;59_33_2;60_38_4;
[1765934259084] [SESSION] [ID:3] ACTION:93_36_2;94_103_1;95_33_3;96_101_4;
[1765934259084] [DEBUG] [ID:15] Phase result:
[1765934259084] [DEBUG] [ID:15] (57: 25)
[1765934259084] [SESSION] [ID:6] ACTION:105_62_2;106_24_1;107_72_3;108_51_2;
[1765934259084] [DEBUG] [ID:15] (58: 16)
[1765934259084] [DEBUG] [ID:15] (59: 14)
[1765934259084] [DEBUG] [ID:15] (60: 18)
[1765934259084] [SESSION] [ID:15] PHASE_RESULT:57_25;58_16;59_14;60_18;
[1765934259084] [DEBUG] [ID:11] Client 132 joined as PLAYER
[1765934259085] [DEBUG] [ID:0] server: accepted connection from 127.0.0.1
[1765934259085] [INFO] [ID:0] client disconnected
[1765934259085] [DEBUG] [ID:15] User left remain 3 nb player 4
[1765934259085] [INFO] [ID:0] client disconnected
[1765934259085] [DEBUG] [ID:15] User left remain 2 nb player 4
[1765934259085] [DEBUG] [ID:15] User left remain 1 nb player 4
[1765934259085] [SESSION] [ID:1] EXTRA:86_0
[1765934259135] [DEBUG] [ID:16] Try to init: id: 16, cap: 4, is_vis: 0
[1765934259136] [DEBUG] [ID:0] server: accepted connection from 127.0.0.1
[1765934259136] [DEBUG] [ID:16] Client 133 joined as PLAYER
[1765934259186] [SESSION] [ID:17] EXTRA:68_3
[1765934259186] [SESSION] [ID:4] ACTION:101_96_4;102_44_5;103_78_2;104_39_5;
[1765934259187] [SESSION] [ID:9] ACTION:112_86_2;113_84_4;114_79_2;115_80_1;
[1765934259187] [DEBUG] [ID:16] Client 134 joined as PLAYER
[1765934259187] [DEBUG] [ID:0] server: accepted connection from 127.0.0.1
[1765934259187] [DEBUG] [ID:0] server: accepted connection from 127.0.0.1
[1765934259237] [SESSION] [ID:18] EXTRA:70_3
[1765934259238] [SESSION] [ID:19] ACTION:73_73_2;74_4_4;75_2_1;76_7_3;
[1765934259238] [SESSION] [ID:10] ACTION:120_34_1;121_95_2;122_61_2;45_36_3;
[1765934259238] [DEBUG] [ID:16] Client 135 joined as PLAYER
[1765934259238] [DEBUG] [ID:0] server: accepted connection from 127.0.0.1
[1765934259238] [SESSION] [ID:11] START:0_21_1;1_92_4;2_48_4;3_56_1;
[1765934259238] [SESSION] [ID:19] EXTRA:75_2
[1765934259238] [DEBUG] [ID:19] Phase result:
[1765934259238] [DEBUG] [ID:19] (73: 0)
[1765934259238] [DEBUG] [ID:19] (74: 49)
[1765934259238] [DEBUG] [ID:19] (75: 11)
[1765934259238] [DEBUG] [ID:19] (76: 24)
[1765934259238] [SESSION] [ID:19] PHASE_RESULT:73_0;74_49;75_11;76_24;
[1765934259289] [DEBUG] [ID:16] Client 136 joined as PLAYER
[1765934259289] [SESSION] [ID:7] ACTION:109_84_1;110_93_1;36_52_2;111_88_5;
[1765934259289] [SESSION] [ID:20] ACTION:77_16_2;78_2_4;79_15_1;80_3_1;
[1765934259289] [SESSION] [ID:5] ACTION:97_49_4;98_41_1;99_48_4;100_40_3;
[1765934259289] [DEBUG] [ID:0] server: accepted connection from 127.0.0.1
[1765934259289] [SESSION] [ID:20] EXTRA:78_3
[1765934259340] [SESSION] [ID:21] ACTION:81_41_4;82_4_1;2_22_1;4_76_3;
[1765934259340] [SESSION] [ID:22] ACTION:87_99_2;88_58_3;89_75_3;9_10_1;
[1765934259340] [SESSION] [ID:2] ACTION:90_13_3;19_55_2;91_32_3;92_28_2;
[1765934259340] [SESSION] [ID:23] ACTION:116_71_2;117_58_1;118_53_1;119_69_2;
[1765934259340] [SESSION] [ID:14] ACTION:125_38_2;126_26_1;127_28_2;128_32_1;
[1765934259340] [DEBUG] [ID:24] Try to init: id: 24, cap: 4, is_vis: 0
[1765934259340] [DEBUG] [ID:0] server: accepted connection from 127.0.0.1
[1765934259341] [SESSION] [ID:21] EXTRA:82_2
[1765934259341] [DEBUG] [ID:24] Client 137 joined as PLAYER
[1765934259391] [DEBUG] [ID:15] User left remain 0 nb player 4
[1765934259391] [SESSION] [ID:1] ACTION:83_26_2;84_43_1;85_8_1;86_42_4;
[1765934259391] [SESSION] [ID:3] ACTION:93_39_1;94_38_1;95_47_1;96_53_1;
[1765934259391] [INFO] [ID:0] Session unregistered 15
[1765934259391] [SESSION] [ID:6] ACTION:105_64_1;106_83_1;107_89_1;108_10_3;
[1765934259392] [DEBUG] [ID:24] Client 138 joined as PLAYER
[1765934259392] [DEBUG] [ID:0] server: accepted connection from 127.0.0.1
[1765934259392] [SESSION] [ID:1] EXTRA:85_2
[1765934259442] [INFO] [ID:0] client disconnected
[1765934259442] [SESSION] [ID:22] EXTRA:9_0
[1765934259442] [DEBUG] [ID:24] Client 139 joined as PLAYER
[1765934259443] [SESSION] [ID:16] START:0_29_1;1_57_3;2_83_2;3_15_2;
[1765934259443] [DEBUG] [ID:0] server: accepted connection from 127.0.0.1
[1765934259493] [SESSION] [ID:17] ACTION:65_50_2;66_14_3;67_28_3;68_4_1;
[1765934259493] [SESSION] [ID:4] ACTION:101_64_1;102_56_2;103_48_4;104_46_3;
[1765934259494] [SESSION] [ID:9] ACTION:112_72_4;113_4_3;114_12_2;115_82_5;
[1765934259494] [DEBUG] [ID:24] Client 140 joined as PLAYER
[1765934259494] [DEBUG] [ID:0] server: accepted connection from 127.0.0.1
[1765934259494] [SESSION] [ID:9] EXTRA:113_3
[1765934259545] [SESSION] [ID:18] ACTION:69_16_2;70_27_3;71_1_3;72_7_2;
[1765934259545] [DEBUG] [ID:19] User left remain 1 nb player 2
[1765934259545] [INFO] [ID:0] client disconnected
[1765934259545] [DEBUG] [ID:19] User left remain 0 nb player 2
[1765934259545] [SESSION] [ID:6] EXTRA:108_0
[1765934259545] [INFO] [ID:0] Session unregistered 19
[1765934259545] [SESSION] [ID:10] ACTION:120_103_5;121_42_1;122_63_3;45_39_1;
[1765934259545] [SESSION] [ID:11] ACTION:129_49_1;130_93_4;131_63_3;132_57_2;
[1765934259545] [DEBUG] [ID:15] Try to init: id: 15, cap: 4, is_vis: 0
[1765934259545] [DEBUG] [ID:0] server: accepted connection from 127.0.0.1
[1765934259545] [DEBUG] [ID:15] Client 141 joined as PLAYER
[1765934259546] [SESSION] [ID:18] EXTRA:71_1
[1765934259546] [DEBUG] [ID:18] Phase result:
[1765934259546] [DEBUG] [ID:18] (69: 13)
[1765934259546] [DEBUG] [ID:18] (70: 25)
[1765934259546] [DEBUG] [ID:18] (71: 15)
[1765934259546] [DEBUG] [ID:18] (72: 0)
[1765934259546] [SESSION] [ID:18] PHASE_RESULT:69_13;70_25;71_15;72_0;
[1765934259546] [INFO] [ID:0] client disconnected
[1765934259546] [INFO] [ID:0] client disconnected
[1765934259596] [SESSION] [ID:20] ACTION:77_23_3;78_12_2;79_18_3;80_21_3;
[1765934259596] [SESSION] [ID:5] ACTION:97_55_3;98_99_2;99_52_3;100_56_2;
[1765934259596] [SESSION] [ID:7] ACTION:109_94_1;110_55_2;36_56_3;111_99_4;
[1765934259597] [DEBUG] [ID:15] Client 142 joined as PLAYER
[1765934259597] [DEBUG] [ID:0] server: accepted connection from 127.0.0.1
[1765934259647] [SESSION] [ID:21] ACTION:81_40_1;82_3_1;2_6_3;4_51_2;
[1765934259647] [SESSION] [ID:2] ACTION:90_97_5;19_56_3;91_62_3;92_58_2;
[1765934259647] [SESSION] [ID:23] ACTION:116_16_1;117_83_3;118_97_1;119_94_1;
[1765934259647] [SESSION] [ID:14] ACTION:125_71_1;126_41_1;127_30_2;128_19_1;
[1765934259647] [DEBUG] [ID:15] Client 143 joined as PLAYER
[1765934259648] [SESSION] [ID:24] START:0_8_1;1_28_2;2_55_3;3_48_1;
[1765934259648] [DEBUG] [ID:0] server: accepted connection from 127.0.0.1
[1765934259698] [SESSION] [ID:1] ACTION:83_2_2;84_28_2;85_31_5;86_6_2;
[1765934259698] [SESSION] [ID:3] ACTION:93_51_3;94_9_2;95_95_1;96_87_1;
[1765934259699] [DEBUG] [ID:15] Client 144 joined as PLAYER
[1765934259699] [DEBUG] [ID:0] server: accepted connection from 127.0.0.1
[1765934259699] [SESSION] [ID:3] EXTRA:94_2
[1765934259749] [SESSION] [ID:22] ACTION:87_25_1;88_3_2;89_1_2;9_24_1;
[1765934259750] [SESSION] [ID:16] ACTION:133_88_1;134_61_2;135_21_1;136_16_4;
[1765934259750] [DEBUG] [ID:19] Try to init: id: 19, cap: 4, is_vis: 0
[1765934259750] [DEBUG] [ID:0] server: accepted connection from 127.0.0.1
[1765934259750] [SESSION] [ID:22] EXTRA:89_2
[1765934259750] [DEBUG] [ID:19] Client 73 joined as PLAYER
[1765934259801] [SESSION] [ID:17] EXTRA:68_2
[1765934259801] [DEBUG] [ID:17] Phase result:
[1765934259801] [DEBUG] [ID:17] (65: 13)
[1765934259801] [DEBUG] [ID:17] (66: 9)
[1765934259801] [SESSION] [ID:4] ACTION:101_17_5;102_1_5;103_87_2;104_43_4;
[1765934259801] [DEBUG] [ID:17] (67: 22)
[1765934259801] [SESSION] [ID:9] ACTION:112_44_1;113_66_3;114_104_4;115_30_3;
[1765934259801] [DEBUG] [ID:17] (68: 23)
[1765934259801] [SESSION] [ID:17] PHASE_RESULT:65_13;66_9;67_22;68_23;
[1765934259801] [DEBUG] [ID:19] Client 145 joined as PLAYER
[1765934259801] [DEBUG] [ID:0] server: accepted connection from 127.0.0.1
[1765934259801] [DEBUG] [ID:17] User left remain 3 nb player 4
[1765934259801] [INFO] [ID:0] client disconnected
[1765934259801] [DEBUG] [ID:17] User left remain 1 nb player 3
[1765934259852] [DEBUG] [ID:18] User left remain 1 nb player 2
[1765934259852] [INFO] [ID:0] client disconnected
[1765934259852] [DEBUG] [ID:18] User left remain 0 nb player 2
[1765934259852] [SESSION] [ID:4] EXTRA:102_1
[1765934259852] [SESSION] [ID:6] ACTION:105_91_2;106_92_1;107_9_2;108_94_2;
[1765934259852] [INFO] [ID:0] Session unregistered 18
[1765934259852] [SESSION] [ID:10] ACTION:120_77_1;121_99_4;122_73_3;45_79_2;
[1765934259852] [SESSION] [ID:11] ACTION:129_53_3;130_50_1;131_104_5;132_26_3;
[1765934259852] [SESSION] [ID:15] START:0_3_1;1_82_3;2_56_4;3_48_2;
[1765934259852] [DEBUG] [ID:19] Client 146 joined as PLAYER
[1765934259852] [DEBUG] [ID:0] server: accepted connection from 127.0.0.1
[1765934259852] [SESSION] [ID:6] EXTRA:107_3
[1765934259903] [SESSION] [ID:20] EXTRA:78_1
[1765934259903] [SESSION] [ID:5] ACTION:97_34_1;98_1_3;99_57_1;100_46_1;
[1765934259903] [SESSION] [ID:9] EXTRA:115_2
[1765934259903] [SESSION] [ID:7] ACTION:109_60_2;110_101_1;36_67_2;111_102_2;
[1765934259903] [DEBUG] [ID:19] Client 69 joined as PLAYER
[1765934259903] [DEBUG] [ID:0] server: accepted connection from 127.0.0.1
[1765934259954] [SESSION] [ID:21] EXTRA:82_0
[1765934259954] [DEBUG] [ID:21] Phase result:
[1765934259954] [DEBUG] [ID:21] (81: 34)
[1765934259954] [DEBUG] [ID:21] (82: 23)
[1765934259954] [SESSION] [ID:2] ACTION:90_102_1;19_83_1;91_98_1;92_9_3;
[1765934259954] [DEBUG] [ID:21] (2: 0)
[1765934259954] [DEBUG] [ID:21] (4: 9)
[1765934259954] [SESSION] [ID:5] EXTRA:98_3
[1765934259954] [SESSION] [ID:21] PHASE_RESULT:81_34;82_23;2_0;4_9;
[1765934259954] [SESSION] [ID:23] EXTRA:116_1
[1765934259954] [SESSION] [ID:14] ACTION:125_78_1;126_21_4;127_20_5;128_73_1;
[1765934259954] [DEBUG] [ID:18] Try to init: id: 18, cap: 4, is_vis: 0
[1765934259954] [SESSION] [ID:24] ACTION:137_60_3;138_30_1;139_49_4;140_12_5;
[1765934259955] [DEBUG] [ID:0] server: accepted connection from 127.0.0.1
[1765934259955] [DEBUG] [ID:18] Client 72 joined as PLAYER
[1765934259955] [INFO] [ID:0] client disconnected
[1765934259955] [DEBUG] [ID:21] User left remain 3 nb player 4
[1765934259955] [INFO] [ID:0] client disconnected
[1765934259955] [DEBUG] [ID:21] User left remain 2 nb player 4
[1765934259955] [INFO] [ID:0] client disconnected
[1765934259955] [DEBUG] [ID:21] User left remain 1 nb player 4
[1765934260005] [SESSION] [ID:1] EXTRA:83_2
[1765934260005] [SESSION] [ID:3] ACTION:93_11_1;94_13_1;95_1_1;96_29_1;
[1765934260006] [DEBUG] [ID:18] Client 147 joined as PLAYER
[1765934260006] [DEBUG] [ID:0] server: accepted connection from 127.0.0.1
[1765934260006] [SESSION] [ID:3] EXTRA:95_1
[1765934260056] [SESSION] [ID:22] ACTION:87_7_1;88_64_3;89_76_1;9_29_3;
[1765934260056] [DEBUG] [ID:22] Phase result:
[1765934260056] [DEBUG] [ID:22] (87: 15)
[1765934260056] [DEBUG] [ID:22] (88: 11)
[1765934260056] [DEBUG] [ID:22] (89: 24)
[1765934260056] [DEBUG] [ID:22] (9: 20)
[1765934260056] [SESSION] [ID:22] PHASE_RESULT:87_15;88_11;89_24;9_20;
[1765934260056] [SESSION] [ID:16] ACTION:133_24_1;134_63_3;135_25_2;136_31_4;
[1765934260057] [SESSION] [ID:19] START:0_39_3;1_48_1;2_94_4;3_86_4;
[1765934260057] [DEBUG] [ID:18] Client 148 joined as PLAYER
[1765934260057] [DEBUG] [ID:0] server: accepted connection from 127.0.0.1
[1765934260107] [DEBUG] [ID:17] User left remain 0 nb player 3
[1765934260107] [INFO] [ID:0] Session unregistered 17
[1765934260107] [DEBUG] [ID:17] Try to init: id: 17, cap: 4, is_vis: 0
[1765934260107] [DEBUG] [ID:18] Client 149 joined as PLAYER
[1765934260108] [DEBUG] [ID:0] server: accepted connection from 127.0.0.1
[1765934260108] [DEBUG] [ID:17] Client 150 joined as PLAYER
[1765934260158] [SESSION] [ID:4] ACTION:101_9_2;102_61_2;103_45_2;104_42_3;
[1765934260158] [SESSION] [ID:10] ACTION:120_97_1;121_86_3;122_90_3;45_15_2;
[1765934260158] [SESSION] [ID:6] ACTION:105_31_5;106_8_4;107_40_1;108_25_2;
[1765934260158] [SESSION] [ID:11] ACTION:129_28_2;130_42_1;131_32_2;132_71_2;
[1765934260158] [SESSION] [ID:15] ACTION:141_51_2;142_58_5;143_5_3;144_84_2;
[1765934260158] [DEBUG] [ID:17] Client 66 joined as PLAYER
[1765934260158] [DEBUG] [ID:0] server: accepted connection from 127.0.0.1
[1765934260159] [SESSION] [ID:6] EXTRA:106_2
[1765934260209] [INFO] [ID:0] client disconnected
[1765934260209] [SESSION] [ID:20] ACTION:77_24_2;78_11_1;79_30_1;80_35_3;
[1765934260209] [DEBUG] [ID:22] User left remain 3 nb player 4
[1765934260209] [SESSION] [ID:7] ACTION:109_28_4;110_98_1;36_14_3;111_18_2;
[1765934260209] [SESSION] [ID:9] ACTION:112_25_3;113_70_1;114_68_1;115_31_3;
[1765934260210] [DEBUG] [ID:17] Client 151 joined as PLAYER
[1765934260210] [DEBUG] [ID:0] server: accepted connection from 127.0.0.1
[1765934260260] [DEBUG] [ID:21] User left remain 0 nb player 4
[1765934260260] [INFO] [ID:0] client disconnected
[1765934260260] [DEBUG] [ID:22] User left remain 2 nb player 4
[1765934260260] [INFO] [ID:0] Session unregistered 21
[1765934260260] [SESSION] [ID:2] EXTRA:92_2
[1765934260260] [SESSION] [ID:5] ACTION:97_58_1;98_4_2;99_5_1;100_9_1;
[1765934260260] [SESSION] [ID:23] ACTION:116_18_3;117_20_4;118_50_1;119_22_4;
[1765934260260] [SESSION] [ID:14] ACTION:125_81_3;126_36_2;127_79_3;128_44_4;
[1765934260260] [SESSION] [ID:24] ACTION:137_34_2;138_14_1;139_51_3;140_63_1;
[1765934260261] [DEBUG] [ID:17] Client 152 joined as PLAYER
[1765934260261] [SESSION] [ID:18] START:0_50_4;1_61_1;2_21_2;3_71_1;
[1765934260261] [DEBUG] [ID:0] server: accepted connection from 127.0.0.1
[1765934260311] [SESSION] [ID:1] ACTION:83_1_3;84_10_3;85_9_3;86_20_1;
[1765934260312] [SESSION] [ID:3] ACTION:93_52_4;94_15_1;95_14_4;96_16_3;
[1765934260312] [SESSION] [ID:7] EXTRA:36_3
[1765934260312] [SESSION] [ID:10] EXTRA:45_3
[1765934260312] [DEBUG] [ID:21] Try to init: id: 21, cap: 4, is_vis: 0
[1765934260312] [DEBUG] [ID:0] server: accepted connection from 127.0.0.1
[1765934260313] [DEBUG] [ID:21] Client 153 joined as PLAYER
[1765934260363] [DEBUG] [ID:22] User left remain 1 nb player 4
[1765934260363] [INFO] [ID:0] client disconnected
[1765934260363] [DEBUG] [ID:22] User left remain 0 nb player 4
[1765934260363] [INFO] [ID:0] Session unregistered 22
[1765934260364] [SESSION] [ID:16] ACTION:133_65_3;134_69_2;135_67_1;136_97_2;
[1765934260364] [SESSION] [ID:19] ACTION:73_97_1;145_44_5;146_87_1;69_51_1;
[1765934260364] [DEBUG] [ID:21] Client 154 joined as PLAYER
[1765934260364] [DEBUG] [ID:0] server: accepted connection from 127.0.0.1
[1765934260414] [SESSION] [ID:9] EXTRA:112_0
[1765934260414] [SESSION] [ID:4] EXTRA:101_2
[1765934260415] [DEBUG] [ID:21] Client 155 joined as PLAYER
[1765934260415] [DEBUG] [ID:0] server: accepted connection from 127.0.0.1
[1765934260415] [SESSION] [ID:17] START:0_76_4;1_1_2;2_49_2;3_72_3;
[1765934260465] [SESSION] [ID:6] ACTION:105_69_2;106_30_5;107_41_3;108_76_1;
[1765934260465] [SESSION] [ID:11] ACTION:129_61_1;130_84_1;131_74_5;132_87_5;
[1765934260466] [SESSION] [ID:15] ACTION:141_85_3;142_87_1;143_55_1;144_61_1;
[1765934260466] [DEBUG] [ID:21] Client 156 joined as PLAYER
[1765934260466] [DEBUG] [ID:0] server: accepted connection from 127.0.0.1
[1765934260516] [SESSION] [ID:20] EXTRA:78_1
[1765934260517] [DEBUG] [ID:22] Try to init: id: 22, cap: 4, is_vis: 0
[1765934260517] [DEBUG] [ID:0] server: accepted connection from 127.0.0.1
[1765934260517] [DEBUG] [ID:22] Client 157 joined as PLAYER
[1765934260568] [SESSION] [ID:2] ACTION:90_31_3;19_7_1;91_53_2;92_54_2;
[1765934260568] [SESSION] [ID:23] ACTION:116_2_2;117_3_4;118_12_2;119_42_2;
[1765934260568] [SESSION] [ID:5] ACTION:97_104_2;98_8_5;99_13_1;100_86_1;
[1765934260568] [SESSION] [ID:14] ACTION:125_3_4;126_90_1;127_82_4;128_93_1;
[1765934260568] [SESSION] [ID:24] ACTION:137_67_2;138_36_1;139_38_2;140_19_1;
[1765934260568] [SESSION] [ID:18] ACTION:72_52_3;147_64_1;148_74_2;149_76_3;
[1765934260568] [DEBUG] [ID:22] Client 158 joined as PLAYER
[1765934260568] [DEBUG] [ID:0] server: accepted connection from 127.0.0.1
[1765934260568] [SESSION] [ID:2] EXTRA:19_2
[1765934260568] [DEBUG] [ID:2] Phase result:
[1765934260568] [DEBUG] [ID:2] (90: 13)
[1765934260568] [DEBUG] [ID:2] (19: 15)
[1765934260569] [DEBUG] [ID:2] (91: 11)
[1765934260569] [DEBUG] [ID:2] (92: 46)
[1765934260569] [SESSION] [ID:2] PHASE_RESULT:90_13;19_15;91_11;92_46;
[1765934260569] [INFO] [ID:0] client disconnected
[1765934260569] [INFO] [ID:0] client disconnected
[1765934260619] [SESSION] [ID:1] EXTRA:83_3
[1765934260619] [DEBUG] [ID:1] Phase result:
[1765934260619] [DEBUG] [ID:1] (83: 26)
[1765934260619] [SESSION] [ID:3] EXTRA:95_1
[1765934260619] [DEBUG] [ID:1] (84: 0)
[1765934260619] [DEBUG] [ID:1] (85: 34)
[1765934260619] [SESSION] [ID:7] ACTION:109_59_2;110_100_4;36_41_5;111_72_1;
[1765934260619] [DEBUG] [ID:1] (86: 4)
[1765934260619] [SESSION] [ID:10] ACTION:120_16_1;121_48_4;122_102_3;45_98_1;
[1765934260619] [SESSION] [ID:1] PHASE_RESULT:83_26;84_0;85_34;86_4;
[1765934260620] [DEBUG] [ID:22] Client 159 joined as PLAYER
[1765934260620] [DEBUG] [ID:0] server: accepted connection from 127.0.0.1
[1765934260620] [INFO] [ID:0] client disconnected
[1765934260620] [SESSION] [ID:21] START:0_27_2;1_70_2;2_57_1;3_77_1;
[1765934260620] [DEBUG] [ID:1] User left remain 3 nb player 4
[1765934260620] [INFO] [ID:0] client disconnected
[1765934260620] [DEBUG] [ID:1] User left remain 2 nb player 4
[1765934260620] [INFO] [ID:0] client disconnected
[1765934260620] [DEBUG] [ID:1] User left remain 1 nb player 4
[1765934260671] [SESSION] [ID:19] ACTION:73_62_3;145_65_1;146_45_2;69_52_2;
[1765934260671] [DEBUG] [ID:22] Client 160 joined as PLAYER
[1765934260671] [SESSION] [ID:16] ACTION:133_71_3;134_80_1;135_72_2;136_101_3;
[1765934260671] [DEBUG] [ID:0] server: accepted connection from 127.0.0.1
[1765934260721] [SESSION] [ID:4] ACTION:101_21_3;102_5_1;103_62_2;104_6_3;
[1765934260721] [SESSION] [ID:9] ACTION:112_1_4;113_34_3;114_38_5;115_35_3;
[1765934260722] [DEBUG] [ID:25] Try to init: id: 25, cap: 4, is_vis: 0
[1765934260722] [SESSION] [ID:17] ACTION:150_78_3;66_75_2;151_77_2;152_82_3;
[1765934260722] [DEBUG] [ID:0] server: accepted connection from 127.0.0.1
[1765934260722] [DEBUG] [ID:25] Client 161 joined as PLAYER
[1765934260773] [SESSION] [ID:4] EXTRA:102_2
[1765934260773] [SESSION] [ID:6] ACTION:105_77_1;106_84_1;107_78_1;108_80_1;
[1765934260773] [SESSION] [ID:11] ACTION:129_97_2;130_88_2;131_89_1;132_18_1;
[1765934260773] [SESSION] [ID:15] ACTION:141_88_1;142_10_4;143_12_1;144_63_1;
[1765934260773] [DEBUG] [ID:25] Client 162 joined as PLAYER
[1765934260773] [DEBUG] [ID:0] server: accepted connection from 127.0.0.1
[1765934260824] [SESSION] [ID:20] ACTION:77_26_4;78_8_5;79_64_2;80_69_1;
[1765934260824] [DEBUG] [ID:25] Client 163 joined as PLAYER
[1765934260825] [SESSION] [ID:22] START:0_37_2;1_63_2;2_82_3;3_92_1;
[1765934260825] [DEBUG] [ID:0] server: accepted connection from 127.0.0.1
[1765934260875] [DEBUG] [ID:2] User left remain 1 nb player 2
[1765934260875] [INFO] [ID:0] client disconnected
[1765934260875] [DEBUG] [ID:2] User left remain 0 nb player 2
[1765934260875] [SESSION] [ID:5] EXTRA:98_2
[1765934260875] [DEBUG] [ID:5] Phase result:
[1765934260875] [DEBUG] [ID:5] (97: 9)
[1765934260875] [INFO] [ID:0] Session unregistered 2
[1765934260875] [SESSION] [ID:23] EXTRA:116_2
[1765934260875] [DEBUG] [ID:5] (98: 17)
[1765934260875] [SESSION] [ID:14] EXTRA:125_0
[1765934260875] [DEBUG] [ID:5] (99: 46)
[1765934260875] [DEBUG] [ID:5] (100: 11)
[1765934260875] [SESSION] [ID:5] PHASE_RESULT:97_9;98_17;99_46;100_11;
[1765934260875] [SESSION] [ID:24] ACTION:137_62_3;138_68_1;139_76_3;140_56_2;
[1765934260875] [SESSION] [ID:18] ACTION:72_68_4;147_56_5;148_57_5;149_69_4;
[1765934260876] [DEBUG] [ID:25] Client 164 joined as PLAYER
[1765934260876] [DEBUG] [ID:0] server: accepted connection from 127.0.0.1
[1765934260876] [INFO] [ID:0] client disconnected
[1765934260876] [DEBUG] [ID:5] User left remain 3 nb player 4
[1765934260876] [INFO] [ID:0] client disconnected
[1765934260876] [DEBUG] [ID:5] User left remain 2 nb player 4
[1765934260876] [INFO] [ID:0] client disconnected
[1765934260876] [DEBUG] [ID:5] User left remain 1 nb player 4
[1765934260927] [INFO] [ID:0] client disconnected
[1765934260927] [DEBUG] [ID:1] User left remain 0 nb player 4
[1765934260927] [SESSION] [ID:3] ACTION:93_26_1;94_6_2;95_18_2;96_19_4;
[1765934260927] [SESSION] [ID:7] ACTION:109_91_1;110_104_1;36_46_1;111_90_1;
[1765934260927] [SESSION] [ID:11] EXTRA:132_2
[1765934260927] [SESSION] [ID:10] ACTION:120_23_3;121_60_2;122_57_1;45_56_1;
[1765934260927] [DEBUG] [ID:2] Try to init: id: 2, cap: 4, is_vis: 0
[1765934260927] [SESSION] [ID:21] ACTION:153_28_2;154_73_1;155_33_3;156_58_4;
[1765934260927] [DEBUG] [ID:0] server: accepted connection from 127.0.0.1
[1765934260928] [INFO] [ID:0] Session unregistered 1
[1765934260928] [DEBUG] [ID:2] Client 90 joined as PLAYER
[1765934260928] [SESSION] [ID:3] EXTRA:94_0
[1765934260928] [DEBUG] [ID:3] Phase result:
[1765934260928] [DEBUG] [ID:3] (93: 27)
[1765934260928] [DEBUG] [ID:3] (94: 29)
[1765934260928] [DEBUG] [ID:3] (95: 15)
[1765934260928] [DEBUG] [ID:3] (96: 0)
[1765934260928] [SESSION] [ID:3] PHASE_RESULT:93_27;94_29;95_15;96_0;
[1765934260928] [INFO] [ID:0] client disconnected
[1765934260929] [INFO] [ID:0] client disconnected
[1765934260979] [SESSION] [ID:16] ACTION:133_40_3;134_47_1;135_102_1;136_81_5;
[1765934260979] [SESSION] [ID:19] ACTION:73_69_3;145_71_2;146_46_2;69_89_1;
[1765934260979] [DEBUG] [ID:2] Client 91 joined as PLAYER
[1765934260979] [DEBUG] [ID:0] server: accepted connection from 127.0.0.1
[1765934261030] [SESSION] [ID:9] EXTRA:112_2
[1765934261030] [SESSION] [ID:17] ACTION:150_9_1;66_10_2;151_7_5;152_83_1;
[1765934261030] [DEBUG] [ID:2] Client 165 joined as PLAYER
[1765934261030] [SESSION] [ID:25] START:0_11_1;1_13_1;2_57_1;3_23_4;
[1765934261030] [DEBUG] [ID:0] server: accepted connection from 127.0.0.1
[1765934261081] [SESSION] [ID:4] ACTION:101_41_2;102_19_2;103_22_3;104_40_4;
[1765934261081] [SESSION] [ID:6] ACTION:105_2_1;106_90_1;107_42_2;108_6_2;
[1765934261081] [SESSION] [ID:15] ACTION:141_21_1;142_16_2;143_71_3;144_79_3;
[1765934261081] [DEBUG] [ID:2] Client 166 joined as PLAYER
[1765934261081] [DEBUG] [ID:0] server: accepted connection from 127.0.0.1
[1765934261132] [SESSION] [ID:20] EXTRA:78_1
[1765934261132] [DEBUG] [ID:20] Phase result:
[1765934261132] [DEBUG] [ID:20] (77: 8)
[1765934261132] [DEBUG] [ID:20] (78: 32)
[1765934261132] [DEBUG] [ID:20] (79: 28)
[1765934261132] [DEBUG] [ID:20] (80: 11)
[1765934261132] [SESSION] [ID:20] PHASE_RESULT:77_8;78_32;79_28;80_11;
[1765934261132] [SESSION] [ID:22] ACTION:157_41_4;158_98_1;159_86_3;160_65_4;
[1765934261132] [DEBUG] [ID:1] Try to init: id: 1, cap: 4, is_vis: 0
[1765934261132] [DEBUG] [ID:0] server: accepted connection from 127.0.0.1
[1765934261132] [INFO] [ID:0] client disconnected
[1765934261132] [DEBUG] [ID:20] User left remain 3 nb player 4
[1765934261132] [INFO] [ID:0] client disconnected
[1765934261132] [DEBUG] [ID:20] User left remain 2 nb player 4
[1765934261132] [DEBUG] [ID:20] User left remain 1 nb player 4
[1765934261132] [DEBUG] [ID:1] Client 167 joined as PLAYER
[1765934261183] [DEBUG] [ID:5] User left remain 0 nb player 4
[1765934261183] [SESSION] [ID:23] ACTION:116_46_1;117_1_1;118_13_2;119_84_1;
[1765934261183] [SESSION] [ID:14] ACTION:125_7_1;126_100_3;127_101_5;128_102_1;
[1765934261183] [INFO] [ID:0] Session unregistered 5
[1765934261183] [SESSION] [ID:24] ACTION:137_82_3;138_95_1;139_79_1;140_85_2;
[1765934261183] [SESSION] [ID:18] ACTION:72_70_1;147_33_4;148_84_3;149_27_2;
[1765934261183] [DEBUG] [ID:1] Client 168 joined as PLAYER
[1765934261183] [DEBUG] [ID:0] server: accepted connection from 127.0.0.1
[1765934261183] [SESSION] [ID:23] EXTRA:117_0
[1765934261234] [INFO] [ID:0] client disconnected
[1765934261234] [INFO] [ID:0] client disconnected
[1765934261234] [DEBUG] [ID:3] User left remain 0 nb player 1
[1765934261234] [INFO] [ID:0] Session unregistered 3
[1765934261234] [SESSION] [ID:6] EXTRA:105_3
[1765934261234] [SESSION] [ID:7] ACTION:109_39_3;110_10_1;36_68_3;111_45_2;
[1765934261234] [SESSION] [ID:10] ACTION:120_55_3;121_11_1;122_30_1;45_47_1;
[1765934261234] [DEBUG] [ID:6] Phase result:
[1765934261234] [SESSION] [ID:11] ACTION:129_33_2;130_23_4;131_20_1;132_41_2;
[1765934261234] [DEBUG] [ID:6] (105: 2)
[1765934261234] [DEBUG] [ID:6] (106: 37)
[1765934261234] [DEBUG] [ID:6] (107: 2)
[1765934261234] [DEBUG] [ID:6] (108: 38)
[1765934261234] [SESSION] [ID:6] PHASE_RESULT:105_2;106_37;107_2;108_38;
[1765934261235] [SESSION] [ID:21] ACTION:153_79_2;154_35_1;155_34_1;156_37_2;
[1765934261235] [DEBUG] [ID:1] Client 169 joined as PLAYER
[1765934261235] [SESSION] [ID:2] START:0_95_1;1_9_4;2_68_1;3_30_2;
[1765934261235] [DEBUG] [ID:0] server: accepted connection from 127.0.0.1
[1765934261235] [SESSION] [ID:7] EXTRA:110_2
[1765934261235] [SESSION] [ID:10] EXTRA:121_0
[1765934261235] [DEBUG] [ID:7] Phase result:
[1765934261235] [DEBUG] [ID:7] (109: 0)
[1765934261235] [DEBUG] [ID:7] (110: 28)
[1765934261235] [DEBUG] [ID:7] (36: 43)
[1765934261235] [DEBUG] [ID:7] (111: 0)
[1765934261235] [SESSION] [ID:7] PHASE_RESULT:109_0;110_28;36_43;111_0;
[1765934261286] [INFO] [ID:0] client disconnected
[1765934261286] [SESSION] [ID:16] ACTION:133_5_1;134_56_2;135_26_4;136_59_2;
[1765934261286] [SESSION] [ID:19] ACTION:73_72_3;145_74_1;146_99_4;69_75_3;
[1765934261286] [DEBUG] [ID:1] Client 96 joined as PLAYER
[1765934261286] [DEBUG] [ID:0] server: accepted connection from 127.0.0.1
[1765934261337] [SESSION] [ID:9] ACTION:112_11_1;113_2_2;114_19_2;115_6_3;
[1765934261337] [SESSION] [ID:17] ACTION:150_11_4;66_86_5;151_85_5;152_58_3;
[1765934261337] [SESSION] [ID:25] ACTION:161_16_2;162_19_3;163_24_1;164_21_2;
[1765934261337] [DEBUG] [ID:3] Try to init: id: 3, cap: 4, is_vis: 0
[1765934261338] [DEBUG] [ID:0] server: accepted connection from 127.0.0.1
[1765934261338] [DEBUG] [ID:0] server: accepted connection from 127.0.0.1
[1765934261338] [DEBUG] [ID:3] Client 170 joined as PLAYER
[1765934261388] [SESSION] [ID:4] EXTRA:102_1
[1765934261388] [DEBUG] [ID:4] Phase result:
[1765934261388] [DEBUG] [ID:4] (101: 34)
[1765934261388] [DEBUG] [ID:4] (102: 34)
[1765934261388] [DEBUG] [ID:4] (103: 18)
[1765934261388] [DEBUG] [ID:4] (104: 7)
[1765934261388] [INFO] [ID:0] client disconnected
[1765934261388] [SESSION] [ID:4] PHASE_RESULT:101_34;102_34;103_18;104_7;
[1765934261388] [INFO] [ID:0] client disconnected
[1765934261388] [DEBUG] [ID:6] User left remain 2 nb player 3
[1765934261388] [INFO] [ID:0] client disconnected
[1765934261389] [DEBUG] [ID:6] User left remain 1 nb player 3
[1765934261389] [SESSION] [ID:15] ACTION:141_27_2;142_66_4;143_80_1;144_28_3;
[1765934261389] [DEBUG] [ID:3] Client 171 joined as PLAYER
[1765934261389] [DEBUG] [ID:0] server: accepted connection from 127.0.0.1
[1765934261389] [INFO] [ID:0] client disconnected
[1765934261389] [DEBUG] [ID:4] User left remain 3 nb player 4
[1765934261389] [DEBUG] [ID:4] User left remain 2 nb player 4
[1765934261389] [INFO] [ID:0] client disconnected
[1765934261389] [DEBUG] [ID:4] User left remain 1 nb player 4
[1765934261439] [INFO] [ID:0] client disconnected
[1765934261439] [DEBUG] [ID:20] User left remain 0 nb player 4
[1765934261439] [DEBUG] [ID:7] User left remain 2 nb player 3
[1765934261440] [INFO] [ID:0] Session unregistered 20
[1765934261440] [SESSION] [ID:22] ACTION:157_66_1;158_99_3;159_101_2;160_44_2;
[1765934261440] [DEBUG] [ID:3] Client 172 joined as PLAYER
[1765934261440] [DEBUG] [ID:0] server: accepted connection from 127.0.0.1
[1765934261440] [SESSION] [ID:1] START:0_93_1;1_21_2;2_43_1;3_9_2;
[1765934261491] [SESSION] [ID:23] ACTION:116_86_5;117_89_3;118_14_1;119_99_1;
[1765934261491] [SESSION] [ID:14] ACTION:125_85_2;126_54_2;127_51_2;128_15_1;
[1765934261491] [SESSION] [ID:24] ACTION:137_87_5;138_47_4;139_35_3;140_2_3;
[1765934261491] [SESSION] [ID:18] ACTION:72_37_2;147_42_1;148_36_1;149_4_4;
[1765934261491] [DEBUG] [ID:3] Client 173 joined as PLAYER
[1765934261491] [DEBUG] [ID:0] server: accepted connection from 127.0.0.1
[1765934261542] [INFO] [ID:0] client disconnected
[1765934261542] [DEBUG] [ID:6] User left remain 0 nb player 3
[1765934261542] [INFO] [ID:0] client disconnected
[1765934261542] [INFO] [ID:0] client disconnected
[1765934261542] [DEBUG] [ID:7] User left remain 1 nb player 3
[1765934261542] [DEBUG] [ID:7] User left remain 0 nb player 3
[1765934261542] [SESSION] [ID:10] ACTION:120_100_1;121_13_1;122_14_2;45_80_4;
[1765934261542] [SESSION] [ID:11] ACTION:129_45_5;130_10_1;131_34_4;132_73_2;
[1765934261542] [DEBUG] [ID:5] Try to init: id: 5, cap: 4, is_vis: 0
[1765934261542] [SESSION] [ID:21] ACTION:153_39_1;154_44_3;155_41_4;156_76_4;
[1765934261542] [SESSION] [ID:2] ACTION:90_69_2;91_32_3;165_31_3;166_71_2;
[1765934261542] [DEBUG] [ID:0] server: accepted connection from 127.0.0.1
[1765934261543] [INFO] [ID:0] Session unregistered 6
[1765934261543] [INFO] [ID:0] Session unregistered 7
[1765934261543] [DEBUG] [ID:5] Client 174 joined as PLAYER
[1765934261543] [SESSION] [ID:11] EXTRA:130_2
[1765934261593] [SESSION] [ID:16] EXTRA:133_1
[1765934261593] [SESSION] [ID:19] ACTION:73_70_5;145_5_2;146_59_5;69_98_1;
[1765934261593] [DEBUG] [ID:5] Client 111 joined as PLAYER
[1765934261594] [DEBUG] [ID:0] server: accepted connection from 127.0.0.1
[1765934261644] [SESSION] [ID:9] ACTION:112_40_1;113_32_2;114_78_3;115_17_3;
[1765934261644] [SESSION] [ID:24] EXTRA:140_2
[1765934261644] [SESSION] [ID:19] EXTRA:145_3
[1765934261644] [SESSION] [ID:18] EXTRA:149_2
[1765934261644] [SESSION] [ID:17] ACTION:150_63_2;66_61_2;151_64_1;152_89_3;
[1765934261644] [SESSION] [ID:25] ACTION:161_34_2;162_31_1;163_30_1;164_68_5;
[1765934261644] [DEBUG] [ID:5] Client 175 joined as PLAYER
[1765934261644] [SESSION] [ID:3] START:0_25_5;1_65_3;2_95_2;3_1_5;
[1765934261645] [DEBUG] [ID:0] server: accepted connection from 127.0.0.1
[1765934261645] [SESSION] [ID:9] EXTRA:115_2
[1765934261696] [INFO] [ID:0] client disconnected
[1765934261696] [DEBUG] [ID:4] User left remain 0 nb player 4
[1765934261696] [SESSION] [ID:15] ACTION:141_36_1;142_34_2;143_86_2;144_37_5;
[1765934261696] [DEBUG] [ID:5] Client 106 joined as PLAYER
[1765934261696] [INFO] [ID:0] Session unregistered 4
[1765934261696] [DEBUG] [ID:0] server: accepted connection from 127.0.0.1
[1765934261747] [SESSION] [ID:22] ACTION:157_71_1;158_102_1;159_87_2;160_45_1;
[1765934261747] [SESSION] [ID:1] ACTION:167_26_3;168_46_2;169_47_2;96_95_1;
[1765934261747] [DEBUG] [ID:4] Try to init: id: 4, cap: 4, is_vis: 0
[1765934261747] [DEBUG] [ID:0] server: accepted connection from 127.0.0.1
[1765934261748] [DEBUG] [ID:4] Client 176 joined as PLAYER
[1765934261798] [SESSION] [ID:23] ACTION:116_101_2;117_19_1;118_60_1;119_56_2;
[1765934261798] [SESSION] [ID:14] ACTION:125_89_3;126_92_1;127_87_3;128_43_5;
[1765934261799] [DEBUG] [ID:4] Client 177 joined as PLAYER
[1765934261799] [DEBUG] [ID:0] server: accepted connection from 127.0.0.1
[1765934261849] [SESSION] [ID:10] ACTION:120_6_4;121_3_1;122_5_3;45_9_1;
[1765934261849] [SESSION] [ID:11] ACTION:129_66_5;130_98_4;131_37_1;132_76_2;
[1765934261849] [SESSION] [ID:21] ACTION:153_89_2;154_66_1;155_45_2;156_80_2;
[1765934261850] [SESSION] [ID:2] ACTION:90_74_3;91_97_4;165_11_4;166_73_2;
[1765934261850] [SESSION] [ID:5] START:0_57_1;1_29_1;2_5_2;3_51_1;
[1765934261850] [DEBUG] [ID:4] Client 178 joined as PLAYER
[1765934261850] [DEBUG] [ID:0] server: accepted connection from 127.0.0.1
[1765934261900] [SESSION] [ID:16] ACTION:133_6_3;134_30_1;135_7_5;136_12_5;
[1765934261901] [DEBUG] [ID:4] Client 179 joined as PLAYER
[1765934261901] [DEBUG] [ID:0] server: accepted connection from 127.0.0.1
[1765934261951] [SESSION] [ID:9] ACTION:112_41_4;113_55_5;114_88_2;115_43_5;
[1765934261951] [SESSION] [ID:19] ACTION:73_10_2;145_8_5;146_7_4;69_76_2;
[1765934261951] [DEBUG] [ID:9] Phase result:
[1765934261951] [SESSION] [ID:24] ACTION:137_91_1;138_96_2;139_94_2;140_89_2;
[1765934261951] [DEBUG] [ID:9] (112: 39)
[1765934261951] [DEBUG] [ID:9] (113: 2)
[1765934261951] [SESSION] [ID:18] ACTION:72_79_1;147_6_1;148_43_1;149_47_2;
[1765934261951] [SESSION] [ID:17] ACTION:150_102_3;66_99_3;151_95_3;152_92_1;
[1765934261951] [DEBUG] [ID:9] (114: 10)
[1765934261951] [DEBUG] [ID:9] (115: 30)
[1765934261951] [SESSION] [ID:9] PHASE_RESULT:112_39;113_2;114_10;115_30;
[1765934261951] [SESSION] [ID:25] ACTION:161_71_2;162_69_1;163_73_5;164_101_4;
[1765934261952] [SESSION] [ID:3] ACTION:170_99_4;171_2_3;172_4_3;173_7_1;
[1765934261952] [DEBUG] [ID:6] Try to init: id: 6, cap: 4, is_vis: 0
[1765934261952] [DEBUG] [ID:0] server: accepted connection from 127.0.0.1
[1765934261952] [INFO] [ID:0] client disconnected
[1765934261952] [DEBUG] [ID:9] User left remain 3 nb player 4
[1765934261952] [INFO] [ID:0] client disconnected
[1765934261952] [DEBUG] [ID:9] User left remain 2 nb player 4
[1765934261952] [SESSION] [ID:18] EXTRA:147_2
[1765934261952] [DEBUG] [ID:6] Client 180 joined as PLAYER
[1765934262003] [SESSION] [ID:15] ACTION:141_100_2;142_40_5;143_91_2;144_43_3;
[1765934262003] [DEBUG] [ID:6] Client 181 joined as PLAYER
[1765934262003] [DEBUG] [ID:0] server: accepted connection from 127.0.0.1
[1765934262054] [SESSION] [ID:22] ACTION:157_74_1;158_91_2;159_93_1;160_46_1;
[1765934262054] [SESSION] [ID:1] ACTION:167_51_5;168_13_1;169_28_2;96_29_2;
[1765934262054] [DEBUG] [ID:6] Client 182 joined as PLAYER
[1765934262054] [SESSION] [ID:4] START:0_76_1;1_47_1;2_58_1;3_26_2;
[1765934262054] [DEBUG] [ID:0] server: accepted connection from 127.0.0.1
[1765934262104] [SESSION] [ID:23] ACTION:116_102_3;117_28_1;118_74_1;119_70_3;
[1765934262104] [SESSION] [ID:14] ACTION:125_104_3;126_58_1;127_63_1;128_64_2;
[1765934262104] [DEBUG] [ID:23] Phase result:
[1765934262104] [DEBUG] [ID:23] (116: 20)
[1765934262104] [DEBUG] [ID:23] (117: 10)
[1765934262104] [DEBUG] [ID:23] (118: 0)
[1765934262104] [DEBUG] [ID:23] (119: 37)
[1765934262105] [SESSION] [ID:23] PHASE_RESULT:116_20;117_10;118_0;119_37;
[1765934262105] [DEBUG] [ID:6] Client 183 joined as PLAYER
[1765934262105] [DEBUG] [ID:0] server: accepted connection from 127.0.0.1
[1765934262105] [INFO] [ID:0] client disconnected
[1765934262105] [DEBUG] [ID:23] User left remain 3 nb player 4
[1765934262105] [DEBUG] [ID:23] User left remain 2 nb player 4
[1765934262155] [SESSION] [ID:10] EXTRA:121_2
[1765934262155] [DEBUG] [ID:10] Phase result:
[1765934262155] [DEBUG] [ID:10] (120: 32)
[1765934262155] [SESSION] [ID:11] ACTION:129_100_1;130_103_3;131_78_1;132_79_1;
[1765934262155] [DEBUG] [ID:10] (121: 15)
[1765934262155] [DEBUG] [ID:10] (122: 11)
[1765934262155] [DEBUG] [ID:10] (45: 14)
[1765934262155] [SESSION] [ID:10] PHASE_RESULT:120_32;121_15;122_11;45_14;
[1765934262156] [SESSION] [ID:21] ACTION:153_47_1;154_68_1;155_91_1;156_98_1;
[1765934262156] [SESSION] [ID:2] ACTION:90_44_5;91_35_1;165_13_1;166_102_5;
[1765934262156] [DEBUG] [ID:7] Try to init: id: 7, cap: 4, is_vis: 0
[1765934262156] [SESSION] [ID:5] ACTION:174_65_2;111_54_4;175_60_4;106_61_3;
[1765934262156] [DEBUG] [ID:0] server: accepted connection from 127.0.0.1
[1765934262156] [INFO] [ID:0] client disconnected
[1765934262156] [DEBUG] [ID:10] User left remain 3 nb player 4
[1765934262156] [INFO] [ID:0] client disconnected
[1765934262156] [DEBUG] [ID:7] Client 184 joined as PLAYER
[1765934262156] [DEBUG] [ID:10] User left remain 2 nb player 4
[1765934262156] [INFO] [ID:0] client disconnected
[1765934262156] [DEBUG] [ID:10] User left remain 1 nb player 4
[1765934262207] [SESSION] [ID:16] ACTION:133_44_4;134_28_4;135_43_1;136_104_1;
[1765934262207] [DEBUG] [ID:7] Client 185 joined as PLAYER
[1765934262207] [DEBUG] [ID:0] server: accepted connection from 127.0.0.1
[1765934262257] [INFO] [ID:0] client disconnected
[1765934262258] [INFO] [ID:0] client disconnected
[1765934262258] [DEBUG] [ID:9] User left remain 0 nb player 3
[1765934262258] [SESSION] [ID:19] ACTION:73_84_3;145_12_2;146_88_2;69_80_1;
[1765934262258] [SESSION] [ID:24] ACTION:137_4_1;138_22_2;139_37_4;140_57_2;
[1765934262258] [INFO] [ID:0] Session unregistered 9
[1765934262258] [SESSION] [ID:18] ACTION:72_82_2;147_63_3;148_91_3;149_96_1;
[1765934262258] [SESSION] [ID:17] ACTION:150_66_1;66_87_2;151_18_3;152_16_3;
[1765934262258] [SESSION] [ID:25] ACTION:161_51_3;162_91_2;163_103_4;164_102_1;
[1765934262258] [SESSION] [ID:3] ACTION:170_67_1;171_101_1;172_70_2;173_76_5;
[1765934262258] [SESSION] [ID:6] START:0_93_1;1_97_1;2_74_2;3_87_2;
[1765934262258] [DEBUG] [ID:7] Client 186 joined as PLAYER
[1765934262258] [DEBUG] [ID:7] Client 187 joined as PLAYER
[1765934262258] [DEBUG] [ID:0] server: accepted connection from 127.0.0.1
[1765934262309] [SESSION] [ID:15] ACTION:141_102_4;142_99_4;143_44_5;144_103_3;
[1765934262309] [DEBUG] [ID:9] Try to init: id: 9, cap: 4, is_vis: 0
[1765934262309] [DEBUG] [ID:0] server: accepted connection from 127.0.0.1
[1765934262310] [DEBUG] [ID:9] Client 188 joined as PLAYER
[1765934262360] [DEBUG] [ID:9] Client 189 joined as PLAYER
[1765934262360] [SESSION] [ID:22] ACTION:157_19_3;158_54_3;159_61_2;160_100_2;
[1765934262360] [SESSION] [ID:1] ACTION:167_104_2;168_24_1;169_99_1;96_101_5;
[1765934262360] [SESSION] [ID:4] ACTION:176_82_1;177_78_3;178_30_1;179_60_3;
[1765934262360] [DEBUG] [ID:0] server: accepted connection from 127.0.0.1
[1765934262411] [INFO] [ID:0] client disconnected
[1765934262411] [DEBUG] [ID:23] User left remain 0 nb player 3
[1765934262411] [INFO] [ID:0] Session unregistered 23
[1765934262411] [SESSION] [ID:14] ACTION:125_13_2;126_66_3;127_68_3;128_80_5;
[1765934262412] [DEBUG] [ID:9] Client 190 joined as PLAYER
[1765934262412] [DEBUG] [ID:0] server: accepted connection from 127.0.0.1
[1765934262462] [INFO] [ID:0] client disconnected
[1765934262462] [SESSION] [ID:11] ACTION:129_2_5;130_24_1;131_16_2;132_75_2;
[1765934262462] [SESSION] [ID:2] ACTION:90_26_1;91_18_3;165_17_2;166_22_2;
[1765934262462] [SESSION] [ID:21] ACTION:153_99_1;154_11_1;155_102_1;156_50_1;
[1765934262462] [SESSION] [ID:5] ACTION:174_14_1;111_9_1;175_59_2;106_32_3;
[1765934262463] [SESSION] [ID:7] START:0_30_1;1_66_1;2_86_5;3_51_1;
[1765934262463] [DEBUG] [ID:9] Client 191 joined as PLAYER
[1765934262463] [DEBUG] [ID:0] server: accepted connection from 127.0.0.1
[1765934262514] [SESSION] [ID:16] ACTION:133_78_5;134_4_4;135_45_1;136_3_1;
[1765934262514] [SESSION] [ID:21] EXTRA:154_0
[1765934262514] [DEBUG] [ID:20] Try to init: id: 20, cap: 4, is_vis: 0
[1765934262514] [DEBUG] [ID:0] server: accepted connection from 127.0.0.1
[1765934262514] [SESSION] [ID:16] EXTRA:136_2
[1765934262515] [DEBUG] [ID:20] Client 192 joined as PLAYER
[1765934262565] [SESSION] [ID:24] ACTION:137_44_3;138_74_1;139_98_1;140_41_5;
[1765934262565] [SESSION] [ID:18] ACTION:72_13_2;147_93_2;148_101_5;149_41_2;
[1765934262565] [SESSION] [ID:19] ACTION:73_25_1;145_38_1;146_33_1;69_58_1;
[1765934262565] [SESSION] [ID:17] ACTION:150_71_3;66_67_2;151_20_5;152_21_2;
[1765934262565] [SESSION] [ID:25] ACTION:161_98_2;162_99_2;163_39_1;164_38_1;
[1765934262565] [SESSION] [ID:3] ACTION:170_75_3;171_31_1;172_36_2;173_45_1;
[1765934262566] [SESSION] [ID:6] ACTION:180_95_1;181_89_2;182_96_3;183_76_1;
[1765934262566] [DEBUG] [ID:20] Client 193 joined as PLAYER
[1765934262566] [DEBUG] [ID:0] server: accepted connection from 127.0.0.1
[1765934262616] [SESSION] [ID:11] EXTRA:129_3
[1765934262616] [DEBUG] [ID:11] Phase result:
[1765934262616] [SESSION] [ID:15] ACTION:141_54_1;142_76_2;143_83_4;144_101_2;
[1765934262616] [DEBUG] [ID:11] (129: 17)
[1765934262616] [DEBUG] [ID:11] (130: 34)
[1765934262616] [DEBUG] [ID:11] (131: 0)
[1765934262616] [DEBUG] [ID:11] (132: 10)
[1765934262616] [SESSION] [ID:11] PHASE_RESULT:129_17;130_34;131_0;132_10;
[1765934262617] [DEBUG] [ID:20] Client 194 joined as PLAYER
[1765934262617] [DEBUG] [ID:0] server: accepted connection from 127.0.0.1
[1765934262617] [SESSION] [ID:9] START:0_62_1;1_52_4;2_70_4;3_80_3;
[1765934262617] [DEBUG] [ID:11] User left remain 3 nb player 4
[1765934262668] [SESSION] [ID:22] EXTRA:157_2
[1765934262668] [SESSION] [ID:1] ACTION:167_34_4;168_35_1;169_52_2;96_53_3;
[1765934262668] [SESSION] [ID:4] ACTION:176_83_1;177_33_3;178_32_4;179_31_3;
[1765934262668] [DEBUG] [ID:20] Client 195 joined as PLAYER
[1765934262668] [DEBUG] [ID:0] server: accepted connection from 127.0.0.1
[1765934262718] [SESSION] [ID:14] EXTRA:125_1
[1765934262718] [DEBUG] [ID:14] Phase result:
[1765934262718] [DEBUG] [ID:14] (125: 12)
[1765934262719] [DEBUG] [ID:14] (126: 30)
[1765934262719] [DEBUG] [ID:14] (127: 20)
[1765934262719] [DEBUG] [ID:14] (128: 24)
[1765934262719] [SESSION] [ID:18] EXTRA:72_3
[1765934262719] [SESSION] [ID:14] PHASE_RESULT:125_12;126_30;127_20;128_24;
[1765934262719] [DEBUG] [ID:23] Try to init: id: 23, cap: 4, is_vis: 0
[1765934262719] [DEBUG] [ID:0] server: accepted connection from 127.0.0.1
[1765934262719] [DEBUG] [ID:14] User left remain 3 nb player 4
[1765934262719] [DEBUG] [ID:14] User left remain 2 nb player 4
[1765934262719] [INFO] [ID:0] client disconnected
[1765934262719] [DEBUG] [ID:14] User left remain 1 nb player 4
[1765934262720] [DEBUG] [ID:23] Client 196 joined as PLAYER
[1765934262770] [INFO] [ID:0] client disconnected
[1765934262770] [INFO] [ID:0] client disconnected
[1765934262770] [SESSION] [ID:2] ACTION:90_49_1;91_48_3;165_41_1;166_100_1;
[1765934262770] [SESSION] [ID:5] ACTION:174_25_1;111_62_3;175_16_1;106_33_2;
[1765934262770] [SESSION] [ID:7] ACTION:184_55_2;185_70_3;186_90_3;187_91_2;
[1765934262771] [DEBUG] [ID:23] Client 197 joined as PLAYER
[1765934262771] [DEBUG] [ID:0] server: accepted connection from 127.0.0.1
[1765934262821] [SESSION] [ID:16] ACTION:133_50_4;134_8_1;135_95_1;136_14_2;
[1765934262821] [DEBUG] [ID:16] Phase result:
[1765934262821] [DEBUG] [ID:16] (133: 24)
[1765934262821] [SESSION] [ID:21] ACTION:153_101_2;154_26_1;155_54_1;156_46_3;
[1765934262821] [DEBUG] [ID:16] (134: 12)
[1765934262821] [DEBUG] [ID:16] (135: 10)
[1765934262821] [DEBUG] [ID:16] (136: 21)
[1765934262821] [SESSION] [ID:16] PHASE_RESULT:133_24;134_12;135_10;136_21;
[1765934262822] [DEBUG] [ID:23] Client 198 joined as PLAYER
[1765934262822] [SESSION] [ID:20] START:0_9_3;1_6_4;2_30_3;3_39_1;
[1765934262822] [DEBUG] [ID:0] server: accepted connection from 127.0.0.1
[1765934262822] [DEBUG] [ID:16] User left remain 3 nb player 4
[1765934262822] [INFO] [ID:0] client disconnected
[1765934262822] [DEBUG] [ID:16] User left remain 2 nb player 4
[1765934262872] [SESSION] [ID:24] ACTION:137_1_2;138_101_2;139_102_5;140_93_1;
[1765934262872] [SESSION] [ID:19] ACTION:73_17_3;145_29_4;146_20_2;69_32_1;
[1765934262872] [SESSION] [ID:17] ACTION:150_27_1;66_94_1;151_73_2;152_26_5;
[1765934262872] [SESSION] [ID:25] ACTION:161_76_2;162_36_1;163_44_4;164_43_3;
[1765934262872] [SESSION] [ID:3] ACTION:170_80_2;171_81_1;172_14_4;173_12_1;
[1765934262873] [SESSION] [ID:6] ACTION:180_92_2;181_30_5;182_86_2;183_38_2;
[1765934262873] [DEBUG] [ID:23] Client 199 joined as PLAYER
[1765934262873] [DEBUG] [ID:0] server: accepted connection from 127.0.0.1
[1765934262923] [DEBUG] [ID:11] User left remain 0 nb player 2
[1765934262924] [SESSION] [ID:15] ACTION:141_1_2;142_17_4;143_98_1;144_95_3;
[1765934262924] [INFO] [ID:0] Session unregistered 11
[1765934262924] [SESSION] [ID:6] EXTRA:181_1
[1765934262924] [DEBUG] [ID:11] Try to init: id: 11, cap: 4, is_vis: 0
[1765934262924] [SESSION] [ID:9] ACTION:188_83_2;189_65_3;190_75_4;191_67_1;
[1765934262924] [DEBUG] [ID:0] server: accepted connection from 127.0.0.1
[1765934262924] [DEBUG] [ID:11] Client 200 joined as PLAYER
[1765934262975] [SESSION] [ID:22] ACTION:157_23_2;158_62_1;159_103_5;160_34_2;
[1765934262975] [SESSION] [ID:1] ACTION:167_57_2;168_40_1;169_54_1;96_38_1;
[1765934262975] [SESSION] [ID:4] ACTION:176_22_1;177_52_1;178_59_1;179_66_4;
[1765934262975] [DEBUG] [ID:11] Client 201 joined as PLAYER
[1765934262975] [DEBUG] [ID:0] server: accepted connection from 127.0.0.1
[1765934263026] [DEBUG] [ID:14] User left remain 0 nb player 4
[1765934263026] [SESSION] [ID:24] EXTRA:137_3
[1765934263026] [DEBUG] [ID:24] Phase result:
[1765934263026] [DEBUG] [ID:24] (137: 14)
[1765934263026] [INFO] [ID:0] Session unregistered 14
[1765934263026] [DEBUG] [ID:24] (138: 8)
[1765934263026] [SESSION] [ID:18] ACTION:72_16_3;147_95_3;148_45_3;149_11_4;
[1765934263026] [DEBUG] [ID:24] (139: 43)
[1765934263026] [DEBUG] [ID:24] (140: 10)
[1765934263026] [SESSION] [ID:24] PHASE_RESULT:137_14;138_8;139_43;140_10;
[1765934263026] [DEBUG] [ID:11] Client 202 joined as PLAYER
[1765934263026] [SESSION] [ID:23] START:0_12_5;1_39_3;2_92_2;3_46_2;
[1765934263026] [DEBUG] [ID:0] server: accepted connection from 127.0.0.1
[1765934263027] [INFO] [ID:0] client disconnected
[1765934263027] [DEBUG] [ID:24] User left remain 2 nb player 3
[1765934263077] [SESSION] [ID:2] ACTION:90_53_1;91_45_4;165_63_2;166_43_1;
[1765934263077] [SESSION] [ID:5] ACTION:174_67_2;111_41_5;175_102_4;106_104_2;
[1765934263077] [SESSION] [ID:7] ACTION:184_74_2;185_34_5;186_93_2;187_58_3;
[1765934263077] [DEBUG] [ID:11] Client 130 joined as PLAYER
[1765934263077] [DEBUG] [ID:0] server: accepted connection from 127.0.0.1
[1765934263128] [INFO] [ID:0] client disconnected
[1765934263128] [DEBUG] [ID:16] User left remain 1 nb player 4
[1765934263128] [INFO] [ID:0] client disconnected
[1765934263128] [DEBUG] [ID:16] User left remain 0 nb player 4
[1765934263128] [SESSION] [ID:19] EXTRA:73_1
[1765934263128] [SESSION] [ID:21] EXTRA:154_0
[1765934263128] [INFO] [ID:0] Session unregistered 16
[1765934263128] [DEBUG] [ID:14] Try to init: id: 14, cap: 4, is_vis: 0
[1765934263128] [SESSION] [ID:20] ACTION:192_45_3;193_33_3;194_8_2;195_10_2;
[1765934263129] [DEBUG] [ID:0] server: accepted connection from 127.0.0.1
[1765934263129] [DEBUG] [ID:14] Client 132 joined as PLAYER
[1765934263179] [INFO] [ID:0] client disconnected
[1765934263179] [SESSION] [ID:18] EXTRA:149_2
[1765934263179] [SESSION] [ID:17] ACTION:150_39_2;66_30_5;151_41_4;152_28_3;
[1765934263180] [SESSION] [ID:25] ACTION:161_83_1;162_37_5;163_54_3;164_50_4;
[1765934263180] [SESSION] [ID:3] ACTION:170_18_5;171_16_1;172_83_2;173_17_3;
[1765934263180] [DEBUG] [ID:14] Client 203 joined as PLAYER
[1765934263180] [DEBUG] [ID:0] server: accepted connection from 127.0.0.1
[1765934263231] [SESSION] [ID:15] EXTRA:141_0
[1765934263231] [DEBUG] [ID:15] Phase result:
[1765934263231] [DEBUG] [ID:15] (141: 30)
[1765934263231] [DEBUG] [ID:15] (142: 0)
[1765934263231] [DEBUG] [ID:15] (143: 21)
[1765934263231] [DEBUG] [ID:15] (144: 23)
[1765934263231] [SESSION] [ID:15] PHASE_RESULT:141_30;142_0;143_21;144_23;
[1765934263231] [SESSION] [ID:6] ACTION:180_39_3;181_55_3;182_46_4;183_40_4;
[1765934263231] [SESSION] [ID:9] ACTION:188_59_4;189_86_1;190_69_1;191_87_3;
[1765934263231] [DEBUG] [ID:14] Client 204 joined as PLAYER
[1765934263231] [SESSION] [ID:11] START:0_79_4;1_91_1;2_96_2;3_2_1;
[1765934263231] [DEBUG] [ID:0] server: accepted connection from 127.0.0.1
[1765934263231] [INFO] [ID:0] client disconnected
[1765934263231] [DEBUG] [ID:15] User left remain 3 nb player 4
[1765934263231] [INFO] [ID:0] client disconnected
[1765934263231] [DEBUG] [ID:15] User left remain 2 nb player 4
[1765934263232] [INFO] [ID:0] client disconnected
[1765934263232] [DEBUG] [ID:15] User left remain 1 nb player 4
[1765934263282] [SESSION] [ID:22] ACTION:157_64_1;158_88_2;159_42_4;160_76_1;
[1765934263282] [SESSION] [ID:1] ACTION:167_36_4;168_62_1;169_27_2;96_58_2;
[1765934263282] [SESSION] [ID:4] EXTRA:176_1
[1765934263282] [DEBUG] [ID:14] Client 205 joined as PLAYER
[1765934263282] [DEBUG] [ID:0] server: accepted connection from 127.0.0.1
[1765934263333] [INFO] [ID:0] client disconnected
[1765934263334] [DEBUG] [ID:24] User left remain 0 nb player 2
[1765934263334] [DEBUG] [ID:16] Try to init: id: 16, cap: 4, is_vis: 0
[1765934263334] [SESSION] [ID:23] ACTION:196_45_4;197_41_1;198_16_3;199_14_2;
[1765934263334] [DEBUG] [ID:0] server: accepted connection from 127.0.0.1
[1765934263334] [INFO] [ID:0] Session unregistered 24
[1765934263335] [DEBUG] [ID:16] Client 206 joined as PLAYER
[1765934263385] [SESSION] [ID:2] ACTION:90_64_1;91_80_3;165_77_1;166_3_3;
[1765934263385] [SESSION] [ID:5] ACTION:174_103_5;111_79_5;175_45_1;106_82_1;
[1765934263385] [SESSION] [ID:7] ACTION:184_64_5;185_76_1;186_41_1;187_37_2;
[1765934263385] [DEBUG] [ID:16] Client 207 joined as PLAYER
[1765934263385] [DEBUG] [ID:0] server: accepted connection from 127.0.0.1
[1765934263436] [SESSION] [ID:19] ACTION:73_1_2;145_13_2;146_19_1;69_37_2;
[1765934263436] [SESSION] [ID:21] ACTION:153_22_2;154_25_3;155_85_2;156_36_5;
[1765934263436] [SESSION] [ID:20] ACTION:192_47_2;193_46_1;194_38_1;195_36_2;
[1765934263436] [DEBUG] [ID:16] Client 208 joined as PLAYER
[1765934263436] [SESSION] [ID:14] START:0_80_1;1_83_3;2_44_3;3_13_3;
[1765934263436] [DEBUG] [ID:0] server: accepted connection from 127.0.0.1
[1765934263436] [SESSION] [ID:21] EXTRA:153_3
[1765934263487] [SESSION] [ID:18] ACTION:72_24_1;147_19_2;148_103_2;149_31_1;
[1765934263487] [SESSION] [ID:25] ACTION:161_2_3;162_66_2;163_80_3;164_4_2;
[1765934263487] [SESSION] [ID:17] ACTION:150_13_4;66_14_4;151_44_1;152_15_1;
[1765934263487] [SESSION] [ID:3] ACTION:170_96_2;171_91_4;172_64_1;173_93_3;
[1765934263487] [DEBUG] [ID:16] Client 209 joined as PLAYER
[1765934263487] [DEBUG] [ID:0] server: accepted connection from 127.0.0.1
[1765934263487] [DEBUG] [ID:0] server: accepted connection from 127.0.0.1
[1765934263538] [INFO] [ID:0] client disconnected
[1765934263538] [SESSION] [ID:2] EXTRA:166_2
[1765934263538] [SESSION] [ID:6] ACTION:180_57_2;181_58_4;182_2_1;183_65_1;
[1765934263538] [SESSION] [ID:9] ACTION:188_92_2;189_63_2;190_68_3;191_61_1;
[1765934263538] [SESSION] [ID:11] ACTION:200_83_2;201_80_4;202_99_5;130_14_4;
[1765934263538] [DEBUG] [ID:24] Try to init: id: 24, cap: 4, is_vis: 0
[1765934263539] [DEBUG] [ID:0] server: accepted connection from 127.0.0.1
[1765934263539] [DEBUG] [ID:24] Client 210 joined as PLAYER
[1765934263589] [SESSION] [ID:22] ACTION:157_17_1;158_30_3;159_9_3;160_96_2;
[1765934263589] [SESSION] [ID:1] ACTION:167_90_2;168_63_3;169_66_2;96_41_5;
[1765934263589] [SESSION] [ID:4] ACTION:176_44_5;177_67_1;178_24_1;179_23_3;
[1765934263589] [SESSION] [ID:6] EXTRA:182_1
[1765934263590] [DEBUG] [ID:24] Client 211 joined as PLAYER
[1765934263590] [DEBUG] [ID:0] server: accepted connection from 127.0.0.1
[1765934263590] [SESSION] [ID:22] EXTRA:159_0
[1765934263640] [SESSION] [ID:23] ACTION:196_103_2;197_25_3;198_18_2;199_98_2;
[1765934263641] [DEBUG] [ID:24] Client 212 joined as PLAYER
[1765934263641] [SESSION] [ID:16] START:0_52_1;1_15_2;2_5_2;3_42_1;
[1765934263641] [DEBUG] [ID:0] server: accepted connection from 127.0.0.1
[1765934263691] [SESSION] [ID:5] ACTION:174_75_2;111_101_2;175_2_4;106_90_1;
[1765934263691] [SESSION] [ID:7] ACTION:184_96_3;185_45_1;186_67_2;187_42_3;
[1765934263692] [DEBUG] [ID:24] Client 213 joined as PLAYER
[1765934263692] [DEBUG] [ID:0] server: accepted connection from 127.0.0.1
[1765934263743] [SESSION] [ID:19] EXTRA:73_3
[1765934263743] [DEBUG] [ID:19] Phase result:
[1765934263743] [SESSION] [ID:21] ACTION:153_48_1;154_18_1;155_40_3;156_29_1;
[1765934263743] [DEBUG] [ID:19] (73: 45)
[1765934263743] [DEBUG] [ID:19] (145: 6)
[1765934263743] [DEBUG] [ID:19] (146: 0)
[1765934263743] [DEBUG] [ID:19] (69: 12)
[1765934263743] [SESSION] [ID:20] ACTION:192_18_1;193_17_2;194_25_4;195_21_1;
[1765934263743] [SESSION] [ID:19] PHASE_RESULT:73_45;145_6;146_0;69_12;
[1765934263743] [DEBUG] [ID:26] Try to init: id: 26, cap: 4, is_vis: 0
[1765934263743] [SESSION] [ID:14] ACTION:132_14_5;203_81_2;204_22_2;205_92_1;
[1765934263743] [DEBUG] [ID:0] server: accepted connection from 127.0.0.1
[1765934263743] [DEBUG] [ID:26] Client 214 joined as PLAYER
[1765934263743] [INFO] [ID:0] client disconnected
[1765934263743] [DEBUG] [ID:19] User left remain 3 nb player 4
[1765934263744] [DEBUG] [ID:19] User left remain 2 nb player 4
[1765934263744] [INFO] [ID:0] client disconnected
[1765934263744] [DEBUG] [ID:19] User left remain 1 nb player 4
[1765934263794] [SESSION] [ID:18] ACTION:72_29_1;147_18_3;148_5_1;149_2_2;
[1765934263794] [SESSION] [ID:17] EXTRA:150_0
[1765934263794] [SESSION] [ID:25] EXTRA:161_0
[1765934263794] [DEBUG] [ID:17] Phase result:
[1765934263794] [DEBUG] [ID:17] (150: 34)
[1765934263794] [SESSION] [ID:3] ACTION:170_13_2;171_32_5;172_41_3;173_49_1;
[1765934263794] [DEBUG] [ID:17] (66: 17)
[1765934263794] [SESSION] [ID:5] EXTRA:175_1
[1765934263794] [DEBUG] [ID:17] (151: 28)
[1765934263794] [DEBUG] [ID:17] (152: 14)
[1765934263794] [SESSION] [ID:17] PHASE_RESULT:150_34;66_17;151_28;152_14;
[1765934263794] [DEBUG] [ID:26] Client 215 joined as PLAYER
[1765934263795] [DEBUG] [ID:0] server: accepted connection from 127.0.0.1
[1765934263795] [INFO] [ID:0] client disconnected
[1765934263795] [DEBUG] [ID:17] User left remain 3 nb player 4
[1765934263795] [INFO] [ID:0] client disconnected
[1765934263795] [DEBUG] [ID:17] User left remain 2 nb player 4
[1765934263795] [INFO] [ID:0] client disconnected
[1765934263795] [DEBUG] [ID:17] User left remain 1 nb player 4
[1765934263845] [SESSION] [ID:2] ACTION:90_4_2;91_93_2;165_90_2;166_5_5;
[1765934263845] [SESSION] [ID:9] ACTION:188_32_1;189_89_4;190_103_3;191_79_4;
[1765934263845] [SESSION] [ID:11] ACTION:200_23_2;201_102_1;202_18_3;130_16_1;
[1765934263846] [DEBUG] [ID:26] Client 216 joined as PLAYER
[1765934263846] [SESSION] [ID:24] START:0_62_3;1_40_3;2_22_5;3_64_4;
[1765934263846] [DEBUG] [ID:0] server: accepted connection from 127.0.0.1
[1765934263897] [SESSION] [ID:22] ACTION:157_13_2;158_33_5;159_18_5;160_11_1;
[1765934263897] [SESSION] [ID:4] ACTION:176_87_1;177_65_4;178_85_3;179_89_2;
[1765934263897] [SESSION] [ID:1] ACTION:167_76_3;168_68_1;169_84_1;96_102_3;
[1765934263897] [SESSION] [ID:6] ACTION:180_85_5;181_66_2;182_48_4;183_73_3;
[1765934263897] [DEBUG] [ID:26] Client 217 joined as PLAYER
[1765934263897] [DEBUG] [ID:0] server: accepted connection from 127.0.0.1
[1765934263897] [SESSION] [ID:22] EXTRA:160_2
[1765934263948] [SESSION] [ID:23] ACTION:196_69_1;197_59_1;198_54_1;199_52_1;
[1765934263948] [SESSION] [ID:16] ACTION:206_18_1;207_7_5;208_44_2;209_17_5;
[1765934263948] [DEBUG] [ID:27] Try to init: id: 27, cap: 4, is_vis: 0
[1765934263948] [DEBUG] [ID:0] server: accepted connection from 127.0.0.1
[1765934263949] [DEBUG] [ID:27] Client 218 joined as PLAYER
[1765934263999] [SESSION] [ID:7] ACTION:184_46_2;185_52_1;186_47_2;187_8_4;
[1765934263999] [DEBUG] [ID:27] Client 219 joined as PLAYER
[1765934263999] [DEBUG] [ID:0] server: accepted connection from 127.0.0.1
[1765934264049] [DEBUG] [ID:19] User left remain 0 nb player 4
[1765934264049] [SESSION] [ID:21] EXTRA:154_2
[1765934264049] [INFO] [ID:0] Session unregistered 19
[1765934264049] [SESSION] [ID:20] ACTION:192_20_1;193_42_2;194_26_2;195_27_1;
[1765934264050] [SESSION] [ID:14] ACTION:132_31_5;203_82_2;204_25_2;205_27_4;
[1765934264050] [DEBUG] [ID:27] Client 220 joined as PLAYER
[1765934264050] [SESSION] [ID:26] START:0_29_1;1_24_2;2_37_3;3_34_1;
[1765934264050] [DEBUG] [ID:0] server: accepted connection from 127.0.0.1
[1765934264100] [INFO] [ID:0] client disconnected
[1765934264100] [SESSION] [ID:18] EXTRA:149_2
[1765934264100] [DEBUG] [ID:18] Phase result:
[1765934264100] [DEBUG] [ID:18] (72: 12)
[1765934264100] [DEBUG] [ID:18] (147: 28)
[1765934264100] [DEBUG] [ID:18] (148: 0)
[1765934264100] [DEBUG] [ID:18] (149: 35)
[1765934264100] [SESSION] [ID:18] PHASE_RESULT:72_12;147_28;148_0;149_35;
[1765934264100] [SESSION] [ID:25] ACTION:161_10_1;162_67_5;163_84_2;164_53_4;
[1765934264100] [SESSION] [ID:3] EXTRA:170_0
[1765934264101] [SESSION] [ID:7] EXTRA:187_0
[1765934264101] [SESSION] [ID:5] ACTION:174_77_1;111_7_2;175_4_1;106_31_5;
[1765934264101] [DEBUG] [ID:27] Client 221 joined as PLAYER
[1765934264101] [DEBUG] [ID:0] server: accepted connection from 127.0.0.1
[1765934264101] [DEBUG] [ID:18] User left remain 3 nb player 4
[1765934264101] [INFO] [ID:0] client disconnected
[1765934264101] [DEBUG] [ID:18] User left remain 2 nb player 4
[1765934264101] [INFO] [ID:0] client disconnected
[1765934264101] [DEBUG] [ID:18] User left remain 1 nb player 4
[1765934264152] [SESSION] [ID:9] EXTRA:188_0
[1765934264152] [SESSION] [ID:2] ACTION:90_94_1;91_19_3;165_20_1;166_37_3;
[1765934264152] [SESSION] [ID:11] ACTION:200_48_2;201_85_3;202_90_1;130_62_1;
[1765934264152] [SESSION] [ID:24] ACTION:210_42_3;211_67_1;212_44_2;213_23_2;
[1765934264152] [DEBUG] [ID:19] Try to init: id: 19, cap: 4, is_vis: 0
[1765934264153] [DEBUG] [ID:19] Client 222 joined as PLAYER
[1765934264153] [DEBUG] [ID:0] server: accepted connection from 127.0.0.1
[1765934264203] [SESSION] [ID:22] ACTION:157_28_1;158_7_3;159_14_1;160_6_2;
[1765934264203] [SESSION] [ID:1] ACTION:167_79_1;168_89_3;169_16_5;96_87_1;
[1765934264204] [SESSION] [ID:4] ACTION:176_96_3;177_72_1;178_92_2;179_74_2;
[1765934264204] [SESSION] [ID:6] EXTRA:182_0
[1765934264204] [DEBUG] [ID:19] Client 223 joined as PLAYER
[1765934264204] [DEBUG] [ID:0] server: accepted connection from 127.0.0.1
[1765934264254] [SESSION] [ID:23] ACTION:196_81_3;197_74_1;198_40_3;199_61_5;
[1765934264254] [SESSION] [ID:16] ACTION:206_8_4;207_47_2;208_51_5;209_48_2;
[1765934264255] [DEBUG] [ID:19] Client 224 joined as PLAYER
[1765934264255] [DEBUG] [ID:0] server: accepted connection from 127.0.0.1
[1765934264255] [SESSION] [ID:27] START:0_32_2;1_89_4;2_40_5;3_80_1;
[1765934264305] [SESSION] [ID:1] EXTRA:169_1
[1765934264306] [DEBUG] [ID:19] Client 225 joined as PLAYER
[1765934264306] [DEBUG] [ID:0] server: accepted connection from 127.0.0.1
[1765934264356] [SESSION] [ID:21] ACTION:153_21_3;154_6_3;155_12_2;156_16_2;
[1765934264356] [SESSION] [ID:20] ACTION:192_103_1;193_50_3;194_44_2;195_29_3;
[1765934264356] [SESSION] [ID:14] ACTION:132_41_4;203_84_3;204_42_3;205_33_1;
[1765934264356] [DEBUG] [ID:28] Try to init: id: 28, cap: 4, is_vis: 0
[1765934264356] [SESSION] [ID:26] ACTION:214_49_2;215_31_5;216_27_3;217_30_5;
[1765934264357] [DEBUG] [ID:0] server: accepted connection from 127.0.0.1
[1765934264357] [DEBUG] [ID:28] Client 226 joined as PLAYER
[1765934264407] [DEBUG] [ID:18] User left remain 0 nb player 4
[1765934264407] [SESSION] [ID:25] EXTRA:161_1
[1765934264407] [SESSION] [ID:3] ACTION:170_5_2;171_38_5;172_59_1;173_20_2;
[1765934264407] [SESSION] [ID:7] ACTION:184_85_1;185_83_2;186_97_5;187_29_2;
[1765934264407] [SESSION] [ID:5] ACTION:174_80_1;111_21_3;175_71_2;106_95_3;
[1765934264407] [INFO] [ID:0] Session unregistered 18
[1765934264407] [DEBUG] [ID:28] Client 227 joined as PLAYER
[1765934264408] [DEBUG] [ID:28] Client 228 joined as PLAYER
[1765934264408] [DEBUG] [ID:0] server: accepted connection from 127.0.0.1
[1765934264408] [SESSION] [ID:5] EXTRA:111_1
[1765934264458] [SESSION] [ID:2] ACTION:90_7_3;91_96_1;165_76_5;166_52_1;
[1765934264458] [SESSION] [ID:9] ACTION:188_38_3;189_7_3;190_35_1;191_33_5;
[1765934264458] [SESSION] [ID:11] ACTION:200_65_1;201_30_2;202_68_1;130_66_3;
[1765934264458] [SESSION] [ID:24] ACTION:210_75_3;211_24_3;212_27_1;213_48_3;
[1765934264459] [DEBUG] [ID:28] Client 229 joined as PLAYER
[1765934264459] [SESSION] [ID:19] START:0_48_1;1_9_1;2_93_4;3_69_1;
[1765934264459] [DEBUG] [ID:0] server: accepted connection from 127.0.0.1
[1765934264459] [SESSION] [ID:9] EXTRA:189_0
[1765934264509] [SESSION] [ID:22] EXTRA:160_1
[1765934264509] [DEBUG] [ID:22] Phase result:
[1765934264509] [SESSION] [ID:4] ACTION:176_97_5;177_75_1;178_91_2;179_77_1;
[1765934264509] [DEBUG] [ID:22] (157: 11)
[1765934264509] [SESSION] [ID:6] ACTION:180_64_5;181_62_1;182_23_2;183_51_2;
[1765934264509] [DEBUG] [ID:22] (158: 18)
[1765934264510] [DEBUG] [ID:22] (159: 10)
[1765934264510] [SESSION] [ID:11] EXTRA:201_1
[1765934264510] [DEBUG] [ID:22] (160: 24)
[1765934264510] [SESSION] [ID:22] PHASE_RESULT:157_11;158_18;159_10;160_24;
[1765934264510] [DEBUG] [ID:18] Try to init: id: 18, cap: 4, is_vis: 0
[1765934264510] [DEBUG] [ID:0] server: accepted connection from 127.0.0.1
[1765934264510] [INFO] [ID:0] client disconnected
[1765934264510] [DEBUG] [ID:22] User left remain 3 nb player 4
[1765934264510] [INFO] [ID:0] client disconnected
[1765934264510] [DEBUG] [ID:22] User left remain 2 nb player 4
[1765934264510] [DEBUG] [ID:22] User left remain 1 nb player 4
[1765934264510] [DEBUG] [ID:18] Client 230 joined as PLAYER
[1765934264561] [SESSION] [ID:23] ACTION:196_83_2;197_44_2;198_85_3;199_88_1;
[1765934264561] [SESSION] [ID:16] ACTION:206_58_2;207_10_3;208_32_3;209_22_1;
[1765934264561] [SESSION] [ID:27] ACTION:218_83_3;219_36_4;220_91_1;221_33_3;
[1765934264561] [DEBUG] [ID:18] Client 231 joined as PLAYER
[1765934264561] [DEBUG] [ID:0] server: accepted connection from 127.0.0.1
[1765934264612] [SESSION] [ID:2] EXTRA:90_2
[1765934264612] [DEBUG] [ID:2] Phase result:
[1765934264612] [DEBUG] [ID:2] (90: 3)
[1765934264612] [SESSION] [ID:1] ACTION:167_7_5;168_80_1;169_31_1;96_67_3;
[1765934264612] [DEBUG] [ID:2] (91: 23)
[1765934264612] [DEBUG] [ID:2] (165: 8)
[1765934264612] [DEBUG] [ID:2] (166: 48)
[1765934264612] [SESSION] [ID:2] PHASE_RESULT:90_3;91_23;165_8;166_48;
[1765934264612] [DEBUG] [ID:18] Client 232 joined as PLAYER
[1765934264612] [DEBUG] [ID:0] server: accepted connection from 127.0.0.1
[1765934264612] [DEBUG] [ID:2] User left remain 3 nb player 4
[1765934264612] [INFO] [ID:0] client disconnected
[1765934264612] [DEBUG] [ID:2] User left remain 2 nb player 4
[1765934264663] [SESSION] [ID:21] EXTRA:154_2
[1765934264663] [SESSION] [ID:20] ACTION:192_54_3;193_69_5;194_51_3;195_104_1;
[1765934264663] [DEBUG] [ID:21] Phase result:
[1765934264663] [DEBUG] [ID:21] (153: 15)
[1765934264663] [DEBUG] [ID:21] (154: 14)
[1765934264663] [SESSION] [ID:14] ACTION:132_58_3;203_85_2;204_56_2;205_55_1;
[1765934264663] [SESSION] [ID:26] ACTION:214_61_4;215_52_3;216_43_2;217_28_1;
[1765934264663] [DEBUG] [ID:21] (155: 0)
[1765934264663] [DEBUG] [ID:21] (156: 17)
[1765934264663] [SESSION] [ID:21] PHASE_RESULT:153_15;154_14;155_0;156_17;
[1765934264663] [DEBUG] [ID:18] Client 233 joined as PLAYER
[1765934264663] [SESSION] [ID:28] START:0_5_1;1_98_4;2_76_4;3_2_1;
[1765934264663] [DEBUG] [ID:0] server: accepted connection from 127.0.0.1
[1765934264663] [INFO] [ID:0] client disconnected
[1765934264664] [DEBUG] [ID:21] User left remain 3 nb player 4
[1765934264664] [INFO] [ID:0] client disconnected
[1765934264664] [DEBUG] [ID:21] User left remain 2 nb player 4
[1765934264664] [INFO] [ID:0] client disconnected
[1765934264664] [DEBUG] [ID:21] User left remain 1 nb player 4
[1765934264714] [SESSION] [ID:3] EXTRA:170_2
[1765934264714] [SESSION] [ID:25] ACTION:161_7_4;162_72_1;163_82_2;164_3_3;
[1765934264714] [SESSION] [ID:5] ACTION:174_78_5;111_20_2;175_27_2;106_98_1;
[1765934264714] [SESSION] [ID:7] EXTRA:187_2
[1765934264714] [DEBUG] [ID:29] Try to init: id: 29, cap: 4, is_vis: 0
[1765934264715] [DEBUG] [ID:0] server: accepted connection from 127.0.0.1
[1765934264715] [SESSION] [ID:25] EXTRA:164_2
[1765934264715] [DEBUG] [ID:25] Phase result:
[1765934264715] [DEBUG] [ID:29] Client 234 joined as PLAYER
[1765934264715] [DEBUG] [ID:25] (161: 34)
[1765934264715] [DEBUG] [ID:25] (162: 0)
[1765934264715] [DEBUG] [ID:25] (163: 9)
[1765934264715] [DEBUG] [ID:25] (164: 23)
[1765934264715] [SESSION] [ID:25] PHASE_RESULT:161_34;162_0;163_9;164_23;
[1765934264715] [INFO] [ID:0] client disconnected
[1765934264715] [INFO] [ID:0] client disconnected
[1765934264766] [DEBUG] [ID:2] User left remain 1 nb player 4
[1765934264766] [SESSION] [ID:9] ACTION:188_42_1;189_95_1;190_12_1;191_18_4;
[1765934264766] [SESSION] [ID:24] ACTION:210_93_5;211_66_2;212_28_4;213_78_4;
[1765934264766] [SESSION] [ID:19] ACTION:222_70_1;223_50_5;224_52_3;225_97_5;
[1765934264766] [DEBUG] [ID:29] Client 235 joined as PLAYER
[1765934264766] [DEBUG] [ID:0] server: accepted connection from 127.0.0.1
[1765934264766] [SESSION] [ID:9] EXTRA:190_3
[1765934264817] [INFO] [ID:0] client disconnected
[1765934264817] [DEBUG] [ID:22] User left remain 0 nb player 4
[1765934264817] [SESSION] [ID:1] EXTRA:167_0
[1765934264817] [DEBUG] [ID:1] Phase result:
[1765934264817] [DEBUG] [ID:1] (167: 29)
[1765934264817] [SESSION] [ID:4] ACTION:176_99_2;177_16_3;178_39_5;179_37_3;
[1765934264817] [INFO] [ID:0] Session unregistered 22
[1765934264817] [DEBUG] [ID:1] (168: 22)
[1765934264817] [SESSION] [ID:6] EXTRA:182_0
[1765934264817] [DEBUG] [ID:1] (169: 4)
[1765934264817] [DEBUG] [ID:1] (96: 12)
[1765934264817] [SESSION] [ID:1] PHASE_RESULT:167_29;168_22;169_4;96_12;
[1765934264817] [SESSION] [ID:11] ACTION:200_35_1;201_40_3;202_45_3;130_31_2;
[1765934264817] [SESSION] [ID:18] START:0_101_5;1_81_3;2_72_2;3_31_2;
[1765934264817] [DEBUG] [ID:29] Client 236 joined as PLAYER
[1765934264817] [DEBUG] [ID:0] server: accepted connection from 127.0.0.1
[1765934264817] [INFO] [ID:0] client disconnected
[1765934264818] [DEBUG] [ID:1] User left remain 3 nb player 4
[1765934264818] [DEBUG] [ID:1] User left remain 2 nb player 4
[1765934264818] [SESSION] [ID:4] EXTRA:177_0
[1765934264869] [SESSION] [ID:23] ACTION:196_87_4;197_75_2;198_60_2;199_68_2;
[1765934264869] [SESSION] [ID:16] ACTION:206_62_1;207_68_3;208_96_2;209_95_4;
[1765934264869] [SESSION] [ID:27] ACTION:218_102_2;219_95_2;220_39_3;221_96_2;
[1765934264869] [DEBUG] [ID:29] Client 237 joined as PLAYER
[1765934264869] [DEBUG] [ID:0] server: accepted connection from 127.0.0.1
[1765934264920] [INFO] [ID:0] client disconnected
[1765934264920] [DEBUG] [ID:2] User left remain 0 nb player 4
[1765934264920] [INFO] [ID:0] client disconnected
[1765934264920] [DEBUG] [ID:1] User left remain 1 nb player 4
[1765934264920] [INFO] [ID:0] Session unregistered 2
[1765934264920] [DEBUG] [ID:2] Try to init: id: 2, cap: 4, is_vis: 0
[1765934264921] [DEBUG] [ID:0] server: accepted connection from 127.0.0.1
[1765934264921] [DEBUG] [ID:2] Client 238 joined as PLAYER
[1765934264971] [DEBUG] [ID:21] User left remain 0 nb player 4
[1765934264971] [SESSION] [ID:20] ACTION:192_76_2;193_70_3;194_59_1;195_81_2;
[1765934264971] [SESSION] [ID:14] ACTION:132_65_1;203_48_3;204_66_2;205_30_3;
[1765934264971] [INFO] [ID:0] Session unregistered 21
[1765934264971] [SESSION] [ID:26] ACTION:214_86_4;215_54_2;216_81_1;217_46_2;
[1765934264971] [SESSION] [ID:28] ACTION:226_7_1;227_3_2;228_10_1;229_99_3;
[1765934264972] [DEBUG] [ID:2] Client 239 joined as PLAYER
[1765934264972] [DEBUG] [ID:0] server: accepted connection from 127.0.0.1
[1765934265022] [DEBUG] [ID:25] User left remain 1 nb player 2
[1765934265022] [INFO] [ID:0] client disconnected
[1765934265022] [DEBUG] [ID:25] User left remain 0 nb player 2
[1765934265022] [INFO] [ID:0] Session unregistered 25
[1765934265022] [SESSION] [ID:3] ACTION:170_21_2;171_42_3;172_61_4;173_56_4;
[1765934265022] [SESSION] [ID:5] EXTRA:111_2
[1765934265022] [SESSION] [ID:7] ACTION:184_48_1;185_99_1;186_101_1;187_7_4;
[1765934265023] [DEBUG] [ID:2] Client 240 joined as PLAYER
[1765934265023] [DEBUG] [ID:0] server: accepted connection from 127.0.0.1
[1765934265023] [SESSION] [ID:29] START:0_90_1;1_46_3;2_41_1;3_21_2;
[1765934265073] [SESSION] [ID:9] ACTION:188_14_1;189_10_1;190_29_1;191_26_2;
[1765934265073] [SESSION] [ID:24] ACTION:210_99_1;211_68_1;212_90_1;213_3_1;
[1765934265073] [SESSION] [ID:19] ACTION:222_73_5;223_98_2;224_11_3;225_14_3;
[1765934265073] [DEBUG] [ID:2] Client 162 joined as PLAYER
[1765934265074] [DEBUG] [ID:0] server: accepted connection from 127.0.0.1
[1765934265124] [INFO] [ID:0] client disconnected
[1765934265124] [DEBUG] [ID:1] User left remain 0 nb player 4
[1765934265124] [SESSION] [ID:4] ACTION:176_56_1;177_21_2;178_94_1;179_41_1;
[1765934265124] [SESSION] [ID:6] ACTION:180_27_1;181_34_4;182_21_2;183_26_1;
[1765934265124] [SESSION] [ID:11] ACTION:200_27_1;201_47_1;202_69_3;130_25_1;
[1765934265124] [SESSION] [ID:14] EXTRA:205_1
[1765934265124] [INFO] [ID:0] Session unregistered 1
[1765934265124] [SESSION] [ID:18] ACTION:230_83_2;231_90_3;232_73_2;233_103_1;
[1765934265124] [DEBUG] [ID:1] Try to init: id: 1, cap: 4, is_vis: 0
[1765934265125] [DEBUG] [ID:0] server: accepted connection from 127.0.0.1
[1765934265125] [DEBUG] [ID:1] Client 163 joined as PLAYER
[1765934265175] [SESSION] [ID:23] ACTION:196_10_1;197_90_1;198_65_3;199_89_1;
[1765934265175] [SESSION] [ID:16] ACTION:206_97_2;207_91_4;208_93_3;209_103_1;
[1765934265175] [SESSION] [ID:27] ACTION:218_103_4;219_49_2;220_29_1;221_31_2;
[1765934265175] [DEBUG] [ID:1] Client 241 joined as PLAYER
[1765934265176] [DEBUG] [ID:0] server: accepted connection from 127.0.0.1
[1765934265226] [SESSION] [ID:11] EXTRA:130_1
[1765934265226] [SESSION] [ID:24] EXTRA:213_0
[1765934265226] [SESSION] [ID:2] START:0_96_3;1_73_2;2_17_4;3_59_5;
[1765934265226] [DEBUG] [ID:1] Client 242 joined as PLAYER
[1765934265226] [DEBUG] [ID:0] server: accepted connection from 127.0.0.1
[1765934265277] [SESSION] [ID:20] ACTION:192_68_1;193_90_1;194_101_5;195_100_1;
[1765934265277] [SESSION] [ID:26] ACTION:214_92_2;215_89_1;216_94_1;217_88_3;
[1765934265277] [SESSION] [ID:27] EXTRA:220_3
[1765934265277] [SESSION] [ID:28] ACTION:226_101_5;227_80_1;228_103_4;229_6_2;
[1765934265277] [DEBUG] [ID:1] Client 243 joined as PLAYER
[1765934265277] [DEBUG] [ID:0] server: accepted connection from 127.0.0.1
[1765934265328] [SESSION] [ID:3] EXTRA:170_0
[1765934265328] [SESSION] [ID:5] ACTION:174_84_4;111_10_1;175_26_2;106_1_1;
[1765934265328] [SESSION] [ID:7] EXTRA:187_2
[1765934265328] [SESSION] [ID:29] ACTION:234_44_2;235_25_1;236_24_1;237_94_1;
[1765934265328] [DEBUG] [ID:21] Try to init: id: 21, cap: 4, is_vis: 0
[1765934265329] [DEBUG] [ID:0] server: accepted connection from 127.0.0.1
[1765934265329] [DEBUG] [ID:21] Client 244 joined as PLAYER
[1765934265329] [SESSION] [ID:5] EXTRA:106_0
[1765934265329] [DEBUG] [ID:5] Phase result:
[1765934265329] [DEBUG] [ID:5] (174: 6)
[1765934265329] [DEBUG] [ID:5] (111: 18)
[1765934265329] [DEBUG] [ID:5] (175: 24)
[1765934265329] [DEBUG] [ID:5] (106: 21)
[1765934265329] [SESSION] [ID:5] PHASE_RESULT:174_6;111_18;175_24;106_21;
[1765934265329] [INFO] [ID:0] client disconnected
[1765934265329] [INFO] [ID:0] client disconnected
[1765934265329] [DEBUG] [ID:5] User left remain 2 nb player 3
[1765934265380] [SESSION] [ID:9] EXTRA:189_2
[1765934265380] [SESSION] [ID:19] ACTION:222_79_2;223_102_4;224_103_2;225_19_1;
[1765934265380] [DEBUG] [ID:21] Client 245 joined as PLAYER
[1765934265380] [DEBUG] [ID:0] server: accepted connection from 127.0.0.1
[1765934265431] [SESSION] [ID:6] EXTRA:182_2
[1765934265431] [SESSION] [ID:4] EXTRA:177_2
[1765934265431] [SESSION] [ID:14] ACTION:132_69_3;203_34_4;204_72_5;205_70_1;
[1765934265431] [SESSION] [ID:18] ACTION:230_91_1;231_95_1;232_37_4;233_92_5;
[1765934265431] [DEBUG] [ID:21] Client 246 joined as PLAYER
[1765934265431] [SESSION] [ID:1] START:0_55_5;1_29_1;2_93_3;3_89_2;
[1765934265432] [DEBUG] [ID:0] server: accepted connection from 127.0.0.1
[1765934265482] [SESSION] [ID:23] EXTRA:196_1
[1765934265482] [SESSION] [ID:16] ACTION:206_14_1;207_101_1;208_39_5;209_25_1;
[1765934265482] [DEBUG] [ID:21] Client 247 joined as PLAYER
[1765934265483] [DEBUG] [ID:0] server: accepted connection from 127.0.0.1
[1765934265533] [SESSION] [ID:11] ACTION:200_58_4;201_72_4;202_56_5;130_51_5;
[1765934265533] [SESSION] [ID:24] ACTION:210_6_1;211_97_4;212_92_1;213_96_1;
[1765934265533] [SESSION] [ID:2] ACTION:238_98_1;239_18_1;240_61_2;162_60_2;
[1765934265533] [DEBUG] [ID:22] Try to init: id: 22, cap: 4, is_vis: 0
[1765934265534] [DEBUG] [ID:0] server: accepted connection from 127.0.0.1
[1765934265534] [DEBUG] [ID:22] Client 248 joined as PLAYER
[1765934265584] [SESSION] [ID:20] ACTION:192_78_4;193_74_1;194_67_2;195_102_1;
[1765934265584] [SESSION] [ID:26] ACTION:214_9_2;215_56_1;216_104_4;217_68_4;
[1765934265584] [SESSION] [ID:27] ACTION:218_35_2;219_51_2;220_104_4;221_55_5;
[1765934265584] [SESSION] [ID:28] ACTION:226_9_4;227_104_3;228_24_2;229_82_1;
[1765934265585] [DEBUG] [ID:22] Client 249 joined as PLAYER
[1765934265585] [DEBUG] [ID:0] server: accepted connection from 127.0.0.1
[1765934265635] [INFO] [ID:0] client disconnected
[1765934265635] [SESSION] [ID:3] ACTION:170_24_2;171_62_1;172_73_3;173_58_5;
[1765934265635] [DEBUG] [ID:5] User left remain 1 nb player 3
[1765934265635] [DEBUG] [ID:3] Phase result:
[1765934265635] [DEBUG] [ID:3] (170: 31)
[1765934265635] [INFO] [ID:0] client disconnected
[1765934265635] [DEBUG] [ID:3] (171: 13)
[1765934265635] [DEBUG] [ID:3] (172: 43)
[1765934265635] [DEBUG] [ID:5] User left remain 0 nb player 3
[1765934265635] [DEBUG] [ID:3] (173: 0)
[1765934265635] [SESSION] [ID:3] PHASE_RESULT:170_31;171_13;172_43;173_0;
[1765934265635] [SESSION] [ID:7] ACTION:184_12_1;185_84_1;186_104_3;187_14_1;
[1765934265635] [INFO] [ID:0] Session unregistered 5
[1765934265635] [SESSION] [ID:29] ACTION:234_48_5;235_49_3;236_51_2;237_45_4;
[1765934265636] [DEBUG] [ID:22] Client 250 joined as PLAYER
[1765934265636] [SESSION] [ID:21] START:0_47_3;1_50_1;2_10_2;3_19_3;
[1765934265636] [DEBUG] [ID:0] server: accepted connection from 127.0.0.1
[1765934265636] [DEBUG] [ID:3] User left remain 3 nb player 4
[1765934265636] [INFO] [ID:0] client disconnected
[1765934265636] [DEBUG] [ID:3] User left remain 2 nb player 4
[1765934265636] [INFO] [ID:0] client disconnected
[1765934265636] [DEBUG] [ID:3] User left remain 1 nb player 4
[1765934265636] [SESSION] [ID:7] EXTRA:184_2
[1765934265687] [SESSION] [ID:9] ACTION:188_40_2;189_13_1;190_15_2;191_30_1;
[1765934265687] [SESSION] [ID:19] ACTION:222_67_3;223_58_5;224_62_1;225_26_2;
[1765934265687] [DEBUG] [ID:22] Client 174 joined as PLAYER
[1765934265687] [DEBUG] [ID:0] server: accepted connection from 127.0.0.1
[1765934265687] [DEBUG] [ID:0] server: accepted connection from 127.0.0.1
[1765934265738] [SESSION] [ID:4] ACTION:176_1_1;177_54_1;178_4_3;179_3_2;
[1765934265738] [SESSION] [ID:6] ACTION:180_45_2;181_24_1;182_6_4;183_49_4;
[1765934265738] [SESSION] [ID:14] ACTION:132_78_2;203_100_1;204_11_1;205_36_1;
[1765934265738] [SESSION] [ID:18] ACTION:230_78_4;231_45_5;232_98_2;233_76_3;
[1765934265738] [SESSION] [ID:1] ACTION:163_58_1;241_90_2;242_91_4;243_33_4;
[1765934265738] [DEBUG] [ID:5] Try to init: id: 5, cap: 4, is_vis: 0
[1765934265738] [DEBUG] [ID:0] server: accepted connection from 127.0.0.1
[1765934265739] [SESSION] [ID:14] EXTRA:204_1
[1765934265739] [DEBUG] [ID:5] Client 251 joined as PLAYER
[1765934265739] [SESSION] [ID:4] EXTRA:176_2
[1765934265739] [DEBUG] [ID:4] Phase result:
[1765934265739] [DEBUG] [ID:4] (176: 12)
[1765934265739] [DEBUG] [ID:4] (177: 34)
[1765934265739] [DEBUG] [ID:4] (178: 0)
[1765934265739] [DEBUG] [ID:4] (179: 10)
[1765934265739] [SESSION] [ID:4] PHASE_RESULT:176_12;177_34;178_0;179_10;
[1765934265739] [INFO] [ID:0] client disconnected
[1765934265739] [INFO] [ID:0] client disconnected
[1765934265739] [DEBUG] [ID:4] User left remain 2 nb player 3
[1765934265789] [SESSION] [ID:23] ACTION:196_35_3;197_11_1;198_93_4;199_101_2;
[1765934265789] [SESSION] [ID:16] ACTION:206_50_2;207_73_2;208_26_1;209_70_1;
[1765934265790] [DEBUG] [ID:5] Client 252 joined as PLAYER
[1765934265790] [DEBUG] [ID:0] server: accepted connection from 127.0.0.1
[1765934265840] [SESSION] [ID:11] ACTION:200_41_2;201_63_4;202_60_4;130_53_3;
[1765934265840] [DEBUG] [ID:5] Client 253 joined as PLAYER
[1765934265840] [DEBUG] [ID:0] server: accepted connection from 127.0.0.1
[1765934265841] [SESSION] [ID:2] ACTION:238_64_3;239_65_2;240_63_4;162_100_1;
[1765934265841] [SESSION] [ID:24] ACTION:210_101_2;211_12_4;212_104_4;213_59_1;
[1765934265841] [SESSION] [ID:22] START:0_6_1;1_5_2;2_46_2;3_40_4;
[1765934265891] [SESSION] [ID:20] ACTION:192_3_2;193_91_2;194_1_2;195_4_2;
[1765934265891] [SESSION] [ID:26] EXTRA:214_2
[1765934265891] [SESSION] [ID:27] ACTION:218_64_1;219_48_1;220_88_3;221_75_5;
[1765934265891] [SESSION] [ID:28] ACTION:226_92_3;227_94_1;228_26_2;229_84_4;
[1765934265892] [DEBUG] [ID:5] Client 254 joined as PLAYER
[1765934265892] [DEBUG] [ID:0] server: accepted connection from 127.0.0.1
[1765934265943] [DEBUG] [ID:3] User left remain 0 nb player 4
[1765934265943] [SESSION] [ID:7] ACTION:184_16_1;185_21_2;186_9_4;187_18_4;
[1765934265943] [INFO] [ID:0] Session unregistered 3
[1765934265943] [SESSION] [ID:29] ACTION:234_99_4;235_31_4;236_32_4;237_97_1;
[1765934265943] [SESSION] [ID:21] ACTION:244_49_1;245_20_2;246_13_2;247_54_3;
[1765934265943] [DEBUG] [ID:3] Try to init: id: 3, cap: 4, is_vis: 0
[1765934265943] [DEBUG] [ID:0] server: accepted connection from 127.0.0.1
[1765934265943] [SESSION] [ID:7] EXTRA:186_3
[1765934265944] [DEBUG] [ID:3] Client 255 joined as PLAYER
[1765934265994] [SESSION] [ID:9] EXTRA:189_2
[1765934265994] [SESSION] [ID:20] EXTRA:194_2
[1765934265994] [DEBUG] [ID:20] Phase result:
[1765934265994] [SESSION] [ID:11] EXTRA:200_1
[1765934265994] [DEBUG] [ID:20] (192: 37)
[1765934265994] [DEBUG] [ID:20] (193: 0)
[1765934265994] [DEBUG] [ID:20] (194: 21)
[1765934265994] [DEBUG] [ID:20] (195: 11)
[1765934265994] [SESSION] [ID:19] ACTION:222_84_2;223_41_3;224_68_4;225_27_2;
[1765934265994] [SESSION] [ID:20] PHASE_RESULT:192_37;193_0;194_21;195_11;
[1765934265994] [DEBUG] [ID:3] Client 256 joined as PLAYER
[1765934265995] [DEBUG] [ID:0] server: accepted connection from 127.0.0.1
[1765934265995] [INFO] [ID:0] client disconnected
[1765934265995] [DEBUG] [ID:20] User left remain 3 nb player 4
[1765934266045] [DEBUG] [ID:4] User left remain 1 nb player 3
[1765934266045] [INFO] [ID:0] client disconnected
[1765934266045] [DEBUG] [ID:4] User left remain 0 nb player 3
[1765934266045] [DEBUG] [ID:20] User left remain 2 nb player 4
[1765934266045] [SESSION] [ID:6] EXTRA:182_3
[1765934266045] [INFO] [ID:0] Session unregistered 4
[1765934266045] [SESSION] [ID:14] ACTION:132_1_2;203_51_2;204_4_2;205_77_2;
[1765934266045] [SESSION] [ID:18] ACTION:230_79_3;231_60_1;232_64_4;233_57_1;
[1765934266045] [SESSION] [ID:1] ACTION:163_96_1;241_69_1;242_60_1;243_35_4;
[1765934266046] [DEBUG] [ID:3] Client 257 joined as PLAYER
[1765934266046] [SESSION] [ID:5] START:0_22_3;1_25_1;2_102_5;3_2_2;
[1765934266046] [DEBUG] [ID:0] server: accepted connection from 127.0.0.1
[1765934266096] [SESSION] [ID:23] ACTION:196_8_2;197_30_3;198_67_3;199_102_5;
[1765934266096] [SESSION] [ID:16] ACTION:206_60_1;207_79_1;208_29_1;209_78_4;
[1765934266097] [DEBUG] [ID:3] Client 178 joined as PLAYER
[1765934266097] [DEBUG] [ID:0] server: accepted connection from 127.0.0.1
[1765934266147] [SESSION] [ID:24] ACTION:210_19_4;211_61_2;212_34_2;213_70_1;
[1765934266147] [SESSION] [ID:2] ACTION:238_101_1;239_71_1;240_77_1;162_23_2;
[1765934266147] [SESSION] [ID:22] ACTION:248_50_2;249_47_3;250_12_2;174_51_3;
[1765934266147] [DEBUG] [ID:4] Try to init: id: 4, cap: 4, is_vis: 0
[1765934266148] [DEBUG] [ID:4] Client 258 joined as PLAYER
[1765934266148] [DEBUG] [ID:0] server: accepted connection from 127.0.0.1
[1765934266198] [DEBUG] [ID:20] User left remain 1 nb player 4
[1765934266198] [SESSION] [ID:14] EXTRA:132_0
[1765934266198] [SESSION] [ID:26] ACTION:214_14_5;215_22_2;216_83_4;217_41_1;
[1765934266198] [SESSION] [ID:27] ACTION:218_66_2;219_50_4;220_97_5;221_18_1;
[1765934266198] [SESSION] [ID:28] ACTION:226_33_2;227_13_1;228_29_1;229_19_5;
[1765934266199] [DEBUG] [ID:4] Client 259 joined as PLAYER
[1765934266199] [DEBUG] [ID:0] server: accepted connection from 127.0.0.1
[1765934266250] [SESSION] [ID:7] ACTION:184_10_5;185_27_1;186_13_2;187_40_3;
[1765934266250] [DEBUG] [ID:7] Phase result:
[1765934266250] [DEBUG] [ID:7] (184: 14)
[1765934266250] [DEBUG] [ID:7] (185: 34)
[1765934266250] [SESSION] [ID:27] EXTRA:221_0
[1765934266250] [DEBUG] [ID:7] (186: 1)
[1765934266250] [DEBUG] [ID:7] (187: 18)
[1765934266250] [SESSION] [ID:7] PHASE_RESULT:184_14;185_34;186_1;187_18;
[1765934266250] [SESSION] [ID:29] ACTION:234_50_1;235_55_3;236_102_1;237_70_3;
[1765934266250] [SESSION] [ID:21] ACTION:244_18_1;245_55_3;246_52_1;247_17_2;
[1765934266250] [DEBUG] [ID:4] Client 260 joined as PLAYER
[1765934266250] [DEBUG] [ID:0] server: accepted connection from 127.0.0.1
[1765934266250] [SESSION] [ID:3] START:0_104_2;1_11_2;2_84_2;3_71_3;
[1765934266267] [DEBUG] [ID:7] User left remain 3 nb player 4
[1765934266318] [INFO] [ID:0] client disconnected
[1765934266318] [SESSION] [ID:9] ACTION:188_41_2;189_57_3;190_48_1;191_43_3;
[1765934266318] [DEBUG] [ID:20] User left remain 0 nb player 4
[1765934266318] [SESSION] [ID:11] ACTION:200_42_5;201_89_3;202_22_1;130_28_3;
[1765934266318] [SESSION] [ID:19] ACTION:222_32_5;223_85_1;224_89_1;225_45_1;
[1765934266318] [DEBUG] [ID:4] Client 261 joined as PLAYER
[1765934266318] [INFO] [ID:0] Session unregistered 20
[1765934266319] [DEBUG] [ID:0] server: accepted connection from 127.0.0.1
[1765934266319] [SESSION] [ID:11] EXTRA:202_0
[1765934266370] [SESSION] [ID:6] ACTION:180_29_5;181_14_1;182_31_4;183_18_2;
[1765934266370] [SESSION] [ID:18] ACTION:230_100_3;231_69_1;232_70_1;233_86_2;
[1765934266370] [SESSION] [ID:1] ACTION:163_38_2;241_47_3;242_99_3;243_102_1;
[1765934266370] [DEBUG] [ID:20] Try to init: id: 20, cap: 4, is_vis: 0
[1765934266370] [SESSION] [ID:5] ACTION:251_11_1;252_13_4;253_103_3;254_27_1;
[1765934266370] [DEBUG] [ID:0] server: accepted connection from 127.0.0.1
[1765934266371] [SESSION] [ID:6] EXTRA:181_2
[1765934266371] [DEBUG] [ID:20] Client 262 joined as PLAYER
[1765934266421] [SESSION] [ID:23] EXTRA:196_1
[1765934266421] [SESSION] [ID:16] ACTION:206_61_2;207_12_1;208_87_3;209_82_4;
[1765934266421] [DEBUG] [ID:20] Client 263 joined as PLAYER
[1765934266422] [DEBUG] [ID:0] server: accepted connection from 127.0.0.1
[1765934266472] [SESSION] [ID:16] EXTRA:207_1
[1765934266472] [SESSION] [ID:24] ACTION:210_20_4;211_73_1;212_1_2;213_77_1;
[1765934266472] [SESSION] [ID:2] ACTION:238_84_2;239_79_1;240_85_2;162_28_3;
[1765934266472] [SESSION] [ID:22] ACTION:248_14_2;249_11_5;250_13_1;174_16_2;
[1765934266472] [DEBUG] [ID:20] Client 264 joined as PLAYER
[1765934266473] [SESSION] [ID:4] START:0_63_1;1_45_4;2_1_2;3_23_1;
[1765934266473] [DEBUG] [ID:0] server: accepted connection from 127.0.0.1
[1765934266473] [SESSION] [ID:24] EXTRA:212_2
[1765934266523] [SESSION] [ID:14] ACTION:132_8_1;203_79_4;204_12_4;205_63_3;
[1765934266523] [SESSION] [ID:26] ACTION:214_3_1;215_64_2;216_5_1;217_7_2;
[1765934266523] [SESSION] [ID:28] ACTION:226_22_3;227_20_5;228_34_3;229_38_1;
[1765934266524] [DEBUG] [ID:20] Client 265 joined as PLAYER
[1765934266524] [DEBUG] [ID:0] server: accepted connection from 127.0.0.1
[1765934266574] [DEBUG] [ID:7] User left remain 2 nb player 4
[1765934266574] [INFO] [ID:0] client disconnected
[1765934266574] [DEBUG] [ID:7] User left remain 1 nb player 4
[1765934266574] [INFO] [ID:0] client disconnected
[1765934266574] [DEBUG] [ID:7] User left remain 0 nb player 4
[1765934266574] [SESSION] [ID:27] ACTION:218_28_2;219_3_3;220_19_1;221_23_5;
[1765934266574] [INFO] [ID:0] Session unregistered 7
[1765934266574] [SESSION] [ID:29] ACTION:234_72_3;235_22_1;236_68_1;237_93_1;
[1765934266574] [SESSION] [ID:21] ACTION:244_33_4;245_60_1;246_25_2;247_32_5;
[1765934266574] [SESSION] [ID:3] ACTION:255_72_2;256_90_1;257_75_1;178_85_1;
[1765934266575] [DEBUG] [ID:7] Try to init: id: 7, cap: 4, is_vis: 0
[1765934266575] [DEBUG] [ID:0] server: accepted connection from 127.0.0.1
[1765934266575] [SESSION] [ID:27] EXTRA:219_0
[1765934266575] [DEBUG] [ID:7] Client 266 joined as PLAYER
[1765934266625] [SESSION] [ID:9] ACTION:188_51_5;189_58_3;190_36_4;191_98_1;
[1765934266625] [DEBUG] [ID:9] Phase result:
[1765934266625] [DEBUG] [ID:9] (188: 15)
[1765934266625] [SESSION] [ID:11] ACTION:200_46_1;201_57_3;202_26_1;130_55_1;
[1765934266625] [DEBUG] [ID:9] (189: 20)
[1765934266625] [DEBUG] [ID:9] (190: 14)
[1765934266625] [SESSION] [ID:19] EXTRA:222_2
[1765934266625] [DEBUG] [ID:9] (191: 27)
[1765934266625] [SESSION] [ID:9] PHASE_RESULT:188_15;189_20;190_14;191_27;
[1765934266625] [SESSION] [ID:29] EXTRA:235_0
[1765934266626] [DEBUG] [ID:7] Client 267 joined as PLAYER
[1765934266626] [DEBUG] [ID:7] Client 268 joined as PLAYER
[1765934266626] [DEBUG] [ID:0] server: accepted connection from 127.0.0.1
[1765934266626] [INFO] [ID:0] client disconnected
[1765934266626] [DEBUG] [ID:9] User left remain 3 nb player 4
[1765934266626] [INFO] [ID:0] client disconnected
[1765934266626] [DEBUG] [ID:9] User left remain 2 nb player 4
[1765934266626] [INFO] [ID:0] client disconnected
[1765934266626] [DEBUG] [ID:9] User left remain 1 nb player 4
[1765934266676] [SESSION] [ID:6] ACTION:180_17_3;181_7_4;182_12_2;183_22_2;
[1765934266676] [SESSION] [ID:18] ACTION:230_87_1;231_15_4;232_88_3;233_10_3;
[1765934266676] [SESSION] [ID:1] ACTION:163_73_3;241_83_1;242_104_4;243_77_1;
[1765934266676] [SESSION] [ID:5] ACTION:251_19_3;252_57_3;253_24_5;254_18_3;
[1765934266677] [DEBUG] [ID:7] Client 269 joined as PLAYER
[1765934266677] [SESSION] [ID:20] START:0_89_2;1_91_1;2_14_3;3_66_1;
[1765934266677] [DEBUG] [ID:0] server: accepted connection from 127.0.0.1
[1765934266727] [SESSION] [ID:23] ACTION:196_4_2;197_31_1;198_78_5;199_80_1;
[1765934266727] [DEBUG] [ID:25] Try to init: id: 25, cap: 4, is_vis: 0
[1765934266728] [DEBUG] [ID:0] server: accepted connection from 127.0.0.1
[1765934266728] [DEBUG] [ID:25] Client 270 joined as PLAYER
[1765934266778] [SESSION] [ID:24] ACTION:210_31_2;211_36_2;212_46_1;213_82_1;
[1765934266778] [SESSION] [ID:16] ACTION:206_72_5;207_4_1;208_66_2;209_85_3;
[1765934266778] [SESSION] [ID:2] ACTION:238_88_2;239_87_1;240_37_1;162_86_1;
[1765934266778] [SESSION] [ID:22] ACTION:248_89_1;249_22_1;250_60_1;174_45_4;
[1765934266779] [SESSION] [ID:4] ACTION:258_66_2;259_24_3;260_4_1;261_29_2;
[1765934266779] [DEBUG] [ID:25] Client 271 joined as PLAYER
[1765934266779] [DEBUG] [ID:0] server: accepted connection from 127.0.0.1
[1765934266830] [SESSION] [ID:14] ACTION:132_15_2;203_24_5;204_26_3;205_2_5;
[1765934266830] [SESSION] [ID:26] EXTRA:214_0
[1765934266830] [SESSION] [ID:28] ACTION:226_37_2;227_44_1;228_30_3;229_50_2;
[1765934266830] [SESSION] [ID:18] EXTRA:233_2
[1765934266830] [DEBUG] [ID:25] Client 272 joined as PLAYER
[1765934266830] [DEBUG] [ID:0] server: accepted connection from 127.0.0.1
[1765934266881] [SESSION] [ID:27] ACTION:218_71_1;219_17_1;220_101_3;221_24_2;
[1765934266881] [SESSION] [ID:21] ACTION:244_75_5;245_72_3;246_95_3;247_92_1;
[1765934266881] [SESSION] [ID:3] ACTION:255_14_2;256_92_3;257_80_5;178_93_4;
[1765934266881] [DEBUG] [ID:25] Client 273 joined as PLAYER
[1765934266881] [SESSION] [ID:7] START:0_90_1;1_43_4;2_21_5;3_14_1;
[1765934266881] [DEBUG] [ID:0] server: accepted connection from 127.0.0.1
[1765934266931] [DEBUG] [ID:9] User left remain 0 nb player 4
[1765934266932] [SESSION] [ID:11] EXTRA:202_2
[1765934266932] [DEBUG] [ID:11] Phase result:
[1765934266932] [DEBUG] [ID:11] (200: 28)
[1765934266932] [INFO] [ID:0] Session unregistered 9
[1765934266932] [SESSION] [ID:19] ACTION:222_34_3;223_33_2;224_38_5;225_39_1;
[1765934266932] [DEBUG] [ID:11] (201: 12)
[1765934266932] [SESSION] [ID:29] ACTION:234_34_2;235_23_1;236_36_2;237_96_3;
[1765934266932] [DEBUG] [ID:11] (202: 30)
[1765934266932] [DEBUG] [ID:11] (130: 11)
[1765934266932] [SESSION] [ID:11] PHASE_RESULT:200_28;201_12;202_30;130_11;
[1765934266932] [DEBUG] [ID:9] Try to init: id: 9, cap: 4, is_vis: 0
[1765934266932] [DEBUG] [ID:0] server: accepted connection from 127.0.0.1
[1765934266932] [INFO] [ID:0] client disconnected
[1765934266932] [DEBUG] [ID:11] User left remain 3 nb player 4
[1765934266932] [INFO] [ID:0] client disconnected
[1765934266932] [DEBUG] [ID:11] User left remain 2 nb player 4
[1765934266932] [INFO] [ID:0] client disconnected
[1765934266932] [DEBUG] [ID:11] User left remain 1 nb player 4
[1765934266933] [DEBUG] [ID:9] Client 274 joined as PLAYER
[1765934266983] [SESSION] [ID:6] EXTRA:181_2
[1765934266983] [SESSION] [ID:14] EXTRA:205_2
[1765934266983] [DEBUG] [ID:6] Phase result:
[1765934266983] [DEBUG] [ID:6] (180: 0)
[1765934266983] [DEBUG] [ID:14] Phase result:
[1765934266983] [DEBUG] [ID:14] (132: 17)
[1765934266983] [DEBUG] [ID:6] (181: 26)
[1765934266983] [DEBUG] [ID:14] (203: 50)
[1765934266983] [DEBUG] [ID:6] (182: 23)
[1765934266983] [DEBUG] [ID:14] (204: 17)
[1765934266983] [DEBUG] [ID:14] (205: 8)
[1765934266983] [DEBUG] [ID:6] (183: 20)
[1765934266983] [SESSION] [ID:14] PHASE_RESULT:132_17;203_50;204_17;205_8;
[1765934266983] [SESSION] [ID:6] PHASE_RESULT:180_0;181_26;182_23;183_20;
[1765934266983] [SESSION] [ID:1] ACTION:163_19_2;241_84_1;242_41_3;243_21_2;
[1765934266983] [SESSION] [ID:5] ACTION:251_93_2;252_95_2;253_34_1;254_47_3;
[1765934266983] [SESSION] [ID:20] ACTION:262_17_2;263_68_3;264_73_3;265_90_4;
[1765934266983] [DEBUG] [ID:9] Client 275 joined as PLAYER
[1765934266983] [DEBUG] [ID:0] server: accepted connection from 127.0.0.1
[1765934266984] [INFO] [ID:0] client disconnected
[1765934266984] [DEBUG] [ID:6] User left remain 3 nb player 4
[1765934266984] [INFO] [ID:0] client disconnected
[1765934266984] [DEBUG] [ID:6] User left remain 2 nb player 4
[1765934266984] [INFO] [ID:0] client disconnected
[1765934266984] [DEBUG] [ID:6] User left remain 1 nb player 4
[1765934266984] [INFO] [ID:0] client disconnected
[1765934266984] [DEBUG] [ID:14] User left remain 3 nb player 4
[1765934266984] [INFO] [ID:0] client disconnected
[1765934266984] [DEBUG] [ID:14] User left remain 2 nb player 4
[1765934267034] [SESSION] [ID:23] EXTRA:196_1
[1765934267034] [DEBUG] [ID:23] Phase result:
[1765934267034] [DEBUG] [ID:23] (196: 16)
[1765934267034] [DEBUG] [ID:23] (197: 21)
[1765934267034] [DEBUG] [ID:23] (198: 28)
[1765934267034] [DEBUG] [ID:23] (199: 10)
[1765934267034] [SESSION] [ID:23] PHASE_RESULT:196_16;197_21;198_28;199_10;
[1765934267034] [DEBUG] [ID:9] Client 276 joined as PLAYER
[1765934267034] [DEBUG] [ID:0] server: accepted connection from 127.0.0.1
[1765934267034] [SESSION] [ID:25] START:0_104_3;1_87_2;2_66_3;3_20_1;
[1765934267034] [INFO] [ID:0] client disconnected
[1765934267034] [DEBUG] [ID:23] User left remain 3 nb player 4
[1765934267034] [INFO] [ID:0] client disconnected
[1765934267034] [DEBUG] [ID:23] User left remain 2 nb player 4
[1765934267035] [INFO] [ID:0] client disconnected
[1765934267035] [DEBUG] [ID:23] User left remain 1 nb player 4
[1765934267085] [SESSION] [ID:16] EXTRA:207_1
[1765934267085] [SESSION] [ID:24] ACTION:210_37_2;211_49_2;212_51_1;213_85_1;
[1765934267085] [DEBUG] [ID:16] Phase result:
[1765934267085] [DEBUG] [ID:16] (206: 0)
[1765934267085] [DEBUG] [ID:16] (207: 28)
[1765934267085] [SESSION] [ID:2] ACTION:238_90_2;239_91_1;240_8_4;162_15_5;
[1765934267085] [DEBUG] [ID:16] (208: 23)
[1765934267085] [DEBUG] [ID:16] (209: 21)
[1765934267085] [SESSION] [ID:22] ACTION:248_29_3;249_91_1;250_92_2;174_94_1;
[1765934267085] [SESSION] [ID:16] PHASE_RESULT:206_0;207_28;208_23;209_21;
[1765934267085] [SESSION] [ID:4] ACTION:258_47_2;259_70_2;260_69_3;261_33_1;
[1765934267085] [DEBUG] [ID:9] Client 277 joined as PLAYER
[1765934267085] [DEBUG] [ID:0] server: accepted connection from 127.0.0.1
[1765934267086] [INFO] [ID:0] client disconnected
[1765934267086] [DEBUG] [ID:16] User left remain 3 nb player 4
[1765934267086] [INFO] [ID:0] client disconnected
[1765934267086] [DEBUG] [ID:16] User left remain 2 nb player 4
[1765934267086] [INFO] [ID:0] client disconnected
[1765934267086] [DEBUG] [ID:16] User left remain 1 nb player 4
[1765934267136] [INFO] [ID:0] client disconnected
[1765934267136] [SESSION] [ID:26] ACTION:214_16_5;215_100_3;216_84_1;217_66_1;
[1765934267136] [SESSION] [ID:28] ACTION:226_58_2;227_69_1;228_59_3;229_51_3;
[1765934267136] [SESSION] [ID:18] ACTION:230_20_4;231_21_2;232_17_2;233_23_4;
[1765934267136] [DEBUG] [ID:30] Try to init: id: 30, cap: 4, is_vis: 0
[1765934267137] [DEBUG] [ID:0] server: accepted connection from 127.0.0.1
[1765934267137] [DEBUG] [ID:30] Client 278 joined as PLAYER
[1765934267137] [DEBUG] [ID:0] server: accepted connection from 127.0.0.1
[1765934267187] [SESSION] [ID:27] EXTRA:219_1
[1765934267187] [SESSION] [ID:21] ACTION:244_96_1;245_98_3;246_99_2;247_97_5;
[1765934267187] [SESSION] [ID:2] EXTRA:240_2
[1765934267187] [SESSION] [ID:3] ACTION:255_20_1;256_94_2;257_16_1;178_17_1;
[1765934267187] [SESSION] [ID:7] ACTION:266_49_4;267_44_1;268_31_5;269_15_1;
[1765934267187] [DEBUG] [ID:30] Client 279 joined as PLAYER
[1765934267188] [DEBUG] [ID:0] server: accepted connection from 127.0.0.1
[1765934267238] [DEBUG] [ID:11] User left remain 0 nb player 4
[1765934267238] [SESSION] [ID:24] EXTRA:210_0
[1765934267238] [DEBUG] [ID:24] Phase result:
[1765934267238] [DEBUG] [ID:24] (210: 20)
[1765934267238] [SESSION] [ID:19] ACTION:222_31_2;223_90_1;224_28_1;225_104_3;
[1765934267238] [INFO] [ID:0] Session unregistered 11
[1765934267238] [DEBUG] [ID:24] (211: 23)
[1765934267238] [DEBUG] [ID:24] (212: 16)
[1765934267238] [SESSION] [ID:29] ACTION:234_61_5;235_56_2;236_19_1;237_40_1;
[1765934267238] [DEBUG] [ID:24] (213: 20)
[1765934267238] [SESSION] [ID:24] PHASE_RESULT:210_20;211_23;212_16;213_20;
[1765934267239] [DEBUG] [ID:30] Client 280 joined as PLAYER
[1765934267239] [DEBUG] [ID:0] server: accepted connection from 127.0.0.1
[1765934267239] [SESSION] [ID:9] START:0_69_3;1_70_2;2_28_4;3_18_4;
[1765934267239] [INFO] [ID:0] client disconnected
[1765934267239] [SESSION] [ID:19] EXTRA:224_2
[1765934267290] [DEBUG] [ID:6] User left remain 0 nb player 4
[1765934267290] [INFO] [ID:0] client disconnected
[1765934267290] [DEBUG] [ID:14] User left remain 0 nb player 3
[1765934267290] [SESSION] [ID:29] EXTRA:236_0
[1765934267290] [SESSION] [ID:1] EXTRA:163_0
[1765934267290] [INFO] [ID:0] Session unregistered 6
[1765934267290] [INFO] [ID:0] Session unregistered 14
[1765934267290] [SESSION] [ID:5] ACTION:251_59_2;252_100_2;253_37_1;254_48_2;
[1765934267290] [SESSION] [ID:20] ACTION:262_76_3;263_74_1;264_22_1;265_77_2;
[1765934267290] [DEBUG] [ID:30] Client 281 joined as PLAYER
[1765934267290] [DEBUG] [ID:0] server: accepted connection from 127.0.0.1
[1765934267341] [INFO] [ID:0] client disconnected
[1765934267341] [SESSION] [ID:25] ACTION:270_21_1;271_90_4;272_88_3;273_93_2;
[1765934267341] [DEBUG] [ID:6] Try to init: id: 6, cap: 4, is_vis: 0
[1765934267341] [DEBUG] [ID:0] server: accepted connection from 127.0.0.1
[1765934267342] [DEBUG] [ID:6] Client 282 joined as PLAYER
[1765934267392] [DEBUG] [ID:16] User left remain 0 nb player 4
[1765934267392] [INFO] [ID:0] client disconnected
[1765934267392] [DEBUG] [ID:24] User left remain 2 nb player 3
[1765934267392] [DEBUG] [ID:24] User left remain 1 nb player 3
[1765934267392] [INFO] [ID:0] Session unregistered 16
[1765934267392] [SESSION] [ID:22] ACTION:248_36_5;249_35_5;250_31_1;174_34_5;
[1765934267392] [SESSION] [ID:4] ACTION:258_51_1;259_71_1;260_52_1;261_10_3;
[1765934267393] [DEBUG] [ID:6] Client 283 joined as PLAYER
[1765934267393] [DEBUG] [ID:0] server: accepted connection from 127.0.0.1
[1765934267443] [SESSION] [ID:26] ACTION:214_20_4;215_101_3;216_85_2;217_4_2;
[1765934267443] [SESSION] [ID:28] ACTION:226_49_1;227_15_5;228_32_1;229_60_1;
[1765934267443] [SESSION] [ID:18] ACTION:230_8_3;231_26_2;232_43_3;233_25_3;
[1765934267443] [SESSION] [ID:30] START:0_60_4;1_53_5;2_54_3;3_49_3;
[1765934267443] [DEBUG] [ID:6] Client 132 joined as PLAYER
[1765934267444] [DEBUG] [ID:0] server: accepted connection from 127.0.0.1
[1765934267444] [SESSION] [ID:26] EXTRA:217_1
[1765934267494] [SESSION] [ID:27] ACTION:218_81_3;219_12_1;220_30_1;221_14_2;
[1765934267494] [SESSION] [ID:28] EXTRA:227_0
[1765934267494] [SESSION] [ID:2] ACTION:238_32_1;239_5_3;240_41_3;162_38_2;
[1765934267494] [SESSION] [ID:21] ACTION:244_81_2;245_100_2;246_4_4;247_6_2;
[1765934267494] [SESSION] [ID:3] ACTION:255_100_2;256_103_2;257_99_3;178_25_4;
[1765934267495] [SESSION] [ID:7] ACTION:266_53_2;267_51_4;268_56_3;269_16_3;
[1765934267495] [DEBUG] [ID:6] Client 284 joined as PLAYER
[1765934267495] [DEBUG] [ID:0] server: accepted connection from 127.0.0.1
[1765934267495] [SESSION] [ID:2] EXTRA:239_3
[1765934267546] [INFO] [ID:0] client disconnected
[1765934267546] [DEBUG] [ID:24] User left remain 0 nb player 3
[1765934267546] [SESSION] [ID:19] ACTION:222_7_2;223_88_5;224_4_3;225_6_2;
[1765934267546] [DEBUG] [ID:11] Try to init: id: 11, cap: 4, is_vis: 0
[1765934267546] [SESSION] [ID:9] ACTION:274_21_5;275_75_1;276_79_1;277_20_4;
[1765934267547] [INFO] [ID:0] Session unregistered 24
[1765934267547] [DEBUG] [ID:0] server: accepted connection from 127.0.0.1
[1765934267547] [DEBUG] [ID:11] Client 285 joined as PLAYER
[1765934267597] [SESSION] [ID:18] EXTRA:230_2
[1765934267597] [SESSION] [ID:29] ACTION:234_75_5;235_57_1;236_39_1;237_3_2;
[1765934267597] [SESSION] [ID:1] ACTION:163_43_5;241_51_3;242_48_5;243_52_5;
[1765934267597] [SESSION] [ID:21] EXTRA:246_0
[1765934267597] [SESSION] [ID:5] ACTION:251_62_1;252_65_2;253_38_4;254_69_2;
[1765934267597] [SESSION] [ID:20] ACTION:262_80_1;263_94_4;264_81_3;265_24_1;
[1765934267598] [DEBUG] [ID:11] Client 211 joined as PLAYER
[1765934267598] [DEBUG] [ID:0] server: accepted connection from 127.0.0.1
[1765934267648] [SESSION] [ID:29] EXTRA:237_0
[1765934267649] [SESSION] [ID:25] ACTION:270_23_2;271_33_1;272_25_2;273_75_3;
[1765934267649] [DEBUG] [ID:11] Client 286 joined as PLAYER
[1765934267649] [SESSION] [ID:6] START:0_44_3;1_46_2;2_35_2;3_36_3;
[1765934267649] [DEBUG] [ID:0] server: accepted connection from 127.0.0.1
[1765934267699] [SESSION] [ID:22] ACTION:248_38_2;249_37_2;250_19_2;174_39_1;
[1765934267699] [SESSION] [ID:4] ACTION:258_35_2;259_62_3;260_17_3;261_21_1;
[1765934267700] [DEBUG] [ID:11] Client 287 joined as PLAYER
[1765934267700] [DEBUG] [ID:0] server: accepted connection from 127.0.0.1
[1765934267750] [SESSION] [ID:26] ACTION:214_6_2;215_102_2;216_97_4;217_2_1;
[1765934267750] [SESSION] [ID:30] ACTION:278_52_4;279_51_5;280_63_2;281_66_3;
[1765934267750] [DEBUG] [ID:14] Try to init: id: 14, cap: 4, is_vis: 0
[1765934267751] [DEBUG] [ID:0] server: accepted connection from 127.0.0.1
[1765934267751] [DEBUG] [ID:14] Client 288 joined as PLAYER
[1765934267801] [SESSION] [ID:27] EXTRA:219_3
[1765934267801] [SESSION] [ID:2] ACTION:238_1_1;239_12_2;240_56_4;162_40_1;
[1765934267801] [SESSION] [ID:28] ACTION:226_75_3;227_47_1;228_45_1;229_62_2;
[1765934267801] [DEBUG] [ID:28] Phase result:
[1765934267801] [DEBUG] [ID:28] (226: 18)
[1765934267801] [DEBUG] [ID:28] (227: 24)
[1765934267801] [DEBUG] [ID:28] (228: 7)
[1765934267801] [DEBUG] [ID:28] (229: 18)
[1765934267801] [SESSION] [ID:3] ACTION:255_37_2;256_27_3;257_46_5;178_39_4;
[1765934267801] [SESSION] [ID:28] PHASE_RESULT:226_18;227_24;228_7;229_18;
[1765934267802] [SESSION] [ID:7] ACTION:266_32_2;267_57_1;268_58_2;269_92_1;
[1765934267802] [DEBUG] [ID:14] Client 289 joined as PLAYER
[1765934267802] [DEBUG] [ID:0] server: accepted connection from 127.0.0.1
[1765934267802] [INFO] [ID:0] client disconnected
[1765934267802] [DEBUG] [ID:28] User left remain 3 nb player 4
[1765934267852] [SESSION] [ID:19] EXTRA:224_2
[1765934267853] [DEBUG] [ID:28] User left remain 2 nb player 4
[1765934267853] [SESSION] [ID:9] ACTION:274_83_4;275_82_1;276_80_1;277_26_1;
[1765934267853] [DEBUG] [ID:14] Client 290 joined as PLAYER
[1765934267853] [SESSION] [ID:11] START:0_25_2;1_99_1;2_40_5;3_5_1;
[1765934267853] [DEBUG] [ID:0] server: accepted connection from 127.0.0.1
[1765934267904] [SESSION] [ID:18] ACTION:230_51_3;231_28_2;232_22_1;233_61_2;
[1765934267904] [SESSION] [ID:1] ACTION:163_67_2;241_53_3;242_59_2;243_57_5;
[1765934267904] [SESSION] [ID:21] ACTION:244_89_2;245_102_4;246_8_1;247_84_4;
[1765934267904] [SESSION] [ID:5] ACTION:251_61_4;252_70_1;253_53_5;254_56_4;
[1765934267904] [SESSION] [ID:20] ACTION:262_99_3;263_98_1;264_84_1;265_88_3;
[1765934267904] [DEBUG] [ID:14] Client 291 joined as PLAYER
[1765934267904] [DEBUG] [ID:0] server: accepted connection from 127.0.0.1
[1765934267904] [SESSION] [ID:18] EXTRA:232_0
[1765934267955] [SESSION] [ID:29] ACTION:234_76_1;235_58_2;236_13_3;237_62_3;
[1765934267955] [SESSION] [ID:25] ACTION:270_76_2;271_85_3;272_79_1;273_30_4;
[1765934267955] [DEBUG] [ID:16] Try to init: id: 16, cap: 4, is_vis: 0
[1765934267955] [SESSION] [ID:6] ACTION:282_45_2;283_47_3;132_60_3;284_40_5;
[1765934267955] [DEBUG] [ID:0] server: accepted connection from 127.0.0.1
[1765934267956] [DEBUG] [ID:16] Client 292 joined as PLAYER
[1765934268006] [SESSION] [ID:2] EXTRA:238_2
[1765934268006] [SESSION] [ID:22] ACTION:248_54_1;249_55_4;250_20_2;174_64_4;
[1765934268006] [SESSION] [ID:4] ACTION:258_74_2;259_49_1;260_28_3;261_41_2;
[1765934268006] [DEBUG] [ID:16] Client 293 joined as PLAYER
[1765934268006] [DEBUG] [ID:0] server: accepted connection from 127.0.0.1
[1765934268057] [SESSION] [ID:26] EXTRA:217_2
[1765934268057] [DEBUG] [ID:26] Phase result:
[1765934268057] [DEBUG] [ID:26] (214: 40)
[1765934268057] [INFO] [ID:0] client disconnected
[1765934268057] [DEBUG] [ID:26] (215: 0)
[1765934268057] [DEBUG] [ID:26] (216: 22)
[1765934268057] [DEBUG] [ID:26] (217: 26)
[1765934268057] [SESSION] [ID:26] PHASE_RESULT:214_40;215_0;216_22;217_26;
[1765934268057] [SESSION] [ID:30] ACTION:278_84_1;279_65_3;280_71_1;281_72_1;
[1765934268057] [DEBUG] [ID:16] Client 294 joined as PLAYER
[1765934268057] [DEBUG] [ID:16] Client 295 joined as PLAYER
[1765934268057] [SESSION] [ID:14] START:0_69_5;1_27_3;2_37_4;3_12_2;
[1765934268057] [DEBUG] [ID:0] server: accepted connection from 127.0.0.1
[1765934268057] [INFO] [ID:0] client disconnected
[1765934268057] [DEBUG] [ID:26] User left remain 3 nb player 4
[1765934268057] [INFO] [ID:0] client disconnected
[1765934268057] [DEBUG] [ID:26] User left remain 2 nb player 4
[1765934268057] [INFO] [ID:0] client disconnected
[1765934268057] [DEBUG] [ID:26] User left remain 1 nb player 4
[1765934268108] [INFO] [ID:0] client disconnected
[1765934268108] [SESSION] [ID:27] ACTION:218_1_3;219_2_4;220_15_1;221_13_3;
[1765934268108] [DEBUG] [ID:28] User left remain 0 nb player 3
[1765934268108] [INFO] [ID:0] Session unregistered 28
[1765934268108] [SESSION] [ID:3] ACTION:255_45_3;256_38_2;257_49_5;178_54_1;
[1765934268108] [SESSION] [ID:7] ACTION:266_40_2;267_61_2;268_63_5;269_95_1;
[1765934268108] [SESSION] [ID:25] EXTRA:273_0
[1765934268108] [DEBUG] [ID:24] Try to init: id: 24, cap: 4, is_vis: 0
[1765934268109] [DEBUG] [ID:0] server: accepted connection from 127.0.0.1
[1765934268109] [SESSION] [ID:27] EXTRA:218_0
[1765934268109] [DEBUG] [ID:27] Phase result:
[1765934268109] [DEBUG] [ID:27] (218: 37)
[1765934268109] [DEBUG] [ID:27] (219: 10)
[1765934268109] [DEBUG] [ID:27] (220: 4)
[1765934268109] [DEBUG] [ID:27] (221: 28)
[1765934268109] [SESSION] [ID:27] PHASE_RESULT:218_37;219_10;220_4;221_28;
[1765934268109] [DEBUG] [ID:24] Client 296 joined as PLAYER
[1765934268109] [INFO] [ID:0] client disconnected
[1765934268109] [INFO] [ID:0] client disconnected
[1765934268159] [SESSION] [ID:19] ACTION:222_3_2;223_29_1;224_22_3;225_2_1;
[1765934268159] [SESSION] [ID:3] EXTRA:256_0
[1765934268159] [SESSION] [ID:9] ACTION:274_41_1;275_87_1;276_90_4;277_43_1;
[1765934268159] [SESSION] [ID:11] ACTION:285_44_4;211_29_2;286_26_2;287_9_1;
[1765934268160] [DEBUG] [ID:24] Client 297 joined as PLAYER
[1765934268160] [DEBUG] [ID:0] server: accepted connection from 127.0.0.1
[1765934268160] [SESSION] [ID:19] EXTRA:225_1
[1765934268160] [DEBUG] [ID:19] Phase result:
[1765934268160] [DEBUG] [ID:19] (222: 32)
[1765934268160] [DEBUG] [ID:19] (223: 11)
[1765934268160] [DEBUG] [ID:19] (224: 19)
[1765934268160] [DEBUG] [ID:19] (225: 16)
[1765934268160] [SESSION] [ID:19] PHASE_RESULT:222_32;223_11;224_19;225_16;
[1765934268160] [INFO] [ID:0] client disconnected
[1765934268160] [INFO] [ID:0] client disconnected
[1765934268211] [SESSION] [ID:18] ACTION:230_58_1;231_13_4;232_5_1;233_29_1;
[1765934268211] [SESSION] [ID:29] EXTRA:236_0
[1765934268211] [SESSION] [ID:1] ACTION:163_15_1;241_22_5;242_63_1;243_79_1;
[1765934268211] [SESSION] [ID:5] ACTION:251_98_1;252_74_2;253_68_2;254_79_3;
[1765934268211] [SESSION] [ID:21] ACTION:244_44_3;245_65_4;246_36_2;247_15_3;
[1765934268211] [SESSION] [ID:20] ACTION:262_100_3;263_101_1;264_47_1;265_60_2;
[1765934268211] [DEBUG] [ID:24] Client 298 joined as PLAYER
[1765934268212] [DEBUG] [ID:0] server: accepted connection from 127.0.0.1
[1765934268262] [SESSION] [ID:6] ACTION:282_49_5;283_37_1;132_65_1;284_48_2;
[1765934268262] [DEBUG] [ID:24] Client 299 joined as PLAYER
[1765934268262] [SESSION] [ID:16] START:0_71_2;1_87_5;2_38_2;3_56_3;
[1765934268263] [DEBUG] [ID:0] server: accepted connection from 127.0.0.1
[1765934268313] [SESSION] [ID:22] ACTION:248_73_2;249_103_4;250_90_4;174_69_3;
[1765934268313] [SESSION] [ID:2] ACTION:238_36_1;239_33_2;240_58_1;162_45_2;
[1765934268313] [SESSION] [ID:4] ACTION:258_78_2;259_30_1;260_56_2;261_76_4;
[1765934268313] [DEBUG] [ID:28] Try to init: id: 28, cap: 4, is_vis: 0
[1765934268314] [DEBUG] [ID:0] server: accepted connection from 127.0.0.1
[1765934268314] [DEBUG] [ID:28] Client 300 joined as PLAYER
[1765934268364] [INFO] [ID:0] client disconnected
[1765934268364] [DEBUG] [ID:26] User left remain 0 nb player 4
[1765934268364] [INFO] [ID:0] Session unregistered 26
[1765934268365] [SESSION] [ID:30] ACTION:278_88_2;279_91_3;280_87_5;281_74_1;
[1765934268365] [SESSION] [ID:14] ACTION:288_39_2;289_38_2;290_15_1;291_29_5;
[1765934268365] [DEBUG] [ID:28] Client 226 joined as PLAYER
[1765934268365] [DEBUG] [ID:0] server: accepted connection from 127.0.0.1
[1765934268415] [DEBUG] [ID:27] User left remain 1 nb player 2
[1765934268415] [INFO] [ID:0] client disconnected
[1765934268415] [DEBUG] [ID:27] User left remain 0 nb player 2
[1765934268415] [INFO] [ID:0] Session unregistered 27
[1765934268416] [SESSION] [ID:7] ACTION:266_55_3;267_48_1;268_100_2;269_30_1;
[1765934268416] [SESSION] [ID:25] ACTION:270_72_1;271_36_5;272_31_5;273_97_5;
[1765934268416] [SESSION] [ID:24] START:0_91_2;1_73_3;2_80_1;3_33_4;
[1765934268416] [DEBUG] [ID:28] Client 301 joined as PLAYER
[1765934268416] [DEBUG] [ID:0] server: accepted connection from 127.0.0.1
[1765934268466] [INFO] [ID:0] client disconnected
[1765934268466] [INFO] [ID:0] client disconnected
[1765934268467] [SESSION] [ID:11] ACTION:285_38_3;211_50_2;286_33_1;287_30_3;
[1765934268467] [SESSION] [ID:3] ACTION:255_57_2;256_66_1;257_48_1;178_70_3;
[1765934268467] [SESSION] [ID:9] ACTION:274_46_5;275_93_3;276_97_4;277_50_1;
[1765934268467] [DEBUG] [ID:19] User left remain 0 nb player 1
[1765934268467] [DEBUG] [ID:28] Client 220 joined as PLAYER
[1765934268467] [INFO] [ID:0] Session unregistered 19
[1765934268467] [DEBUG] [ID:0] server: accepted connection from 127.0.0.1
[1765934268517] [SESSION] [ID:18] EXTRA:232_2
[1765934268517] [SESSION] [ID:29] ACTION:234_74_2;235_8_5;236_2_1;237_30_3;
[1765934268517] [DEBUG] [ID:18] Phase result:
[1765934268517] [DEBUG] [ID:18] (230: 4)
[1765934268517] [SESSION] [ID:1] EXTRA:163_1
[1765934268517] [DEBUG] [ID:18] (231: 14)
[1765934268517] [SESSION] [ID:21] ACTION:244_48_1;245_67_3;246_76_4;247_69_1;
[1765934268517] [SESSION] [ID:5] ACTION:251_71_1;252_75_3;253_81_1;254_82_1;
[1765934268517] [DEBUG] [ID:18] (232: 21)
[1765934268517] [DEBUG] [ID:18] (233: 45)
[1765934268517] [SESSION] [ID:18] PHASE_RESULT:230_4;231_14;232_21;233_45;
[1765934268517] [SESSION] [ID:20] ACTION:262_67_5;263_104_2;264_63_4;265_64_4;
[1765934268518] [DEBUG] [ID:19] Try to init: id: 19, cap: 4, is_vis: 0
[1765934268518] [DEBUG] [ID:0] server: accepted connection from 127.0.0.1
[1765934268518] [INFO] [ID:0] client disconnected
[1765934268518] [DEBUG] [ID:18] User left remain 3 nb player 4
[1765934268518] [INFO] [ID:0] client disconnected
[1765934268518] [DEBUG] [ID:18] User left remain 2 nb player 4
[1765934268518] [DEBUG] [ID:18] User left remain 1 nb player 4
[1765934268519] [DEBUG] [ID:19] Client 221 joined as PLAYER
[1765934268569] [SESSION] [ID:6] ACTION:282_92_5;283_54_2;132_68_2;284_39_1;
[1765934268569] [SESSION] [ID:16] ACTION:292_45_1;293_41_3;294_93_2;295_60_3;
[1765934268569] [DEBUG] [ID:19] Client 222 joined as PLAYER
[1765934268570] [DEBUG] [ID:0] server: accepted connection from 127.0.0.1
[1765934268620] [SESSION] [ID:22] ACTION:248_80_3;249_74_1;250_97_2;174_70_3;
[1765934268620] [SESSION] [ID:2] ACTION:238_55_2;239_47_3;240_67_4;162_54_1;
[1765934268620] [DEBUG] [ID:2] Phase result:
[1765934268620] [DEBUG] [ID:2] (238: 15)
[1765934268620] [DEBUG] [ID:2] (239: 19)
[1765934268620] [DEBUG] [ID:2] (240: 22)
[1765934268620] [DEBUG] [ID:2] (162: 17)
[1765934268620] [SESSION] [ID:4] ACTION:258_37_1;259_81_2;260_65_5;261_83_1;
[1765934268620] [SESSION] [ID:2] PHASE_RESULT:238_15;239_19;240_22;162_17;
[1765934268620] [DEBUG] [ID:19] Client 223 joined as PLAYER
[1765934268620] [DEBUG] [ID:0] server: accepted connection from 127.0.0.1
[1765934268620] [SESSION] [ID:28] START:0_43_2;1_33_2;2_71_2;3_58_2;
[1765934268620] [INFO] [ID:0] client disconnected
[1765934268620] [DEBUG] [ID:2] User left remain 3 nb player 4
[1765934268671] [SESSION] [ID:30] ACTION:278_92_1;279_98_1;280_78_1;281_82_3;
[1765934268671] [SESSION] [ID:14] ACTION:288_18_4;289_42_3;290_19_2;291_43_1;
[1765934268671] [DEBUG] [ID:19] Client 302 joined as PLAYER
[1765934268671] [DEBUG] [ID:0] server: accepted connection from 127.0.0.1
[1765934268722] [DEBUG] [ID:2] User left remain 2 nb player 4
[1765934268722] [INFO] [ID:0] client disconnected
[1765934268722] [DEBUG] [ID:2] User left remain 1 nb player 4
[1765934268722] [SESSION] [ID:7] ACTION:266_78_4;267_68_2;268_84_5;269_104_1;
[1765934268722] [SESSION] [ID:25] ACTION:270_46_2;271_3_1;272_32_1;273_60_1;
[1765934268722] [DEBUG] [ID:26] Try to init: id: 26, cap: 4, is_vis: 0
[1765934268722] [SESSION] [ID:24] ACTION:296_35_1;297_77_1;298_82_3;299_36_5;
[1765934268722] [DEBUG] [ID:0] server: accepted connection from 127.0.0.1
[1765934268722] [SESSION] [ID:25] EXTRA:271_2
[1765934268723] [DEBUG] [ID:26] Client 303 joined as PLAYER
[1765934268773] [SESSION] [ID:3] ACTION:255_61_4;256_68_1;257_51_1;178_74_2;
[1765934268773] [SESSION] [ID:9] ACTION:274_68_2;275_56_3;276_98_2;277_103_3;
[1765934268773] [SESSION] [ID:11] ACTION:285_43_1;211_52_2;286_11_5;287_54_2;
[1765934268773] [DEBUG] [ID:26] Client 304 joined as PLAYER
[1765934268774] [DEBUG] [ID:0] server: accepted connection from 127.0.0.1
[1765934268824] [INFO] [ID:0] client disconnected
[1765934268824] [DEBUG] [ID:18] User left remain 0 nb player 4
[1765934268824] [SESSION] [ID:29] EXTRA:236_3
[1765934268824] [DEBUG] [ID:29] Phase result:
[1765934268824] [INFO] [ID:0] Session unregistered 18
[1765934268824] [DEBUG] [ID:29] (234: 21)
[1765934268824] [SESSION] [ID:1] ACTION:163_40_4;241_10_2;242_7_5;243_81_1;
[1765934268824] [SESSION] [ID:21] ACTION:244_2_4;245_86_3;246_64_2;247_78_1;
[1765934268824] [DEBUG] [ID:29] (235: 8)
[1765934268824] [DEBUG] [ID:29] (236: 9)
[1765934268824] [DEBUG] [ID:29] (237: 29)
[1765934268824] [SESSION] [ID:5] ACTION:251_66_2;252_78_3;253_7_1;254_92_2;
[1765934268824] [SESSION] [ID:29] PHASE_RESULT:234_21;235_8;236_9;237_29;
[1765934268824] [SESSION] [ID:20] ACTION:262_52_1;263_49_1;264_13_1;265_39_4;
[1765934268825] [DEBUG] [ID:26] Client 305 joined as PLAYER
[1765934268825] [SESSION] [ID:19] START:0_12_4;1_54_5;2_98_1;3_7_1;
[1765934268825] [DEBUG] [ID:0] server: accepted connection from 127.0.0.1
[1765934268825] [INFO] [ID:0] client disconnected
[1765934268825] [DEBUG] [ID:29] User left remain 3 nb player 4
[1765934268825] [INFO] [ID:0] client disconnected
[1765934268825] [DEBUG] [ID:29] User left remain 2 nb player 4
[1765934268825] [INFO] [ID:0] client disconnected
[1765934268825] [DEBUG] [ID:29] User left remain 1 nb player 4
[1765934268825] [SESSION] [ID:1] EXTRA:242_0
[1765934268875] [SESSION] [ID:6] ACTION:282_93_2;283_71_2;132_95_1;284_99_1;
[1765934268875] [SESSION] [ID:16] ACTION:292_47_2;293_64_1;294_95_3;295_48_5;
[1765934268876] [DEBUG] [ID:26] Client 306 joined as PLAYER
[1765934268876] [DEBUG] [ID:0] server: accepted connection from 127.0.0.1
[1765934268927] [INFO] [ID:0] client disconnected
[1765934268927] [DEBUG] [ID:2] User left remain 0 nb player 4
[1765934268927] [SESSION] [ID:22] ACTION:248_3_2;249_75_2;250_27_1;174_81_1;
[1765934268927] [SESSION] [ID:4] ACTION:258_42_4;259_77_2;260_95_4;261_43_2;
[1765934268927] [SESSION] [ID:5] EXTRA:253_1
[1765934268927] [SESSION] [ID:20] EXTRA:264_1
[1765934268927] [DEBUG] [ID:18] Try to init: id: 18, cap: 4, is_vis: 0
[1765934268927] [SESSION] [ID:28] ACTION:300_81_1;226_80_1;301_37_1;220_47_3;
[1765934268927] [INFO] [ID:0] Session unregistered 2
[1765934268927] [DEBUG] [ID:0] server: accepted connection from 127.0.0.1
[1765934268928] [DEBUG] [ID:18] Client 307 joined as PLAYER
[1765934268978] [SESSION] [ID:30] ACTION:278_94_1;279_101_1;280_99_2;281_100_1;
[1765934268978] [SESSION] [ID:14] ACTION:288_50_5;289_71_2;290_30_3;291_33_1;
[1765934268978] [DEBUG] [ID:18] Client 308 joined as PLAYER
[1765934268978] [DEBUG] [ID:0] server: accepted connection from 127.0.0.1
[1765934269029] [SESSION] [ID:21] EXTRA:244_0
[1765934269029] [DEBUG] [ID:21] Phase result:
[1765934269029] [DEBUG] [ID:21] (244: 47)
[1765934269029] [DEBUG] [ID:21] (245: 15)
[1765934269029] [DEBUG] [ID:21] (246: 5)
[1765934269029] [DEBUG] [ID:21] (247: 15)
[1765934269029] [SESSION] [ID:21] PHASE_RESULT:244_47;245_15;246_5;247_15;
[1765934269029] [SESSION] [ID:7] ACTION:266_83_5;267_54_2;268_87_4;269_71_5;
[1765934269029] [SESSION] [ID:25] ACTION:270_9_1;271_10_3;272_80_2;273_99_1;
[1765934269029] [SESSION] [ID:24] ACTION:296_86_1;297_84_3;298_44_2;299_78_2;
[1765934269029] [DEBUG] [ID:18] Client 309 joined as PLAYER
[1765934269029] [SESSION] [ID:26] START:0_65_2;1_88_2;2_16_2;3_91_2;
[1765934269029] [DEBUG] [ID:0] server: accepted connection from 127.0.0.1
[1765934269029] [INFO] [ID:0] client disconnected
[1765934269029] [DEBUG] [ID:21] User left remain 3 nb player 4
[1765934269030] [INFO] [ID:0] client disconnected
[1765934269030] [DEBUG] [ID:21] User left remain 2 nb player 4
[1765934269080] [SESSION] [ID:3] ACTION:255_1_5;256_69_1;257_2_2;178_5_1;
[1765934269080] [SESSION] [ID:9] ACTION:274_49_1;275_100_3;276_104_1;277_52_1;
[1765934269080] [SESSION] [ID:11] ACTION:285_58_2;211_17_1;286_49_2;287_15_1;
[1765934269081] [DEBUG] [ID:18] Client 310 joined as PLAYER
[1765934269081] [DEBUG] [ID:0] server: accepted connection from 127.0.0.1
[1765934269131] [INFO] [ID:0] client disconnected
[1765934269131] [SESSION] [ID:1] ACTION:163_9_2;241_28_3;242_23_4;243_26_1;
[1765934269131] [DEBUG] [ID:21] User left remain 1 nb player 4
[1765934269132] [SESSION] [ID:19] ACTION:221_13_1;222_55_2;223_103_3;302_9_4;
[1765934269132] [DEBUG] [ID:2] Try to init: id: 2, cap: 4, is_vis: 0
[1765934269132] [DEBUG] [ID:0] server: accepted connection from 127.0.0.1
[1765934269132] [DEBUG] [ID:2] Client 311 joined as PLAYER
[1765934269183] [SESSION] [ID:6] ACTION:282_97_4;283_72_2;132_73_3;284_75_2;
[1765934269183] [SESSION] [ID:16] ACTION:292_37_1;293_65_4;294_68_3;295_75_5;
[1765934269183] [DEBUG] [ID:2] Client 312 joined as PLAYER
[1765934269183] [DEBUG] [ID:0] server: accepted connection from 127.0.0.1
[1765934269233] [SESSION] [ID:22] EXTRA:248_0
[1765934269233] [DEBUG] [ID:22] Phase result:
[1765934269233] [DEBUG] [ID:22] (248: 30)
[1765934269233] [SESSION] [ID:5] ACTION:251_85_5;252_1_1;253_10_4;254_94_5;
[1765934269233] [DEBUG] [ID:22] (249: 33)
[1765934269233] [DEBUG] [ID:22] (250: 0)
[1765934269233] [DEBUG] [ID:22] (174: 17)
[1765934269233] [SESSION] [ID:22] PHASE_RESULT:248_30;249_33;250_0;174_17;
[1765934269233] [SESSION] [ID:4] ACTION:258_89_1;259_22_1;260_97_3;261_84_2;
[1765934269233] [SESSION] [ID:20] ACTION:262_37_3;263_65_3;264_55_2;265_7_3;
[1765934269234] [SESSION] [ID:28] ACTION:300_84_1;226_90_1;301_54_1;220_51_4;
[1765934269234] [DEBUG] [ID:2] Client 313 joined as PLAYER
[1765934269234] [SESSION] [ID:18] START:0_67_2;1_103_1;2_7_2;3_2_2;
[1765934269234] [DEBUG] [ID:0] server: accepted connection from 127.0.0.1
[1765934269234] [INFO] [ID:0] client disconnected
[1765934269234] [DEBUG] [ID:22] User left remain 3 nb player 4
[1765934269234] [INFO] [ID:0] client disconnected
[1765934269234] [DEBUG] [ID:22] User left remain 2 nb player 4
[1765934269234] [DEBUG] [ID:22] User left remain 1 nb player 4
[1765934269234] [SESSION] [ID:5] EXTRA:252_3
[1765934269234] [DEBUG] [ID:5] Phase result:
[1765934269234] [DEBUG] [ID:5] (251: 14)
[1765934269234] [DEBUG] [ID:5] (252: 19)
[1765934269234] [DEBUG] [ID:5] (253: 33)
[1765934269234] [DEBUG] [ID:5] (254: 8)
[1765934269234] [SESSION] [ID:5] PHASE_RESULT:251_14;252_19;253_33;254_8;
[1765934269285] [DEBUG] [ID:5] User left remain 3 nb player 4
[1765934269285] [SESSION] [ID:4] EXTRA:259_0
[1765934269285] [SESSION] [ID:20] EXTRA:265_3
[1765934269285] [SESSION] [ID:30] ACTION:278_97_1;279_104_5;280_102_3;281_8_2;
[1765934269285] [SESSION] [ID:14] ACTION:288_51_3;289_76_2;290_75_2;291_74_1;
[1765934269285] [DEBUG] [ID:2] Client 314 joined as PLAYER
[1765934269285] [DEBUG] [ID:0] server: accepted connection from 127.0.0.1
[1765934269336] [DEBUG] [ID:21] User left remain 0 nb player 4
[1765934269336] [SESSION] [ID:3] EXTRA:255_0
[1765934269336] [INFO] [ID:0] Session unregistered 21
[1765934269336] [SESSION] [ID:7] ACTION:266_10_3;267_77_2;268_89_4;269_37_5;
[1765934269336] [SESSION] [ID:25] ACTION:270_101_1;271_84_3;272_12_1;273_100_1;
[1765934269336] [SESSION] [ID:24] ACTION:296_81_4;297_95_1;298_57_5;299_89_5;
[1765934269336] [SESSION] [ID:26] ACTION:303_69_1;304_89_3;305_90_1;306_20_2;
[1765934269336] [DEBUG] [ID:21] Try to init: id: 21, cap: 4, is_vis: 0
[1765934269337] [DEBUG] [ID:0] server: accepted connection from 127.0.0.1
[1765934269337] [DEBUG] [ID:0] server: accepted connection from 127.0.0.1
[1765934269337] [DEBUG] [ID:21] Client 315 joined as PLAYER
[1765934269387] [SESSION] [ID:11] ACTION:285_66_1;211_86_3;286_69_1;287_81_4;
[1765934269387] [SESSION] [ID:9] ACTION:274_51_3;275_11_1;276_60_5;277_54_2;
[1765934269387] [DEBUG] [ID:21] Client 316 joined as PLAYER
[1765934269388] [DEBUG] [ID:0] server: accepted connection from 127.0.0.1
[1765934269438] [SESSION] [ID:1] EXTRA:163_2
[1765934269438] [DEBUG] [ID:1] Phase result:
[1765934269438] [DEBUG] [ID:1] (163: 33)
[1765934269438] [DEBUG] [ID:1] (241: 31)
[1765934269438] [DEBUG] [ID:1] (242: 3)
[1765934269438] [INFO] [ID:0] client disconnected
[1765934269438] [DEBUG] [ID:1] (243: 11)
[1765934269438] [SESSION] [ID:1] PHASE_RESULT:163_33;241_31;242_3;243_11;
[1765934269438] [SESSION] [ID:9] EXTRA:275_3
[1765934269438] [SESSION] [ID:30] EXTRA:281_2
[1765934269438] [SESSION] [ID:19] ACTION:221_30_1;222_23_2;223_17_3;302_19_3;
[1765934269439] [DEBUG] [ID:21] Client 317 joined as PLAYER
[1765934269439] [DEBUG] [ID:0] server: accepted connection from 127.0.0.1
[1765934269439] [SESSION] [ID:2] START:0_101_3;1_23_3;2_91_2;3_53_4;
[1765934269439] [INFO] [ID:0] client disconnected
[1765934269439] [DEBUG] [ID:1] User left remain 3 nb player 4
[1765934269439] [INFO] [ID:0] client disconnected
[1765934269439] [DEBUG] [ID:1] User left remain 2 nb player 4
[1765934269439] [INFO] [ID:0] client disconnected
[1765934269439] [DEBUG] [ID:1] User left remain 1 nb player 4
[1765934269490] [SESSION] [ID:6] ACTION:282_104_5;283_57_1;132_89_2;284_26_3;
[1765934269490] [SESSION] [ID:16] EXTRA:292_0
[1765934269490] [DEBUG] [ID:21] Client 318 joined as PLAYER
[1765934269490] [DEBUG] [ID:0] server: accepted connection from 127.0.0.1
[1765934269540] [DEBUG] [ID:22] User left remain 0 nb player 4
[1765934269540] [INFO] [ID:0] client disconnected
[1765934269541] [DEBUG] [ID:5] User left remain 1 nb player 3
[1765934269541] [DEBUG] [ID:5] User left remain 0 nb player 3
[1765934269541] [INFO] [ID:0] Session unregistered 22
[1765934269541] [INFO] [ID:0] Session unregistered 5
[1765934269541] [SESSION] [ID:28] ACTION:300_69_3;226_68_5;301_66_2;220_44_1;
[1765934269541] [DEBUG] [ID:5] Try to init: id: 5, cap: 4, is_vis: 0
[1765934269541] [SESSION] [ID:18] ACTION:307_70_4;308_4_1;309_73_1;310_72_1;
[1765934269541] [DEBUG] [ID:0] server: accepted connection from 127.0.0.1
[1765934269542] [DEBUG] [ID:5] Client 319 joined as PLAYER
[1765934269592] [SESSION] [ID:20] ACTION:262_43_2;263_42_5;264_30_2;265_31_4;
[1765934269592] [SESSION] [ID:4] ACTION:258_6_1;259_9_3;260_27_1;261_85_1;
[1765934269592] [SESSION] [ID:14] ACTION:288_61_4;289_56_1;290_52_2;291_67_1;
[1765934269592] [DEBUG] [ID:5] Client 320 joined as PLAYER
[1765934269592] [DEBUG] [ID:0] server: accepted connection from 127.0.0.1
[1765934269643] [SESSION] [ID:3] ACTION:255_63_1;256_9_3;257_65_3;178_41_1;
[1765934269643] [SESSION] [ID:7] EXTRA:266_0
[1765934269643] [SESSION] [ID:25] ACTION:270_14_3;271_40_3;272_86_4;273_96_2;
[1765934269643] [SESSION] [ID:6] EXTRA:284_0
[1765934269643] [SESSION] [ID:24] ACTION:296_104_5;297_60_3;298_58_2;299_62_1;
[1765934269643] [SESSION] [ID:26] ACTION:303_25_1;304_101_3;305_26_1;306_21_4;
[1765934269644] [DEBUG] [ID:5] Client 321 joined as PLAYER
[1765934269644] [SESSION] [ID:21] START:0_51_3;1_75_3;2_40_3;3_25_1;
[1765934269644] [DEBUG] [ID:0] server: accepted connection from 127.0.0.1
[1765934269694] [SESSION] [ID:3] EXTRA:256_1
[1765934269694] [DEBUG] [ID:3] Phase result:
[1765934269694] [DEBUG] [ID:3] (255: 1)
[1765934269694] [DEBUG] [ID:3] (256: 26)
[1765934269694] [DEBUG] [ID:3] (257: 18)
[1765934269694] [DEBUG] [ID:3] (178: 19)
[1765934269694] [SESSION] [ID:11] ACTION:285_70_2;211_2_4;286_74_4;287_97_2;
[1765934269694] [SESSION] [ID:3] PHASE_RESULT:255_1;256_26;257_18;178_19;
[1765934269695] [DEBUG] [ID:5] Client 322 joined as PLAYER
[1765934269695] [DEBUG] [ID:0] server: accepted connection from 127.0.0.1
[1765934269695] [INFO] [ID:0] client disconnected
[1765934269745] [DEBUG] [ID:1] User left remain 0 nb player 4
[1765934269745] [SESSION] [ID:9] ACTION:274_13_3;275_39_1;276_61_1;277_6_1;
[1765934269745] [SESSION] [ID:30] ACTION:278_10_2;279_22_3;280_18_3;281_25_1;
[1765934269745] [SESSION] [ID:11] EXTRA:211_1
[1765934269745] [INFO] [ID:0] Session unregistered 1
[1765934269746] [SESSION] [ID:19] ACTION:221_31_2;222_42_4;223_60_5;302_38_2;
[1765934269746] [SESSION] [ID:2] ACTION:311_55_2;312_59_1;313_32_1;314_93_2;
[1765934269746] [DEBUG] [ID:1] Try to init: id: 1, cap: 4, is_vis: 0
[1765934269746] [DEBUG] [ID:0] server: accepted connection from 127.0.0.1
[1765934269747] [DEBUG] [ID:1] Client 251 joined as PLAYER
[1765934269797] [SESSION] [ID:16] ACTION:292_18_5;293_99_1;294_82_3;295_81_2;
[1765934269797] [DEBUG] [ID:1] Client 323 joined as PLAYER
[1765934269797] [DEBUG] [ID:0] server: accepted connection from 127.0.0.1
[1765934269848] [SESSION] [ID:20] EXTRA:264_1
[1765934269848] [SESSION] [ID:9] EXTRA:277_2
[1765934269848] [SESSION] [ID:4] EXTRA:258_1
[1765934269848] [DEBUG] [ID:4] Phase result:
[1765934269848] [DEBUG] [ID:4] (258: 22)
[1765934269848] [DEBUG] [ID:4] (259: 4)
[1765934269848] [SESSION] [ID:28] ACTION:300_101_1;226_93_2;301_67_4;220_74_5;
[1765934269848] [SESSION] [ID:18] ACTION:307_13_1;308_9_3;309_15_3;310_20_2;
[1765934269848] [DEBUG] [ID:4] (260: 32)
[1765934269848] [DEBUG] [ID:4] (261: 9)
[1765934269848] [SESSION] [ID:4] PHASE_RESULT:258_22;259_4;260_32;261_9;
[1765934269848] [DEBUG] [ID:1] Client 324 joined as PLAYER
[1765934269848] [SESSION] [ID:5] START:0_92_2;1_58_1;2_16_1;3_42_1;
[1765934269848] [DEBUG] [ID:0] server: accepted connection from 127.0.0.1
[1765934269849] [INFO] [ID:0] client disconnected
[1765934269849] [DEBUG] [ID:4] User left remain 3 nb player 4
[1765934269849] [INFO] [ID:0] client disconnected
[1765934269849] [DEBUG] [ID:4] User left remain 2 nb player 4
[1765934269899] [INFO] [ID:0] client disconnected
[1765934269899] [SESSION] [ID:14] ACTION:288_97_3;289_70_2;290_72_2;291_16_4;
[1765934269899] [DEBUG] [ID:1] Client 325 joined as PLAYER
[1765934269899] [DEBUG] [ID:0] server: accepted connection from 127.0.0.1
[1765934269950] [INFO] [ID:0] client disconnected
[1765934269950] [DEBUG] [ID:3] User left remain 1 nb player 2
[1765934269950] [SESSION] [ID:7] ACTION:266_9_1;267_81_1;268_2_1;269_1_3;
[1765934269950] [SESSION] [ID:25] ACTION:270_55_1;271_51_3;272_89_5;273_53_3;
[1765934269950] [SESSION] [ID:24] ACTION:296_47_3;297_67_4;298_69_2;299_63_4;
[1765934269950] [SESSION] [ID:6] ACTION:282_20_5;283_4_2;132_90_2;284_103_1;
[1765934269950] [SESSION] [ID:26] ACTION:303_83_1;304_102_5;305_98_5;306_75_2;
[1765934269950] [DEBUG] [ID:22] Try to init: id: 22, cap: 4, is_vis: 0
[1765934269950] [SESSION] [ID:21] ACTION:315_27_1;316_57_1;317_41_5;318_52_1;
[1765934269951] [DEBUG] [ID:0] server: accepted connection from 127.0.0.1
[1765934269951] [DEBUG] [ID:22] Client 326 joined as PLAYER
[1765934269951] [SESSION] [ID:7] EXTRA:269_3
[1765934269951] [SESSION] [ID:6] EXTRA:283_0
[1765934270002] [DEBUG] [ID:3] User left remain 0 nb player 2
[1765934270002] [INFO] [ID:0] Session unregistered 3
[1765934270002] [DEBUG] [ID:22] Client 327 joined as PLAYER
[1765934270002] [DEBUG] [ID:0] server: accepted connection from 127.0.0.1
[1765934270052] [SESSION] [ID:30] ACTION:278_16_4;279_4_5;280_38_4;281_34_5;
[1765934270052] [SESSION] [ID:11] ACTION:285_79_1;211_3_3;286_39_1;287_21_1;
[1765934270052] [SESSION] [ID:14] EXTRA:291_0
[1765934270052] [SESSION] [ID:19] ACTION:221_74_2;222_88_2;223_26_3;302_43_2;
[1765934270052] [SESSION] [ID:2] ACTION:311_61_2;312_34_1;313_39_5;314_65_2;
[1765934270053] [DEBUG] [ID:22] Client 257 joined as PLAYER
[1765934270053] [SESSION] [ID:1] START:0_91_2;1_49_2;2_90_1;3_7_5;
[1765934270053] [DEBUG] [ID:0] server: accepted connection from 127.0.0.1
[1765934270053] [SESSION] [ID:30] EXTRA:279_2
[1765934270104] [DEBUG] [ID:22] Client 328 joined as PLAYER
[1765934270104] [DEBUG] [ID:0] server: accepted connection from 127.0.0.1
[1765934270104] [SESSION] [ID:16] EXTRA:292_0
[1765934270155] [DEBUG] [ID:3] Try to init: id: 3, cap: 4, is_vis: 0
[1765934270155] [DEBUG] [ID:4] User left remain 0 nb player 3
[1765934270155] [SESSION] [ID:28] ACTION:300_82_4;226_104_2;301_92_1;220_14_2;
[1765934270155] [SESSION] [ID:20] ACTION:262_11_1;263_5_3;264_8_2;265_9_2;
[1765934270155] [SESSION] [ID:9] ACTION:274_2_1;275_14_5;276_62_1;277_9_4;
[1765934270155] [SESSION] [ID:18] ACTION:307_18_3;308_32_2;309_16_3;310_102_1;
[1765934270155] [SESSION] [ID:5] ACTION:319_45_1;320_20_5;321_94_2;322_93_1;
[1765934270155] [DEBUG] [ID:0] server: accepted connection from 127.0.0.1
[1765934270155] [INFO] [ID:0] Session unregistered 4
[1765934270156] [DEBUG] [ID:3] Client 329 joined as PLAYER
[1765934270156] [SESSION] [ID:20] EXTRA:263_0
[1765934270156] [DEBUG] [ID:20] Phase result:
[1765934270156] [DEBUG] [ID:20] (262: 0)
[1765934270156] [DEBUG] [ID:20] (263: 27)
[1765934270156] [DEBUG] [ID:20] (264: 6)
[1765934270156] [DEBUG] [ID:20] (265: 29)
[1765934270156] [SESSION] [ID:20] PHASE_RESULT:262_0;263_27;264_6;265_29;
[1765934270156] [DEBUG] [ID:20] User left remain 3 nb player 4
[1765934270206] [INFO] [ID:0] client disconnected
[1765934270207] [DEBUG] [ID:3] Client 259 joined as PLAYER
[1765934270207] [DEBUG] [ID:0] server: accepted connection from 127.0.0.1
[1765934270257] [SESSION] [ID:7] ACTION:266_4_1;267_8_1;268_12_2;269_13_1;
[1765934270257] [SESSION] [ID:25] ACTION:270_17_2;271_59_1;272_28_1;273_5_1;
[1765934270257] [SESSION] [ID:24] EXTRA:296_2
[1765934270257] [SESSION] [ID:6] ACTION:282_14_1;283_34_4;132_9_4;284_52_2;
[1765934270257] [SESSION] [ID:26] ACTION:303_87_5;304_104_1;305_84_4;306_100_1;
[1765934270258] [SESSION] [ID:21] ACTION:315_30_2;316_58_2;317_28_2;318_80_1;
[1765934270258] [DEBUG] [ID:3] Client 330 joined as PLAYER
[1765934270258] [DEBUG] [ID:3] Client 331 joined as PLAYER
[1765934270258] [SESSION] [ID:22] START:0_62_2;1_6_1;2_50_2;3_21_4;
[1765934270258] [DEBUG] [ID:0] server: accepted connection from 127.0.0.1
[1765934270258] [SESSION] [ID:6] EXTRA:132_3
[1765934270309] [SESSION] [ID:9] EXTRA:274_2
[1765934270309] [SESSION] [ID:28] EXTRA:220_2
[1765934270310] [DEBUG] [ID:4] Try to init: id: 4, cap: 4, is_vis: 0
[1765934270310] [DEBUG] [ID:0] server: accepted connection from 127.0.0.1
[1765934270310] [DEBUG] [ID:4] Client 332 joined as PLAYER
[1765934270361] [SESSION] [ID:30] ACTION:278_47_4;279_46_1;280_44_2;281_35_2;
[1765934270361] [SESSION] [ID:2] ACTION:311_96_3;312_46_3;313_6_4;314_100_3;
[1765934270361] [SESSION] [ID:1] ACTION:251_95_1;323_11_1;324_53_5;325_56_1;
[1765934270361] [SESSION] [ID:11] ACTION:285_82_3;211_4_4;286_80_1;287_32_2;
[1765934270361] [SESSION] [ID:19] ACTION:221_76_1;222_45_5;223_27_1;302_20_1;
[1765934270361] [SESSION] [ID:14] ACTION:288_22_4;289_58_1;290_21_5;291_17_5;
[1765934270361] [DEBUG] [ID:4] Client 333 joined as PLAYER
[1765934270361] [DEBUG] [ID:0] server: accepted connection from 127.0.0.1
[1765934270412] [SESSION] [ID:16] ACTION:292_30_3;293_19_4;294_84_1;295_22_1;
[1765934270412] [DEBUG] [ID:4] Client 334 joined as PLAYER
[1765934270412] [DEBUG] [ID:0] server: accepted connection from 127.0.0.1
[1765934270463] [INFO] [ID:0] client disconnected
[1765934270463] [DEBUG] [ID:20] User left remain 1 nb player 3
[1765934270463] [INFO] [ID:0] client disconnected
[1765934270463] [DEBUG] [ID:20] User left remain 0 nb player 3
[1765934270463] [SESSION] [ID:18] ACTION:307_50_4;308_34_4;309_33_2;310_91_4;
[1765934270463] [SESSION] [ID:2] EXTRA:313_0
[1765934270463] [SESSION] [ID:5] ACTION:319_23_4;320_98_4;321_47_2;322_60_1;
[1765934270463] [DEBUG] [ID:4] Client 335 joined as PLAYER
[1765934270463] [DEBUG] [ID:0] server: accepted connection from 127.0.0.1
[1765934270463] [SESSION] [ID:3] START:0_58_3;1_69_5;2_57_2;3_68_1;
[1765934270463] [INFO] [ID:0] Session unregistered 20
[1765934270514] [DEBUG] [ID:20] Try to init: id: 20, cap: 4, is_vis: 0
[1765934270514] [SESSION] [ID:19] EXTRA:302_0
[1765934270514] [DEBUG] [ID:0] server: accepted connection from 127.0.0.1
[1765934270515] [DEBUG] [ID:20] Client 336 joined as PLAYER
[1765934270566] [SESSION] [ID:7] EXTRA:266_3
[1765934270566] [DEBUG] [ID:7] Phase result:
[1765934270566] [DEBUG] [ID:7] (266: 26)
[1765934270566] [DEBUG] [ID:7] (267: 21)
[1765934270566] [DEBUG] [ID:7] (268: 15)
[1765934270566] [DEBUG] [ID:7] (269: 2)
[1765934270566] [SESSION] [ID:25] EXTRA:273_3
[1765934270566] [SESSION] [ID:7] PHASE_RESULT:266_26;267_21;268_15;269_2;
[1765934270566] [DEBUG] [ID:25] Phase result:
[1765934270566] [DEBUG] [ID:25] (270: 0)
[1765934270566] [SESSION] [ID:6] ACTION:282_7_3;283_59_1;132_94_2;284_19_1;
[1765934270566] [DEBUG] [ID:25] (271: 28)
[1765934270566] [DEBUG] [ID:25] (272: 13)
[1765934270566] [SESSION] [ID:26] ACTION:303_54_1;304_46_1;305_34_2;306_55_4;
[1765934270566] [SESSION] [ID:24] ACTION:296_25_2;297_50_3;298_61_2;299_9_3;
[1765934270566] [DEBUG] [ID:25] (273: 36)
[1765934270566] [SESSION] [ID:21] ACTION:315_85_3;316_83_3;317_99_5;318_47_4;
[1765934270566] [SESSION] [ID:25] PHASE_RESULT:270_0;271_28;272_13;273_36;
[1765934270566] [SESSION] [ID:22] ACTION:326_10_1;327_51_2;257_9_1;328_53_4;
[1765934270566] [DEBUG] [ID:20] Client 337 joined as PLAYER
[1765934270566] [DEBUG] [ID:0] server: accepted connection from 127.0.0.1
[1765934270567] [INFO] [ID:0] client disconnected
[1765934270567] [DEBUG] [ID:7] User left remain 3 nb player 4
[1765934270567] [INFO] [ID:0] client disconnected
[1765934270567] [DEBUG] [ID:7] User left remain 2 nb player 4
[1765934270567] [INFO] [ID:0] client disconnected
[1765934270567] [DEBUG] [ID:7] User left remain 1 nb player 4
[1765934270567] [INFO] [ID:0] client disconnected
[1765934270567] [INFO] [ID:0] client disconnected
[1765934270567] [DEBUG] [ID:25] User left remain 3 nb player 4
[1765934270567] [DEBUG] [ID:25] User left remain 2 nb player 4
[1765934270567] [DEBUG] [ID:25] User left remain 1 nb player 4
[1765934270567] [SESSION] [ID:24] EXTRA:299_3
[1765934270618] [SESSION] [ID:9] ACTION:274_8_3;275_38_2;276_99_2;277_10_2;
[1765934270618] [SESSION] [ID:28] ACTION:300_26_1;226_27_1;301_16_2;220_20_4;
[1765934270618] [DEBUG] [ID:20] Client 338 joined as PLAYER
[1765934270618] [SESSION] [ID:4] START:0_101_2;1_27_4;2_32_1;3_76_2;
[1765934270618] [DEBUG] [ID:0] server: accepted connection from 127.0.0.1
[1765934270669] [SESSION] [ID:30] EXTRA:281_0
[1765934270669] [SESSION] [ID:11] ACTION:285_83_4;211_18_1;286_84_5;287_36_1;
[1765934270669] [SESSION] [ID:14] ACTION:288_25_1;289_86_3;290_2_3;291_77_2;
[1765934270669] [SESSION] [ID:1] ACTION:251_98_1;323_96_4;324_58_3;325_15_4;
[1765934270669] [DEBUG] [ID:20] Client 339 joined as PLAYER
[1765934270669] [DEBUG] [ID:0] server: accepted connection from 127.0.0.1
[1765934270670] [SESSION] [ID:14] EXTRA:290_3
[1765934270720] [SESSION] [ID:6] EXTRA:282_3
[1765934270720] [SESSION] [ID:16] ACTION:292_34_1;293_31_1;294_33_3;295_32_2;
[1765934270720] [DEBUG] [ID:27] Try to init: id: 27, cap: 4, is_vis: 0
[1765934270721] [DEBUG] [ID:0] server: accepted connection from 127.0.0.1
[1765934270721] [DEBUG] [ID:27] Client 340 joined as PLAYER
[1765934270771] [SESSION] [ID:2] ACTION:311_16_2;312_3_2;313_10_1;314_29_5;
[1765934270771] [SESSION] [ID:18] ACTION:307_26_2;308_42_2;309_53_2;310_88_4;
[1765934270771] [SESSION] [ID:5] ACTION:319_50_1;320_68_2;321_27_2;322_64_1;
[1765934270771] [SESSION] [ID:3] ACTION:329_64_2;259_71_3;330_67_3;331_61_1;
[1765934270771] [DEBUG] [ID:27] Client 341 joined as PLAYER
[1765934270772] [DEBUG] [ID:0] server: accepted connection from 127.0.0.1
[1765934270772] [SESSION] [ID:2] EXTRA:312_0
[1765934270822] [SESSION] [ID:19] ACTION:221_79_4;222_2_1;223_78_3;302_77_1;
[1765934270823] [DEBUG] [ID:27] Client 342 joined as PLAYER
[1765934270823] [SESSION] [ID:20] START:0_19_5;1_37_3;2_69_2;3_100_1;
[1765934270823] [DEBUG] [ID:0] server: accepted connection from 127.0.0.1
[1765934270823] [SESSION] [ID:19] EXTRA:222_0
[1765934270873] [DEBUG] [ID:7] User left remain 0 nb player 4
[1765934270873] [INFO] [ID:0] client disconnected
[1765934270874] [DEBUG] [ID:25] User left remain 0 nb player 4
[1765934270874] [INFO] [ID:0] Session unregistered 7
[1765934270874] [INFO] [ID:0] Session unregistered 25
[1765934270874] [SESSION] [ID:24] ACTION:296_26_2;297_37_1;298_29_2;299_28_2;
[1765934270874] [SESSION] [ID:26] ACTION:303_58_3;304_57_4;305_56_2;306_66_1;
[1765934270874] [SESSION] [ID:21] ACTION:315_50_1;316_32_2;317_66_3;318_100_1;
[1765934270874] [SESSION] [ID:22] ACTION:326_56_2;327_22_3;257_65_3;328_12_4;
[1765934270874] [DEBUG] [ID:27] Client 343 joined as PLAYER
[1765934270874] [DEBUG] [ID:0] server: accepted connection from 127.0.0.1
[1765934270924] [SESSION] [ID:9] EXTRA:274_3
[1765934270924] [SESSION] [ID:28] ACTION:300_10_3;226_96_4;301_99_2;220_23_3;
[1765934270924] [DEBUG] [ID:9] Phase result:
[1765934270924] [DEBUG] [ID:9] (274: 12)
[1765934270925] [DEBUG] [ID:9] (275: 13)
[1765934270925] [DEBUG] [ID:9] (276: 28)
[1765934270925] [SESSION] [ID:4] ACTION:332_30_1;333_28_5;334_42_1;335_79_3;
[1765934270925] [DEBUG] [ID:9] (277: 20)
[1765934270925] [SESSION] [ID:9] PHASE_RESULT:274_12;275_13;276_28;277_20;
[1765934270925] [DEBUG] [ID:7] Try to init: id: 7, cap: 4, is_vis: 0
[1765934270925] [DEBUG] [ID:0] server: accepted connection from 127.0.0.1
[1765934270925] [INFO] [ID:0] client disconnected
[1765934270925] [DEBUG] [ID:9] User left remain 3 nb player 4
[1765934270925] [INFO] [ID:0] client disconnected
[1765934270925] [DEBUG] [ID:9] User left remain 2 nb player 4
[1765934270925] [DEBUG] [ID:9] User left remain 1 nb player 4
[1765934270925] [DEBUG] [ID:7] Client 344 joined as PLAYER
[1765934270975] [SESSION] [ID:30] ACTION:278_14_2;279_26_4;280_2_2;281_32_1;
[1765934270975] [SESSION] [ID:11] EXTRA:211_2
[1765934270976] [SESSION] [ID:14] ACTION:288_5_3;289_87_1;290_55_1;291_96_2;
[1765934270976] [SESSION] [ID:1] ACTION:251_16_1;323_92_1;324_19_5;325_99_4;
[1765934270976] [DEBUG] [ID:7] Client 345 joined as PLAYER
[1765934270976] [DEBUG] [ID:0] server: accepted connection from 127.0.0.1
[1765934270976] [SESSION] [ID:30] EXTRA:280_0
[1765934270976] [DEBUG] [ID:30] Phase result:
[1765934270976] [DEBUG] [ID:30] (278: 22)
[1765934270976] [DEBUG] [ID:30] (279: 51)
[1765934270976] [DEBUG] [ID:30] (280: 2)
[1765934270976] [DEBUG] [ID:30] (281: 6)
[1765934270976] [SESSION] [ID:30] PHASE_RESULT:278_22;279_51;280_2;281_6;
[1765934270976] [INFO] [ID:0] client disconnected
[1765934270977] [INFO] [ID:0] client disconnected
[1765934271027] [SESSION] [ID:6] ACTION:282_11_2;283_70_3;132_101_4;284_85_4;
[1765934271027] [SESSION] [ID:16] ACTION:292_7_1;293_57_4;294_46_4;295_58_2;
[1765934271027] [DEBUG] [ID:7] Client 346 joined as PLAYER
[1765934271027] [SESSION] [ID:27] START:0_41_2;1_13_2;2_65_4;3_99_2;
[1765934271027] [DEBUG] [ID:0] server: accepted connection from 127.0.0.1
[1765934271078] [SESSION] [ID:28] EXTRA:300_2
[1765934271078] [SESSION] [ID:18] ACTION:307_28_1;308_100_3;309_95_3;310_98_2;
[1765934271078] [SESSION] [ID:2] ACTION:311_89_1;312_90_2;313_52_2;314_43_1;
[1765934271078] [SESSION] [ID:5] ACTION:319_72_4;320_70_3;321_52_1;322_65_3;
[1765934271078] [SESSION] [ID:3] ACTION:329_77_4;259_79_5;330_41_1;331_76_2;
[1765934271078] [DEBUG] [ID:7] Client 347 joined as PLAYER
[1765934271078] [DEBUG] [ID:0] server: accepted connection from 127.0.0.1
[1765934271129] [SESSION] [ID:19] ACTION:221_6_3;222_50_5;223_28_3;302_4_5;
[1765934271129] [DEBUG] [ID:25] Try to init: id: 25, cap: 4, is_vis: 0
[1765934271129] [SESSION] [ID:20] ACTION:336_41_1;337_21_4;338_103_2;339_40_3;
[1765934271129] [DEBUG] [ID:0] server: accepted connection from 127.0.0.1
[1765934271129] [DEBUG] [ID:25] Client 348 joined as PLAYER
